Archive member included to satisfy reference by file (symbol)

/home/isa/intelFPGA_lite/18.1/nios2eds/bin/gnu/H-x86_64-pc-linux-gnu/bin/../lib/gcc/nios2-elf/5.3.0/mno-hw-mul/libgcc.a(lib2-mul.o)
                              obj/default/hello_world_small.o (__mulsi3)
/home/isa/intelFPGA_lite/18.1/nios2eds/bin/gnu/H-x86_64-pc-linux-gnu/bin/../lib/gcc/nios2-elf/5.3.0/../../../../../H-x86_64-pc-linux-gnu/nios2-elf/lib/mno-hw-mul/libsmallc.a(lib_a-puts.o)
                              obj/default/hello_world_small.o (puts)
/home/isa/intelFPGA_lite/18.1/nios2eds/bin/gnu/H-x86_64-pc-linux-gnu/bin/../lib/gcc/nios2-elf/5.3.0/../../../../../H-x86_64-pc-linux-gnu/nios2-elf/lib/mno-hw-mul/libsmallc.a(lib_a-strlen.o)
                              /home/isa/intelFPGA_lite/18.1/nios2eds/bin/gnu/H-x86_64-pc-linux-gnu/bin/../lib/gcc/nios2-elf/5.3.0/../../../../../H-x86_64-pc-linux-gnu/nios2-elf/lib/mno-hw-mul/libsmallc.a(lib_a-puts.o) (strlen)
/home/isa/intelFPGA_lite/18.1/nios2eds/bin/gnu/H-x86_64-pc-linux-gnu/bin/../lib/gcc/nios2-elf/5.3.0/../../../../../H-x86_64-pc-linux-gnu/nios2-elf/lib/mno-hw-mul/libsmallc.a(lib_a-fvwrite_small_dev.o)
                              /home/isa/intelFPGA_lite/18.1/nios2eds/bin/gnu/H-x86_64-pc-linux-gnu/bin/../lib/gcc/nios2-elf/5.3.0/../../../../../H-x86_64-pc-linux-gnu/nios2-elf/lib/mno-hw-mul/libsmallc.a(lib_a-puts.o) (__sfvwrite_small_dev)
/home/isa/intelFPGA_lite/18.1/nios2eds/bin/gnu/H-x86_64-pc-linux-gnu/bin/../lib/gcc/nios2-elf/5.3.0/../../../../../H-x86_64-pc-linux-gnu/nios2-elf/lib/mno-hw-mul/libsmallc.a(lib_a-impure.o)
                              /home/isa/intelFPGA_lite/18.1/nios2eds/bin/gnu/H-x86_64-pc-linux-gnu/bin/../lib/gcc/nios2-elf/5.3.0/../../../../../H-x86_64-pc-linux-gnu/nios2-elf/lib/mno-hw-mul/libsmallc.a(lib_a-puts.o) (_impure_ptr)
/home/isa/intelFPGA_lite/18.1/nios2eds/bin/gnu/H-x86_64-pc-linux-gnu/bin/../lib/gcc/nios2-elf/5.3.0/../../../../../H-x86_64-pc-linux-gnu/nios2-elf/lib/mno-hw-mul/libsmallc.a(lib_a-writer.o)
                              /home/isa/intelFPGA_lite/18.1/nios2eds/bin/gnu/H-x86_64-pc-linux-gnu/bin/../lib/gcc/nios2-elf/5.3.0/../../../../../H-x86_64-pc-linux-gnu/nios2-elf/lib/mno-hw-mul/libsmallc.a(lib_a-fvwrite_small_dev.o) (_write_r)
/home/isa/intelFPGA_lite/18.1/nios2eds/bin/gnu/H-x86_64-pc-linux-gnu/bin/../lib/gcc/nios2-elf/5.3.0/../../../../../H-x86_64-pc-linux-gnu/nios2-elf/lib/mno-hw-mul/libsmallc.a(lib_a-int_errno.o)
                              /home/isa/intelFPGA_lite/18.1/nios2eds/bin/gnu/H-x86_64-pc-linux-gnu/bin/../lib/gcc/nios2-elf/5.3.0/../../../../../H-x86_64-pc-linux-gnu/nios2-elf/lib/mno-hw-mul/libsmallc.a(lib_a-writer.o) (errno)
../audio2_bsp//libhal_bsp.a(alt_load.o)
                              ../audio2_bsp//obj/HAL/src/crt0.o (alt_load)
../audio2_bsp//libhal_bsp.a(alt_main.o)
                              ../audio2_bsp//obj/HAL/src/crt0.o (alt_main)
../audio2_bsp//libhal_bsp.a(alt_write.o)
                              /home/isa/intelFPGA_lite/18.1/nios2eds/bin/gnu/H-x86_64-pc-linux-gnu/bin/../lib/gcc/nios2-elf/5.3.0/../../../../../H-x86_64-pc-linux-gnu/nios2-elf/lib/mno-hw-mul/libsmallc.a(lib_a-writer.o) (write)
../audio2_bsp//libhal_bsp.a(alt_sys_init.o)
                              ../audio2_bsp//libhal_bsp.a(alt_main.o) (alt_irq_init)
../audio2_bsp//libhal_bsp.a(altera_avalon_jtag_uart_write.o)
                              ../audio2_bsp//libhal_bsp.a(alt_write.o) (altera_avalon_jtag_uart_write)
../audio2_bsp//libhal_bsp.a(alt_dcache_flush_all.o)
                              ../audio2_bsp//libhal_bsp.a(alt_load.o) (alt_dcache_flush_all)
../audio2_bsp//libhal_bsp.a(alt_dev.o)
                              ../audio2_bsp//libhal_bsp.a(alt_sys_init.o) (alt_dev_list)
../audio2_bsp//libhal_bsp.a(alt_dev_llist_insert.o)
                              ../audio2_bsp//libhal_bsp.a(alt_sys_init.o) (alt_dev_llist_insert)
../audio2_bsp//libhal_bsp.a(alt_errno.o)
                              ../audio2_bsp//libhal_bsp.a(alt_write.o) (alt_errno)
../audio2_bsp//libhal_bsp.a(alt_icache_flush_all.o)
                              ../audio2_bsp//libhal_bsp.a(alt_load.o) (alt_icache_flush_all)
../audio2_bsp//libhal_bsp.a(altera_nios2_gen2_irq.o)
                              ../audio2_bsp//libhal_bsp.a(alt_sys_init.o) (altera_nios2_gen2_irq_init)

Allocating common symbols
Common symbol       size              file

errno               0x4               /home/isa/intelFPGA_lite/18.1/nios2eds/bin/gnu/H-x86_64-pc-linux-gnu/bin/../lib/gcc/nios2-elf/5.3.0/../../../../../H-x86_64-pc-linux-gnu/nios2-elf/lib/mno-hw-mul/libsmallc.a(lib_a-int_errno.o)

Memory Configuration

Name             Origin             Length             Attributes
reset            0x0000000000004000 0x0000000000000020
RAM              0x0000000000004020 0x0000000000003fe0
*default*        0x0000000000000000 0xffffffffffffffff

Linker script and memory map

LOAD ../audio2_bsp//obj/HAL/src/crt0.o
LOAD obj/default/hello_world_small.o
LOAD /home/isa/intelFPGA_lite/18.1/nios2eds/bin/gnu/H-x86_64-pc-linux-gnu/bin/../lib/gcc/nios2-elf/5.3.0/../../../../../H-x86_64-pc-linux-gnu/nios2-elf/lib/mno-hw-mul/libstdc++.a
LOAD /home/isa/intelFPGA_lite/18.1/nios2eds/bin/gnu/H-x86_64-pc-linux-gnu/bin/../lib/gcc/nios2-elf/5.3.0/../../../../../H-x86_64-pc-linux-gnu/nios2-elf/lib/mno-hw-mul/libm.a
LOAD /home/isa/intelFPGA_lite/18.1/nios2eds/bin/gnu/H-x86_64-pc-linux-gnu/bin/../lib/gcc/nios2-elf/5.3.0/mno-hw-mul/libgcc.a
START GROUP
LOAD /home/isa/intelFPGA_lite/18.1/nios2eds/bin/gnu/H-x86_64-pc-linux-gnu/bin/../lib/gcc/nios2-elf/5.3.0/../../../../../H-x86_64-pc-linux-gnu/nios2-elf/lib/mno-hw-mul/libsmallc.a
LOAD /home/isa/intelFPGA_lite/18.1/nios2eds/bin/gnu/H-x86_64-pc-linux-gnu/bin/../lib/gcc/nios2-elf/5.3.0/mno-hw-mul/libgcc.a
LOAD ../audio2_bsp//libhal_bsp.a
LOAD /home/isa/intelFPGA_lite/18.1/nios2eds/bin/gnu/H-x86_64-pc-linux-gnu/bin/../lib/gcc/nios2-elf/5.3.0/../../../../../H-x86_64-pc-linux-gnu/nios2-elf/lib/mno-hw-mul/libm.a
END GROUP
LOAD /home/isa/intelFPGA_lite/18.1/nios2eds/bin/gnu/H-x86_64-pc-linux-gnu/bin/../lib/gcc/nios2-elf/5.3.0/mno-hw-mul/libgcc.a
                0x0000000000004000                __alt_mem_RAM = 0x4000

.entry          0x0000000000004000       0x20
 *(.entry)
 .entry         0x0000000000004000       0x20 ../audio2_bsp//obj/HAL/src/crt0.o
                0x0000000000004000                __reset
                0x000000000000400c                _exit

.exceptions     0x0000000000004020        0x0
                0x0000000000004020                PROVIDE (__ram_exceptions_start, ABSOLUTE (.))
                0x0000000000004020                . = ALIGN (0x20)
 *(.irq)
 *(.exceptions.entry.label)
 *(.exceptions.entry.user)
 *(.exceptions.entry.ecc_fatal)
 *(.exceptions.entry)
 *(.exceptions.irqtest.user)
 *(.exceptions.irqtest)
 *(.exceptions.irqhandler.user)
 *(.exceptions.irqhandler)
 *(.exceptions.irqreturn.user)
 *(.exceptions.irqreturn)
 *(.exceptions.notirq.label)
 *(.exceptions.notirq.user)
 *(.exceptions.notirq)
 *(.exceptions.soft.user)
 *(.exceptions.soft)
 *(.exceptions.unknown.user)
 *(.exceptions.unknown)
 *(.exceptions.exit.label)
 *(.exceptions.exit.user)
 *(.exceptions.exit)
 *(.exceptions)
                0x0000000000004020                PROVIDE (__ram_exceptions_end, ABSOLUTE (.))
                0x0000000000004020                PROVIDE (__flash_exceptions_start, LOADADDR (.exceptions))

.text           0x0000000000004020      0x5ac
                [!provide]                        PROVIDE (stext, ABSOLUTE (.))
 *(.interp)
 *(.hash)
 *(.dynsym)
 *(.dynstr)
 *(.gnu.version)
 *(.gnu.version_d)
 *(.gnu.version_r)
 *(.rel.init)
 *(.rela.init)
 *(.rel.text .rel.text.* .rel.gnu.linkonce.t.*)
 *(.rela.text .rela.text.* .rela.gnu.linkonce.t.*)
 *(.rel.fini)
 *(.rela.fini)
 *(.rel.rodata .rel.rodata.* .rel.gnu.linkonce.r.*)
 *(.rela.rodata .rela.rodata.* .rela.gnu.linkonce.r.*)
 *(.rel.data .rel.data.* .rel.gnu.linkonce.d.*)
 *(.rela.data .rela.data.* .rela.gnu.linkonce.d.*)
 *(.rel.tdata .rel.tdata.* .rel.gnu.linkonce.td.*)
 *(.rela.tdata .rela.tdata.* .rela.gnu.linkonce.td.*)
 *(.rel.tbss .rel.tbss.* .rel.gnu.linkonce.tb.*)
 *(.rela.tbss .rela.tbss.* .rela.gnu.linkonce.tb.*)
 *(.rel.ctors)
 *(.rela.ctors)
 *(.rel.dtors)
 *(.rela.dtors)
 *(.rel.got)
 *(.rela.got)
 *(.rel.sdata .rel.sdata.* .rel.gnu.linkonce.s.*)
 *(.rela.sdata .rela.sdata.* .rela.gnu.linkonce.s.*)
 *(.rel.sbss .rel.sbss.* .rel.gnu.linkonce.sb.*)
 *(.rela.sbss .rela.sbss.* .rela.gnu.linkonce.sb.*)
 *(.rel.sdata2 .rel.sdata2.* .rel.gnu.linkonce.s2.*)
 *(.rela.sdata2 .rela.sdata2.* .rela.gnu.linkonce.s2.*)
 *(.rel.sbss2 .rel.sbss2.* .rel.gnu.linkonce.sb2.*)
 *(.rela.sbss2 .rela.sbss2.* .rela.gnu.linkonce.sb2.*)
 *(.rel.bss .rel.bss.* .rel.gnu.linkonce.b.*)
 *(.rela.bss .rela.bss.* .rela.gnu.linkonce.b.*)
 *(.rel.plt)
 *(.rela.plt)
 *(.rel.dyn)
 *(.init)
 *(.plt)
 *(.text .stub .text.* .gnu.linkonce.t.*)
 .text          0x0000000000004020       0x3c ../audio2_bsp//obj/HAL/src/crt0.o
                0x0000000000004020                _start
 .text          0x000000000000405c       0x70 obj/default/hello_world_small.o
                0x000000000000405c                init_audio
                0x0000000000004078                get_fifo_space
                0x0000000000004088                write_audio_sample
 .text.startup  0x00000000000040cc       0x98 obj/default/hello_world_small.o
                0x00000000000040cc                main
 .text          0x0000000000004164       0x28 /home/isa/intelFPGA_lite/18.1/nios2eds/bin/gnu/H-x86_64-pc-linux-gnu/bin/../lib/gcc/nios2-elf/5.3.0/mno-hw-mul/libgcc.a(lib2-mul.o)
                0x0000000000004164                __mulsi3
 .text          0x000000000000418c        0x0 /home/isa/intelFPGA_lite/18.1/nios2eds/bin/gnu/H-x86_64-pc-linux-gnu/bin/../lib/gcc/nios2-elf/5.3.0/../../../../../H-x86_64-pc-linux-gnu/nios2-elf/lib/mno-hw-mul/libsmallc.a(lib_a-puts.o)
 .text._puts_r  0x000000000000418c       0x80 /home/isa/intelFPGA_lite/18.1/nios2eds/bin/gnu/H-x86_64-pc-linux-gnu/bin/../lib/gcc/nios2-elf/5.3.0/../../../../../H-x86_64-pc-linux-gnu/nios2-elf/lib/mno-hw-mul/libsmallc.a(lib_a-puts.o)
                0x000000000000418c                _puts_r
 .text.puts     0x000000000000420c       0x14 /home/isa/intelFPGA_lite/18.1/nios2eds/bin/gnu/H-x86_64-pc-linux-gnu/bin/../lib/gcc/nios2-elf/5.3.0/../../../../../H-x86_64-pc-linux-gnu/nios2-elf/lib/mno-hw-mul/libsmallc.a(lib_a-puts.o)
                0x000000000000420c                puts
 .text          0x0000000000004220        0x0 /home/isa/intelFPGA_lite/18.1/nios2eds/bin/gnu/H-x86_64-pc-linux-gnu/bin/../lib/gcc/nios2-elf/5.3.0/../../../../../H-x86_64-pc-linux-gnu/nios2-elf/lib/mno-hw-mul/libsmallc.a(lib_a-strlen.o)
 .text.strlen   0x0000000000004220       0x1c /home/isa/intelFPGA_lite/18.1/nios2eds/bin/gnu/H-x86_64-pc-linux-gnu/bin/../lib/gcc/nios2-elf/5.3.0/../../../../../H-x86_64-pc-linux-gnu/nios2-elf/lib/mno-hw-mul/libsmallc.a(lib_a-strlen.o)
                0x0000000000004220                strlen
 .text          0x000000000000423c        0x0 /home/isa/intelFPGA_lite/18.1/nios2eds/bin/gnu/H-x86_64-pc-linux-gnu/bin/../lib/gcc/nios2-elf/5.3.0/../../../../../H-x86_64-pc-linux-gnu/nios2-elf/lib/mno-hw-mul/libsmallc.a(lib_a-fvwrite_small_dev.o)
 .text.__sfvwrite_small_dev
                0x000000000000423c       0xb8 /home/isa/intelFPGA_lite/18.1/nios2eds/bin/gnu/H-x86_64-pc-linux-gnu/bin/../lib/gcc/nios2-elf/5.3.0/../../../../../H-x86_64-pc-linux-gnu/nios2-elf/lib/mno-hw-mul/libsmallc.a(lib_a-fvwrite_small_dev.o)
                0x000000000000423c                __sfvwrite_small_dev
 .text          0x00000000000042f4        0x0 /home/isa/intelFPGA_lite/18.1/nios2eds/bin/gnu/H-x86_64-pc-linux-gnu/bin/../lib/gcc/nios2-elf/5.3.0/../../../../../H-x86_64-pc-linux-gnu/nios2-elf/lib/mno-hw-mul/libsmallc.a(lib_a-impure.o)
 .text          0x00000000000042f4        0x0 /home/isa/intelFPGA_lite/18.1/nios2eds/bin/gnu/H-x86_64-pc-linux-gnu/bin/../lib/gcc/nios2-elf/5.3.0/../../../../../H-x86_64-pc-linux-gnu/nios2-elf/lib/mno-hw-mul/libsmallc.a(lib_a-writer.o)
 .text._write_r
                0x00000000000042f4       0x58 /home/isa/intelFPGA_lite/18.1/nios2eds/bin/gnu/H-x86_64-pc-linux-gnu/bin/../lib/gcc/nios2-elf/5.3.0/../../../../../H-x86_64-pc-linux-gnu/nios2-elf/lib/mno-hw-mul/libsmallc.a(lib_a-writer.o)
                0x00000000000042f4                _write_r
 .text          0x000000000000434c        0x0 /home/isa/intelFPGA_lite/18.1/nios2eds/bin/gnu/H-x86_64-pc-linux-gnu/bin/../lib/gcc/nios2-elf/5.3.0/../../../../../H-x86_64-pc-linux-gnu/nios2-elf/lib/mno-hw-mul/libsmallc.a(lib_a-int_errno.o)
 .text          0x000000000000434c       0xe0 ../audio2_bsp//libhal_bsp.a(alt_load.o)
                0x000000000000434c                alt_load
 .text          0x000000000000442c       0x2c ../audio2_bsp//libhal_bsp.a(alt_main.o)
                0x000000000000442c                alt_main
 .text          0x0000000000004458       0x60 ../audio2_bsp//libhal_bsp.a(alt_write.o)
                0x0000000000004458                write
 .text          0x00000000000044b8       0x5c ../audio2_bsp//libhal_bsp.a(alt_sys_init.o)
                0x00000000000044b8                alt_irq_init
                0x00000000000044d8                alt_sys_init
 .text          0x0000000000004514       0x34 ../audio2_bsp//libhal_bsp.a(altera_avalon_jtag_uart_write.o)
                0x0000000000004514                altera_avalon_jtag_uart_write
 .text          0x0000000000004548        0x4 ../audio2_bsp//libhal_bsp.a(alt_dcache_flush_all.o)
                0x0000000000004548                alt_dcache_flush_all
 .text          0x000000000000454c        0x8 ../audio2_bsp//libhal_bsp.a(alt_dev.o)
 .text          0x0000000000004554       0x6c ../audio2_bsp//libhal_bsp.a(alt_dev_llist_insert.o)
                0x0000000000004554                alt_dev_llist_insert
 .text          0x00000000000045c0        0x0 ../audio2_bsp//libhal_bsp.a(alt_errno.o)
 .text          0x00000000000045c0        0x4 ../audio2_bsp//libhal_bsp.a(alt_icache_flush_all.o)
                0x00000000000045c0                alt_icache_flush_all
 .text          0x00000000000045c4        0x8 ../audio2_bsp//libhal_bsp.a(altera_nios2_gen2_irq.o)
                0x00000000000045c4                altera_nios2_gen2_irq_init
 *(.gnu.warning.*)
 *(.fini)
                [!provide]                        PROVIDE (__etext, ABSOLUTE (.))
                [!provide]                        PROVIDE (_etext, ABSOLUTE (.))
                [!provide]                        PROVIDE (etext, ABSOLUTE (.))
 *(.eh_frame_hdr)
                0x00000000000045cc                . = ALIGN (0x4)
                [!provide]                        PROVIDE (__preinit_array_start, ABSOLUTE (.))
 *(.preinit_array)
                [!provide]                        PROVIDE (__preinit_array_end, ABSOLUTE (.))
                [!provide]                        PROVIDE (__init_array_start, ABSOLUTE (.))
 *(.init_array)
                [!provide]                        PROVIDE (__init_array_end, ABSOLUTE (.))
                [!provide]                        PROVIDE (__fini_array_start, ABSOLUTE (.))
 *(.fini_array)
                [!provide]                        PROVIDE (__fini_array_end, ABSOLUTE (.))
 *(.eh_frame)
 *(.gcc_except_table .gcc_except_table.*)
 *(.dynamic)
                [!provide]                        PROVIDE (__CTOR_LIST__, ABSOLUTE (.))
 *(.ctors)
 *(SORT(.ctors.*))
                [!provide]                        PROVIDE (__CTOR_END__, ABSOLUTE (.))
                [!provide]                        PROVIDE (__DTOR_LIST__, ABSOLUTE (.))
 *(.dtors)
 *(SORT(.dtors.*))
                [!provide]                        PROVIDE (__DTOR_END__, ABSOLUTE (.))
 *(.jcr)
                0x00000000000045cc                . = ALIGN (0x4)

.rodata         0x00000000000045cc       0x64
                0x00000000000045cc                PROVIDE (__ram_rodata_start, ABSOLUTE (.))
                0x00000000000045cc                . = ALIGN (0x4)
 *(.rodata .rodata.* .gnu.linkonce.r.*)
 .rodata.str1.4
                0x00000000000045cc       0x34 obj/default/hello_world_small.o
 .rodata.str1.4
                0x0000000000004600        0x2 /home/isa/intelFPGA_lite/18.1/nios2eds/bin/gnu/H-x86_64-pc-linux-gnu/bin/../lib/gcc/nios2-elf/5.3.0/../../../../../H-x86_64-pc-linux-gnu/nios2-elf/lib/mno-hw-mul/libsmallc.a(lib_a-puts.o)
 *fill*         0x0000000000004602        0x2 
 .rodata.str1.4
                0x0000000000004604       0x1d ../audio2_bsp//libhal_bsp.a(alt_sys_init.o)
 *fill*         0x0000000000004621        0x3 
 .rodata.str1.4
                0x0000000000004624        0xc ../audio2_bsp//libhal_bsp.a(alt_dev.o)
                                          0xa (size before relaxing)
 *(.rodata1)
                0x0000000000004630                . = ALIGN (0x4)
                0x0000000000004630                PROVIDE (__ram_rodata_end, ABSOLUTE (.))
                0x00000000000045cc                PROVIDE (__flash_rodata_start, LOADADDR (.rodata))

.rwdata         0x0000000000004630      0x1cc load address 0x00000000000047fc
                0x0000000000004630                PROVIDE (__ram_rwdata_start, ABSOLUTE (.))
                0x0000000000004630                . = ALIGN (0x4)
 *(.got.plt)
 *(.got)
 *(.data1)
 *(.data .data.* .gnu.linkonce.d.*)
 .data          0x0000000000004630        0x0 ../audio2_bsp//obj/HAL/src/crt0.o
 .data          0x0000000000004630        0x0 obj/default/hello_world_small.o
 .data          0x0000000000004630        0x0 /home/isa/intelFPGA_lite/18.1/nios2eds/bin/gnu/H-x86_64-pc-linux-gnu/bin/../lib/gcc/nios2-elf/5.3.0/mno-hw-mul/libgcc.a(lib2-mul.o)
 .data          0x0000000000004630        0x0 /home/isa/intelFPGA_lite/18.1/nios2eds/bin/gnu/H-x86_64-pc-linux-gnu/bin/../lib/gcc/nios2-elf/5.3.0/../../../../../H-x86_64-pc-linux-gnu/nios2-elf/lib/mno-hw-mul/libsmallc.a(lib_a-puts.o)
 .data          0x0000000000004630        0x0 /home/isa/intelFPGA_lite/18.1/nios2eds/bin/gnu/H-x86_64-pc-linux-gnu/bin/../lib/gcc/nios2-elf/5.3.0/../../../../../H-x86_64-pc-linux-gnu/nios2-elf/lib/mno-hw-mul/libsmallc.a(lib_a-strlen.o)
 .data          0x0000000000004630        0x0 /home/isa/intelFPGA_lite/18.1/nios2eds/bin/gnu/H-x86_64-pc-linux-gnu/bin/../lib/gcc/nios2-elf/5.3.0/../../../../../H-x86_64-pc-linux-gnu/nios2-elf/lib/mno-hw-mul/libsmallc.a(lib_a-fvwrite_small_dev.o)
 .data          0x0000000000004630        0x0 /home/isa/intelFPGA_lite/18.1/nios2eds/bin/gnu/H-x86_64-pc-linux-gnu/bin/../lib/gcc/nios2-elf/5.3.0/../../../../../H-x86_64-pc-linux-gnu/nios2-elf/lib/mno-hw-mul/libsmallc.a(lib_a-impure.o)
 .data.impure_data
                0x0000000000004630       0xe0 /home/isa/intelFPGA_lite/18.1/nios2eds/bin/gnu/H-x86_64-pc-linux-gnu/bin/../lib/gcc/nios2-elf/5.3.0/../../../../../H-x86_64-pc-linux-gnu/nios2-elf/lib/mno-hw-mul/libsmallc.a(lib_a-impure.o)
 .data          0x0000000000004710        0x0 /home/isa/intelFPGA_lite/18.1/nios2eds/bin/gnu/H-x86_64-pc-linux-gnu/bin/../lib/gcc/nios2-elf/5.3.0/../../../../../H-x86_64-pc-linux-gnu/nios2-elf/lib/mno-hw-mul/libsmallc.a(lib_a-writer.o)
 .data          0x0000000000004710        0x0 /home/isa/intelFPGA_lite/18.1/nios2eds/bin/gnu/H-x86_64-pc-linux-gnu/bin/../lib/gcc/nios2-elf/5.3.0/../../../../../H-x86_64-pc-linux-gnu/nios2-elf/lib/mno-hw-mul/libsmallc.a(lib_a-int_errno.o)
 .data          0x0000000000004710        0x0 ../audio2_bsp//libhal_bsp.a(alt_load.o)
 .data          0x0000000000004710        0x0 ../audio2_bsp//libhal_bsp.a(alt_main.o)
 .data          0x0000000000004710        0x0 ../audio2_bsp//libhal_bsp.a(alt_write.o)
 .data          0x0000000000004710       0x60 ../audio2_bsp//libhal_bsp.a(alt_sys_init.o)
 .data          0x0000000000004770        0x0 ../audio2_bsp//libhal_bsp.a(altera_avalon_jtag_uart_write.o)
 .data          0x0000000000004770        0x0 ../audio2_bsp//libhal_bsp.a(alt_dcache_flush_all.o)
 .data          0x0000000000004770       0x58 ../audio2_bsp//libhal_bsp.a(alt_dev.o)
                0x0000000000004770                alt_fd_list
                0x00000000000047a0                alt_dev_null
 .data          0x00000000000047c8        0x0 ../audio2_bsp//libhal_bsp.a(alt_dev_llist_insert.o)
 .data          0x00000000000047c8        0x0 ../audio2_bsp//libhal_bsp.a(alt_errno.o)
 .data          0x00000000000047c8        0x0 ../audio2_bsp//libhal_bsp.a(alt_icache_flush_all.o)
 .data          0x00000000000047c8        0x0 ../audio2_bsp//libhal_bsp.a(altera_nios2_gen2_irq.o)
                0x000000000000c7c8                _gp = ABSOLUTE ((. + 0x8000))
                [!provide]                        PROVIDE (gp, _gp)
 *(.rwdata .rwdata.*)
 *(.sdata .sdata.* .gnu.linkonce.s.*)
 .sdata         0x00000000000047c8       0x10 obj/default/hello_world_small.o
                0x00000000000047c8                audio_right_ptr
                0x00000000000047cc                audio_left_ptr
                0x00000000000047d0                audio_fifospace_ptr
                0x00000000000047d4                audio_control_ptr
 .sdata._global_impure_ptr
                0x00000000000047d8        0x4 /home/isa/intelFPGA_lite/18.1/nios2eds/bin/gnu/H-x86_64-pc-linux-gnu/bin/../lib/gcc/nios2-elf/5.3.0/../../../../../H-x86_64-pc-linux-gnu/nios2-elf/lib/mno-hw-mul/libsmallc.a(lib_a-impure.o)
                0x00000000000047d8                _global_impure_ptr
 .sdata._impure_ptr
                0x00000000000047dc        0x4 /home/isa/intelFPGA_lite/18.1/nios2eds/bin/gnu/H-x86_64-pc-linux-gnu/bin/../lib/gcc/nios2-elf/5.3.0/../../../../../H-x86_64-pc-linux-gnu/nios2-elf/lib/mno-hw-mul/libsmallc.a(lib_a-impure.o)
                0x00000000000047dc                _impure_ptr
 .sdata         0x00000000000047e0        0x4 ../audio2_bsp//libhal_bsp.a(alt_sys_init.o)
                0x00000000000047e0                JTAG
 .sdata         0x00000000000047e4       0x14 ../audio2_bsp//libhal_bsp.a(alt_dev.o)
                0x00000000000047e4                alt_max_fd
                0x00000000000047e8                alt_dev_list
                0x00000000000047f0                alt_fs_list
 .sdata         0x00000000000047f8        0x4 ../audio2_bsp//libhal_bsp.a(alt_errno.o)
                0x00000000000047f8                alt_errno
 *(.sdata2 .sdata2.* .gnu.linkonce.s2.*)
                0x00000000000047fc                . = ALIGN (0x4)
                0x00000000000047fc                _edata = ABSOLUTE (.)
                [!provide]                        PROVIDE (edata, ABSOLUTE (.))
                0x00000000000047fc                PROVIDE (__ram_rwdata_end, ABSOLUTE (.))
                0x00000000000047fc                PROVIDE (__flash_rwdata_start, LOADADDR (.rwdata))

.bss            0x00000000000049c8       0x10
                0x00000000000049c8                __bss_start = ABSOLUTE (.)
                [!provide]                        PROVIDE (__sbss_start, ABSOLUTE (.))
                [!provide]                        PROVIDE (___sbss_start, ABSOLUTE (.))
 *(.dynsbss)
 *(.sbss .sbss.* .gnu.linkonce.sb.*)
 .sbss          0x00000000000049c8        0x4 /home/isa/intelFPGA_lite/18.1/nios2eds/bin/gnu/H-x86_64-pc-linux-gnu/bin/../lib/gcc/nios2-elf/5.3.0/../../../../../H-x86_64-pc-linux-gnu/nios2-elf/lib/mno-hw-mul/libsmallc.a(lib_a-int_errno.o)
                0x00000000000049c8                errno
 .sbss          0x00000000000049cc        0xc ../audio2_bsp//libhal_bsp.a(alt_main.o)
                0x00000000000049cc                alt_envp
                0x00000000000049d0                alt_argv
                0x00000000000049d4                alt_argc
 *(.sbss2 .sbss2.* .gnu.linkonce.sb2.*)
 *(.scommon)
                [!provide]                        PROVIDE (__sbss_end, ABSOLUTE (.))
                [!provide]                        PROVIDE (___sbss_end, ABSOLUTE (.))
 *(.dynbss)
 *(.bss .bss.* .gnu.linkonce.b.*)
 .bss           0x00000000000049d8        0x0 ../audio2_bsp//obj/HAL/src/crt0.o
 .bss           0x00000000000049d8        0x0 obj/default/hello_world_small.o
 .bss           0x00000000000049d8        0x0 /home/isa/intelFPGA_lite/18.1/nios2eds/bin/gnu/H-x86_64-pc-linux-gnu/bin/../lib/gcc/nios2-elf/5.3.0/mno-hw-mul/libgcc.a(lib2-mul.o)
 .bss           0x00000000000049d8        0x0 /home/isa/intelFPGA_lite/18.1/nios2eds/bin/gnu/H-x86_64-pc-linux-gnu/bin/../lib/gcc/nios2-elf/5.3.0/../../../../../H-x86_64-pc-linux-gnu/nios2-elf/lib/mno-hw-mul/libsmallc.a(lib_a-puts.o)
 .bss           0x00000000000049d8        0x0 /home/isa/intelFPGA_lite/18.1/nios2eds/bin/gnu/H-x86_64-pc-linux-gnu/bin/../lib/gcc/nios2-elf/5.3.0/../../../../../H-x86_64-pc-linux-gnu/nios2-elf/lib/mno-hw-mul/libsmallc.a(lib_a-strlen.o)
 .bss           0x00000000000049d8        0x0 /home/isa/intelFPGA_lite/18.1/nios2eds/bin/gnu/H-x86_64-pc-linux-gnu/bin/../lib/gcc/nios2-elf/5.3.0/../../../../../H-x86_64-pc-linux-gnu/nios2-elf/lib/mno-hw-mul/libsmallc.a(lib_a-fvwrite_small_dev.o)
 .bss           0x00000000000049d8        0x0 /home/isa/intelFPGA_lite/18.1/nios2eds/bin/gnu/H-x86_64-pc-linux-gnu/bin/../lib/gcc/nios2-elf/5.3.0/../../../../../H-x86_64-pc-linux-gnu/nios2-elf/lib/mno-hw-mul/libsmallc.a(lib_a-impure.o)
 .bss           0x00000000000049d8        0x0 /home/isa/intelFPGA_lite/18.1/nios2eds/bin/gnu/H-x86_64-pc-linux-gnu/bin/../lib/gcc/nios2-elf/5.3.0/../../../../../H-x86_64-pc-linux-gnu/nios2-elf/lib/mno-hw-mul/libsmallc.a(lib_a-writer.o)
 .bss           0x00000000000049d8        0x0 /home/isa/intelFPGA_lite/18.1/nios2eds/bin/gnu/H-x86_64-pc-linux-gnu/bin/../lib/gcc/nios2-elf/5.3.0/../../../../../H-x86_64-pc-linux-gnu/nios2-elf/lib/mno-hw-mul/libsmallc.a(lib_a-int_errno.o)
 .bss           0x00000000000049d8        0x0 ../audio2_bsp//libhal_bsp.a(alt_load.o)
 .bss           0x00000000000049d8        0x0 ../audio2_bsp//libhal_bsp.a(alt_main.o)
 .bss           0x00000000000049d8        0x0 ../audio2_bsp//libhal_bsp.a(alt_write.o)
 .bss           0x00000000000049d8        0x0 ../audio2_bsp//libhal_bsp.a(alt_sys_init.o)
 .bss           0x00000000000049d8        0x0 ../audio2_bsp//libhal_bsp.a(altera_avalon_jtag_uart_write.o)
 .bss           0x00000000000049d8        0x0 ../audio2_bsp//libhal_bsp.a(alt_dcache_flush_all.o)
 .bss           0x00000000000049d8        0x0 ../audio2_bsp//libhal_bsp.a(alt_dev.o)
 .bss           0x00000000000049d8        0x0 ../audio2_bsp//libhal_bsp.a(alt_dev_llist_insert.o)
 .bss           0x00000000000049d8        0x0 ../audio2_bsp//libhal_bsp.a(alt_errno.o)
 .bss           0x00000000000049d8        0x0 ../audio2_bsp//libhal_bsp.a(alt_icache_flush_all.o)
 .bss           0x00000000000049d8        0x0 ../audio2_bsp//libhal_bsp.a(altera_nios2_gen2_irq.o)
 *(COMMON)
                0x00000000000049d8                . = ALIGN (0x4)
                0x00000000000049d8                __bss_end = ABSOLUTE (.)

.RAM            0x00000000000049d8        0x0
                [!provide]                        PROVIDE (_alt_partition_RAM_start, ABSOLUTE (.))
 *(.RAM .RAM. RAM.*)
                0x00000000000049d8                . = ALIGN (0x4)
                [!provide]                        PROVIDE (_alt_partition_RAM_end, ABSOLUTE (.))
                0x00000000000049d8                _end = ABSOLUTE (.)
                0x00000000000049d8                end = ABSOLUTE (.)
                0x00000000000049d8                __alt_stack_base = ABSOLUTE (.)
                [!provide]                        PROVIDE (_alt_partition_RAM_load_addr, LOADADDR (.RAM))

.stab
 *(.stab)

.stabstr
 *(.stabstr)

.stab.excl
 *(.stab.excl)

.stab.exclstr
 *(.stab.exclstr)

.stab.index
 *(.stab.index)

.stab.indexstr
 *(.stab.indexstr)

.comment        0x0000000000000000       0x23
 *(.comment)
 .comment       0x0000000000000000       0x23 obj/default/hello_world_small.o
                                         0x24 (size before relaxing)
 .comment       0x0000000000000023       0x24 /home/isa/intelFPGA_lite/18.1/nios2eds/bin/gnu/H-x86_64-pc-linux-gnu/bin/../lib/gcc/nios2-elf/5.3.0/mno-hw-mul/libgcc.a(lib2-mul.o)
 .comment       0x0000000000000023       0x24 /home/isa/intelFPGA_lite/18.1/nios2eds/bin/gnu/H-x86_64-pc-linux-gnu/bin/../lib/gcc/nios2-elf/5.3.0/../../../../../H-x86_64-pc-linux-gnu/nios2-elf/lib/mno-hw-mul/libsmallc.a(lib_a-puts.o)
 .comment       0x0000000000000023       0x24 /home/isa/intelFPGA_lite/18.1/nios2eds/bin/gnu/H-x86_64-pc-linux-gnu/bin/../lib/gcc/nios2-elf/5.3.0/../../../../../H-x86_64-pc-linux-gnu/nios2-elf/lib/mno-hw-mul/libsmallc.a(lib_a-strlen.o)
 .comment       0x0000000000000023       0x24 /home/isa/intelFPGA_lite/18.1/nios2eds/bin/gnu/H-x86_64-pc-linux-gnu/bin/../lib/gcc/nios2-elf/5.3.0/../../../../../H-x86_64-pc-linux-gnu/nios2-elf/lib/mno-hw-mul/libsmallc.a(lib_a-fvwrite_small_dev.o)
 .comment       0x0000000000000023       0x24 /home/isa/intelFPGA_lite/18.1/nios2eds/bin/gnu/H-x86_64-pc-linux-gnu/bin/../lib/gcc/nios2-elf/5.3.0/../../../../../H-x86_64-pc-linux-gnu/nios2-elf/lib/mno-hw-mul/libsmallc.a(lib_a-impure.o)
 .comment       0x0000000000000023       0x24 /home/isa/intelFPGA_lite/18.1/nios2eds/bin/gnu/H-x86_64-pc-linux-gnu/bin/../lib/gcc/nios2-elf/5.3.0/../../../../../H-x86_64-pc-linux-gnu/nios2-elf/lib/mno-hw-mul/libsmallc.a(lib_a-writer.o)
 .comment       0x0000000000000023       0x24 /home/isa/intelFPGA_lite/18.1/nios2eds/bin/gnu/H-x86_64-pc-linux-gnu/bin/../lib/gcc/nios2-elf/5.3.0/../../../../../H-x86_64-pc-linux-gnu/nios2-elf/lib/mno-hw-mul/libsmallc.a(lib_a-int_errno.o)
 .comment       0x0000000000000023       0x24 ../audio2_bsp//libhal_bsp.a(alt_load.o)
 .comment       0x0000000000000023       0x24 ../audio2_bsp//libhal_bsp.a(alt_main.o)
 .comment       0x0000000000000023       0x24 ../audio2_bsp//libhal_bsp.a(alt_write.o)
 .comment       0x0000000000000023       0x24 ../audio2_bsp//libhal_bsp.a(alt_sys_init.o)
 .comment       0x0000000000000023       0x24 ../audio2_bsp//libhal_bsp.a(altera_avalon_jtag_uart_write.o)
 .comment       0x0000000000000023       0x24 ../audio2_bsp//libhal_bsp.a(alt_dcache_flush_all.o)
 .comment       0x0000000000000023       0x24 ../audio2_bsp//libhal_bsp.a(alt_dev.o)
 .comment       0x0000000000000023       0x24 ../audio2_bsp//libhal_bsp.a(alt_dev_llist_insert.o)
 .comment       0x0000000000000023       0x24 ../audio2_bsp//libhal_bsp.a(alt_errno.o)
 .comment       0x0000000000000023       0x24 ../audio2_bsp//libhal_bsp.a(alt_icache_flush_all.o)
 .comment       0x0000000000000023       0x24 ../audio2_bsp//libhal_bsp.a(altera_nios2_gen2_irq.o)

.debug
 *(.debug)

.line
 *(.line)

.debug_srcinfo
 *(.debug_srcinfo)

.debug_sfnames
 *(.debug_sfnames)

.debug_aranges  0x0000000000000000      0x280
 *(.debug_aranges)
 .debug_aranges
                0x0000000000000000       0x28 ../audio2_bsp//obj/HAL/src/crt0.o
 .debug_aranges
                0x0000000000000028       0x28 obj/default/hello_world_small.o
 .debug_aranges
                0x0000000000000050       0x20 /home/isa/intelFPGA_lite/18.1/nios2eds/bin/gnu/H-x86_64-pc-linux-gnu/bin/../lib/gcc/nios2-elf/5.3.0/mno-hw-mul/libgcc.a(lib2-mul.o)
 .debug_aranges
                0x0000000000000070       0x28 /home/isa/intelFPGA_lite/18.1/nios2eds/bin/gnu/H-x86_64-pc-linux-gnu/bin/../lib/gcc/nios2-elf/5.3.0/../../../../../H-x86_64-pc-linux-gnu/nios2-elf/lib/mno-hw-mul/libsmallc.a(lib_a-puts.o)
 .debug_aranges
                0x0000000000000098       0x20 /home/isa/intelFPGA_lite/18.1/nios2eds/bin/gnu/H-x86_64-pc-linux-gnu/bin/../lib/gcc/nios2-elf/5.3.0/../../../../../H-x86_64-pc-linux-gnu/nios2-elf/lib/mno-hw-mul/libsmallc.a(lib_a-strlen.o)
 .debug_aranges
                0x00000000000000b8       0x20 /home/isa/intelFPGA_lite/18.1/nios2eds/bin/gnu/H-x86_64-pc-linux-gnu/bin/../lib/gcc/nios2-elf/5.3.0/../../../../../H-x86_64-pc-linux-gnu/nios2-elf/lib/mno-hw-mul/libsmallc.a(lib_a-fvwrite_small_dev.o)
 .debug_aranges
                0x00000000000000d8       0x18 /home/isa/intelFPGA_lite/18.1/nios2eds/bin/gnu/H-x86_64-pc-linux-gnu/bin/../lib/gcc/nios2-elf/5.3.0/../../../../../H-x86_64-pc-linux-gnu/nios2-elf/lib/mno-hw-mul/libsmallc.a(lib_a-impure.o)
 .debug_aranges
                0x00000000000000f0       0x20 /home/isa/intelFPGA_lite/18.1/nios2eds/bin/gnu/H-x86_64-pc-linux-gnu/bin/../lib/gcc/nios2-elf/5.3.0/../../../../../H-x86_64-pc-linux-gnu/nios2-elf/lib/mno-hw-mul/libsmallc.a(lib_a-writer.o)
 .debug_aranges
                0x0000000000000110       0x18 /home/isa/intelFPGA_lite/18.1/nios2eds/bin/gnu/H-x86_64-pc-linux-gnu/bin/../lib/gcc/nios2-elf/5.3.0/../../../../../H-x86_64-pc-linux-gnu/nios2-elf/lib/mno-hw-mul/libsmallc.a(lib_a-int_errno.o)
 .debug_aranges
                0x0000000000000128       0x20 ../audio2_bsp//libhal_bsp.a(alt_load.o)
 .debug_aranges
                0x0000000000000148       0x20 ../audio2_bsp//libhal_bsp.a(alt_main.o)
 .debug_aranges
                0x0000000000000168       0x20 ../audio2_bsp//libhal_bsp.a(alt_write.o)
 .debug_aranges
                0x0000000000000188       0x20 ../audio2_bsp//libhal_bsp.a(alt_sys_init.o)
 .debug_aranges
                0x00000000000001a8       0x20 ../audio2_bsp//libhal_bsp.a(altera_avalon_jtag_uart_write.o)
 .debug_aranges
                0x00000000000001c8       0x20 ../audio2_bsp//libhal_bsp.a(alt_dcache_flush_all.o)
 .debug_aranges
                0x00000000000001e8       0x20 ../audio2_bsp//libhal_bsp.a(alt_dev.o)
 .debug_aranges
                0x0000000000000208       0x20 ../audio2_bsp//libhal_bsp.a(alt_dev_llist_insert.o)
 .debug_aranges
                0x0000000000000228       0x18 ../audio2_bsp//libhal_bsp.a(alt_errno.o)
 .debug_aranges
                0x0000000000000240       0x20 ../audio2_bsp//libhal_bsp.a(alt_icache_flush_all.o)
 .debug_aranges
                0x0000000000000260       0x20 ../audio2_bsp//libhal_bsp.a(altera_nios2_gen2_irq.o)

.debug_pubnames
 *(.debug_pubnames)

.debug_info     0x0000000000000000     0x3172
 *(.debug_info .gnu.linkonce.wi.*)
 .debug_info    0x0000000000000000       0x6c ../audio2_bsp//obj/HAL/src/crt0.o
 .debug_info    0x000000000000006c      0x1b9 obj/default/hello_world_small.o
 .debug_info    0x0000000000000225       0xb4 /home/isa/intelFPGA_lite/18.1/nios2eds/bin/gnu/H-x86_64-pc-linux-gnu/bin/../lib/gcc/nios2-elf/5.3.0/mno-hw-mul/libgcc.a(lib2-mul.o)
 .debug_info    0x00000000000002d9      0x66d /home/isa/intelFPGA_lite/18.1/nios2eds/bin/gnu/H-x86_64-pc-linux-gnu/bin/../lib/gcc/nios2-elf/5.3.0/../../../../../H-x86_64-pc-linux-gnu/nios2-elf/lib/mno-hw-mul/libsmallc.a(lib_a-puts.o)
 .debug_info    0x0000000000000946       0xc9 /home/isa/intelFPGA_lite/18.1/nios2eds/bin/gnu/H-x86_64-pc-linux-gnu/bin/../lib/gcc/nios2-elf/5.3.0/../../../../../H-x86_64-pc-linux-gnu/nios2-elf/lib/mno-hw-mul/libsmallc.a(lib_a-strlen.o)
 .debug_info    0x0000000000000a0f      0x62b /home/isa/intelFPGA_lite/18.1/nios2eds/bin/gnu/H-x86_64-pc-linux-gnu/bin/../lib/gcc/nios2-elf/5.3.0/../../../../../H-x86_64-pc-linux-gnu/nios2-elf/lib/mno-hw-mul/libsmallc.a(lib_a-fvwrite_small_dev.o)
 .debug_info    0x000000000000103a      0x5a9 /home/isa/intelFPGA_lite/18.1/nios2eds/bin/gnu/H-x86_64-pc-linux-gnu/bin/../lib/gcc/nios2-elf/5.3.0/../../../../../H-x86_64-pc-linux-gnu/nios2-elf/lib/mno-hw-mul/libsmallc.a(lib_a-impure.o)
 .debug_info    0x00000000000015e3      0x630 /home/isa/intelFPGA_lite/18.1/nios2eds/bin/gnu/H-x86_64-pc-linux-gnu/bin/../lib/gcc/nios2-elf/5.3.0/../../../../../H-x86_64-pc-linux-gnu/nios2-elf/lib/mno-hw-mul/libsmallc.a(lib_a-writer.o)
 .debug_info    0x0000000000001c13       0x8a /home/isa/intelFPGA_lite/18.1/nios2eds/bin/gnu/H-x86_64-pc-linux-gnu/bin/../lib/gcc/nios2-elf/5.3.0/../../../../../H-x86_64-pc-linux-gnu/nios2-elf/lib/mno-hw-mul/libsmallc.a(lib_a-int_errno.o)
 .debug_info    0x0000000000001c9d      0x1c9 ../audio2_bsp//libhal_bsp.a(alt_load.o)
 .debug_info    0x0000000000001e66      0x18f ../audio2_bsp//libhal_bsp.a(alt_main.o)
 .debug_info    0x0000000000001ff5      0x1c7 ../audio2_bsp//libhal_bsp.a(alt_write.o)
 .debug_info    0x00000000000021bc      0x53b ../audio2_bsp//libhal_bsp.a(alt_sys_init.o)
 .debug_info    0x00000000000026f7      0x1ad ../audio2_bsp//libhal_bsp.a(altera_avalon_jtag_uart_write.o)
 .debug_info    0x00000000000028a4       0x92 ../audio2_bsp//libhal_bsp.a(alt_dcache_flush_all.o)
 .debug_info    0x0000000000002936      0x499 ../audio2_bsp//libhal_bsp.a(alt_dev.o)
 .debug_info    0x0000000000002dcf      0x1b3 ../audio2_bsp//libhal_bsp.a(alt_dev_llist_insert.o)
 .debug_info    0x0000000000002f82       0xa6 ../audio2_bsp//libhal_bsp.a(alt_errno.o)
 .debug_info    0x0000000000003028       0x92 ../audio2_bsp//libhal_bsp.a(alt_icache_flush_all.o)
 .debug_info    0x00000000000030ba       0xb8 ../audio2_bsp//libhal_bsp.a(altera_nios2_gen2_irq.o)

.debug_abbrev   0x0000000000000000     0x11c9
 *(.debug_abbrev)
 .debug_abbrev  0x0000000000000000       0x12 ../audio2_bsp//obj/HAL/src/crt0.o
 .debug_abbrev  0x0000000000000012      0x124 obj/default/hello_world_small.o
 .debug_abbrev  0x0000000000000136       0x6f /home/isa/intelFPGA_lite/18.1/nios2eds/bin/gnu/H-x86_64-pc-linux-gnu/bin/../lib/gcc/nios2-elf/5.3.0/mno-hw-mul/libgcc.a(lib2-mul.o)
 .debug_abbrev  0x00000000000001a5      0x1d6 /home/isa/intelFPGA_lite/18.1/nios2eds/bin/gnu/H-x86_64-pc-linux-gnu/bin/../lib/gcc/nios2-elf/5.3.0/../../../../../H-x86_64-pc-linux-gnu/nios2-elf/lib/mno-hw-mul/libsmallc.a(lib_a-puts.o)
 .debug_abbrev  0x000000000000037b       0x7f /home/isa/intelFPGA_lite/18.1/nios2eds/bin/gnu/H-x86_64-pc-linux-gnu/bin/../lib/gcc/nios2-elf/5.3.0/../../../../../H-x86_64-pc-linux-gnu/nios2-elf/lib/mno-hw-mul/libsmallc.a(lib_a-strlen.o)
 .debug_abbrev  0x00000000000003fa      0x1bc /home/isa/intelFPGA_lite/18.1/nios2eds/bin/gnu/H-x86_64-pc-linux-gnu/bin/../lib/gcc/nios2-elf/5.3.0/../../../../../H-x86_64-pc-linux-gnu/nios2-elf/lib/mno-hw-mul/libsmallc.a(lib_a-fvwrite_small_dev.o)
 .debug_abbrev  0x00000000000005b6      0x14a /home/isa/intelFPGA_lite/18.1/nios2eds/bin/gnu/H-x86_64-pc-linux-gnu/bin/../lib/gcc/nios2-elf/5.3.0/../../../../../H-x86_64-pc-linux-gnu/nios2-elf/lib/mno-hw-mul/libsmallc.a(lib_a-impure.o)
 .debug_abbrev  0x0000000000000700      0x1a6 /home/isa/intelFPGA_lite/18.1/nios2eds/bin/gnu/H-x86_64-pc-linux-gnu/bin/../lib/gcc/nios2-elf/5.3.0/../../../../../H-x86_64-pc-linux-gnu/nios2-elf/lib/mno-hw-mul/libsmallc.a(lib_a-writer.o)
 .debug_abbrev  0x00000000000008a6       0x37 /home/isa/intelFPGA_lite/18.1/nios2eds/bin/gnu/H-x86_64-pc-linux-gnu/bin/../lib/gcc/nios2-elf/5.3.0/../../../../../H-x86_64-pc-linux-gnu/nios2-elf/lib/mno-hw-mul/libsmallc.a(lib_a-int_errno.o)
 .debug_abbrev  0x00000000000008dd       0xd8 ../audio2_bsp//libhal_bsp.a(alt_load.o)
 .debug_abbrev  0x00000000000009b5       0xf5 ../audio2_bsp//libhal_bsp.a(alt_main.o)
 .debug_abbrev  0x0000000000000aaa      0x12e ../audio2_bsp//libhal_bsp.a(alt_write.o)
 .debug_abbrev  0x0000000000000bd8      0x1e2 ../audio2_bsp//libhal_bsp.a(alt_sys_init.o)
 .debug_abbrev  0x0000000000000dba       0xd5 ../audio2_bsp//libhal_bsp.a(altera_avalon_jtag_uart_write.o)
 .debug_abbrev  0x0000000000000e8f       0x42 ../audio2_bsp//libhal_bsp.a(alt_dcache_flush_all.o)
 .debug_abbrev  0x0000000000000ed1       0xd9 ../audio2_bsp//libhal_bsp.a(alt_dev.o)
 .debug_abbrev  0x0000000000000faa      0x11c ../audio2_bsp//libhal_bsp.a(alt_dev_llist_insert.o)
 .debug_abbrev  0x00000000000010c6       0x5a ../audio2_bsp//libhal_bsp.a(alt_errno.o)
 .debug_abbrev  0x0000000000001120       0x42 ../audio2_bsp//libhal_bsp.a(alt_icache_flush_all.o)
 .debug_abbrev  0x0000000000001162       0x67 ../audio2_bsp//libhal_bsp.a(altera_nios2_gen2_irq.o)

.debug_line     0x0000000000000000     0x1375
 *(.debug_line)
 .debug_line    0x0000000000000000       0x66 ../audio2_bsp//obj/HAL/src/crt0.o
 .debug_line    0x0000000000000066       0x93 obj/default/hello_world_small.o
 .debug_line    0x00000000000000f9       0x80 /home/isa/intelFPGA_lite/18.1/nios2eds/bin/gnu/H-x86_64-pc-linux-gnu/bin/../lib/gcc/nios2-elf/5.3.0/mno-hw-mul/libgcc.a(lib2-mul.o)
 .debug_line    0x0000000000000179      0x206 /home/isa/intelFPGA_lite/18.1/nios2eds/bin/gnu/H-x86_64-pc-linux-gnu/bin/../lib/gcc/nios2-elf/5.3.0/../../../../../H-x86_64-pc-linux-gnu/nios2-elf/lib/mno-hw-mul/libsmallc.a(lib_a-puts.o)
 .debug_line    0x000000000000037f      0x15c /home/isa/intelFPGA_lite/18.1/nios2eds/bin/gnu/H-x86_64-pc-linux-gnu/bin/../lib/gcc/nios2-elf/5.3.0/../../../../../H-x86_64-pc-linux-gnu/nios2-elf/lib/mno-hw-mul/libsmallc.a(lib_a-strlen.o)
 .debug_line    0x00000000000004db      0x1f0 /home/isa/intelFPGA_lite/18.1/nios2eds/bin/gnu/H-x86_64-pc-linux-gnu/bin/../lib/gcc/nios2-elf/5.3.0/../../../../../H-x86_64-pc-linux-gnu/nios2-elf/lib/mno-hw-mul/libsmallc.a(lib_a-fvwrite_small_dev.o)
 .debug_line    0x00000000000006cb      0x156 /home/isa/intelFPGA_lite/18.1/nios2eds/bin/gnu/H-x86_64-pc-linux-gnu/bin/../lib/gcc/nios2-elf/5.3.0/../../../../../H-x86_64-pc-linux-gnu/nios2-elf/lib/mno-hw-mul/libsmallc.a(lib_a-impure.o)
 .debug_line    0x0000000000000821      0x1ed /home/isa/intelFPGA_lite/18.1/nios2eds/bin/gnu/H-x86_64-pc-linux-gnu/bin/../lib/gcc/nios2-elf/5.3.0/../../../../../H-x86_64-pc-linux-gnu/nios2-elf/lib/mno-hw-mul/libsmallc.a(lib_a-writer.o)
 .debug_line    0x0000000000000a0e       0x5f /home/isa/intelFPGA_lite/18.1/nios2eds/bin/gnu/H-x86_64-pc-linux-gnu/bin/../lib/gcc/nios2-elf/5.3.0/../../../../../H-x86_64-pc-linux-gnu/nios2-elf/lib/mno-hw-mul/libsmallc.a(lib_a-int_errno.o)
 .debug_line    0x0000000000000a6d       0xa4 ../audio2_bsp//libhal_bsp.a(alt_load.o)
 .debug_line    0x0000000000000b11       0xea ../audio2_bsp//libhal_bsp.a(alt_main.o)
 .debug_line    0x0000000000000bfb      0x182 ../audio2_bsp//libhal_bsp.a(alt_write.o)
 .debug_line    0x0000000000000d7d      0x1a1 ../audio2_bsp//libhal_bsp.a(alt_sys_init.o)
 .debug_line    0x0000000000000f1e      0x104 ../audio2_bsp//libhal_bsp.a(altera_avalon_jtag_uart_write.o)
 .debug_line    0x0000000000001022       0x4e ../audio2_bsp//libhal_bsp.a(alt_dcache_flush_all.o)
 .debug_line    0x0000000000001070      0x102 ../audio2_bsp//libhal_bsp.a(alt_dev.o)
 .debug_line    0x0000000000001172       0xd8 ../audio2_bsp//libhal_bsp.a(alt_dev_llist_insert.o)
 .debug_line    0x000000000000124a       0x51 ../audio2_bsp//libhal_bsp.a(alt_errno.o)
 .debug_line    0x000000000000129b       0x4e ../audio2_bsp//libhal_bsp.a(alt_icache_flush_all.o)
 .debug_line    0x00000000000012e9       0x8c ../audio2_bsp//libhal_bsp.a(altera_nios2_gen2_irq.o)

.debug_frame    0x0000000000000000      0x328
 *(.debug_frame)
 .debug_frame   0x0000000000000000       0x70 obj/default/hello_world_small.o
 .debug_frame   0x0000000000000070       0x20 /home/isa/intelFPGA_lite/18.1/nios2eds/bin/gnu/H-x86_64-pc-linux-gnu/bin/../lib/gcc/nios2-elf/5.3.0/mno-hw-mul/libgcc.a(lib2-mul.o)
 .debug_frame   0x0000000000000090       0x48 /home/isa/intelFPGA_lite/18.1/nios2eds/bin/gnu/H-x86_64-pc-linux-gnu/bin/../lib/gcc/nios2-elf/5.3.0/../../../../../H-x86_64-pc-linux-gnu/nios2-elf/lib/mno-hw-mul/libsmallc.a(lib_a-puts.o)
 .debug_frame   0x00000000000000d8       0x20 /home/isa/intelFPGA_lite/18.1/nios2eds/bin/gnu/H-x86_64-pc-linux-gnu/bin/../lib/gcc/nios2-elf/5.3.0/../../../../../H-x86_64-pc-linux-gnu/nios2-elf/lib/mno-hw-mul/libsmallc.a(lib_a-strlen.o)
 .debug_frame   0x00000000000000f8       0x58 /home/isa/intelFPGA_lite/18.1/nios2eds/bin/gnu/H-x86_64-pc-linux-gnu/bin/../lib/gcc/nios2-elf/5.3.0/../../../../../H-x86_64-pc-linux-gnu/nios2-elf/lib/mno-hw-mul/libsmallc.a(lib_a-fvwrite_small_dev.o)
 .debug_frame   0x0000000000000150       0x38 /home/isa/intelFPGA_lite/18.1/nios2eds/bin/gnu/H-x86_64-pc-linux-gnu/bin/../lib/gcc/nios2-elf/5.3.0/../../../../../H-x86_64-pc-linux-gnu/nios2-elf/lib/mno-hw-mul/libsmallc.a(lib_a-writer.o)
 .debug_frame   0x0000000000000188       0x30 ../audio2_bsp//libhal_bsp.a(alt_load.o)
 .debug_frame   0x00000000000001b8       0x2c ../audio2_bsp//libhal_bsp.a(alt_main.o)
 .debug_frame   0x00000000000001e4       0x2c ../audio2_bsp//libhal_bsp.a(alt_write.o)
 .debug_frame   0x0000000000000210       0x4c ../audio2_bsp//libhal_bsp.a(alt_sys_init.o)
 .debug_frame   0x000000000000025c       0x20 ../audio2_bsp//libhal_bsp.a(altera_avalon_jtag_uart_write.o)
 .debug_frame   0x000000000000027c       0x20 ../audio2_bsp//libhal_bsp.a(alt_dcache_flush_all.o)
 .debug_frame   0x000000000000029c       0x20 ../audio2_bsp//libhal_bsp.a(alt_dev.o)
 .debug_frame   0x00000000000002bc       0x2c ../audio2_bsp//libhal_bsp.a(alt_dev_llist_insert.o)
 .debug_frame   0x00000000000002e8       0x20 ../audio2_bsp//libhal_bsp.a(alt_icache_flush_all.o)
 .debug_frame   0x0000000000000308       0x20 ../audio2_bsp//libhal_bsp.a(altera_nios2_gen2_irq.o)

.debug_str      0x0000000000000000     0x100a
 *(.debug_str)
 .debug_str     0x0000000000000000      0x17d obj/default/hello_world_small.o
                                        0x1d4 (size before relaxing)
 .debug_str     0x000000000000017d      0x149 /home/isa/intelFPGA_lite/18.1/nios2eds/bin/gnu/H-x86_64-pc-linux-gnu/bin/../lib/gcc/nios2-elf/5.3.0/mno-hw-mul/libgcc.a(lib2-mul.o)
                                        0x194 (size before relaxing)
 .debug_str     0x00000000000002c6      0x3f7 /home/isa/intelFPGA_lite/18.1/nios2eds/bin/gnu/H-x86_64-pc-linux-gnu/bin/../lib/gcc/nios2-elf/5.3.0/../../../../../H-x86_64-pc-linux-gnu/nios2-elf/lib/mno-hw-mul/libsmallc.a(lib_a-puts.o)
                                        0x4ce (size before relaxing)
 .debug_str     0x00000000000006bd       0xd3 /home/isa/intelFPGA_lite/18.1/nios2eds/bin/gnu/H-x86_64-pc-linux-gnu/bin/../lib/gcc/nios2-elf/5.3.0/../../../../../H-x86_64-pc-linux-gnu/nios2-elf/lib/mno-hw-mul/libsmallc.a(lib_a-strlen.o)
                                        0x1e6 (size before relaxing)
 .debug_str     0x0000000000000790       0x63 /home/isa/intelFPGA_lite/18.1/nios2eds/bin/gnu/H-x86_64-pc-linux-gnu/bin/../lib/gcc/nios2-elf/5.3.0/../../../../../H-x86_64-pc-linux-gnu/nios2-elf/lib/mno-hw-mul/libsmallc.a(lib_a-fvwrite_small_dev.o)
                                        0x4d5 (size before relaxing)
 .debug_str     0x00000000000007f3       0xf0 /home/isa/intelFPGA_lite/18.1/nios2eds/bin/gnu/H-x86_64-pc-linux-gnu/bin/../lib/gcc/nios2-elf/5.3.0/../../../../../H-x86_64-pc-linux-gnu/nios2-elf/lib/mno-hw-mul/libsmallc.a(lib_a-impure.o)
                                        0x4bf (size before relaxing)
 .debug_str     0x00000000000008e3       0x45 /home/isa/intelFPGA_lite/18.1/nios2eds/bin/gnu/H-x86_64-pc-linux-gnu/bin/../lib/gcc/nios2-elf/5.3.0/../../../../../H-x86_64-pc-linux-gnu/nios2-elf/lib/mno-hw-mul/libsmallc.a(lib_a-writer.o)
                                        0x4b9 (size before relaxing)
 .debug_str     0x0000000000000928       0x3f /home/isa/intelFPGA_lite/18.1/nios2eds/bin/gnu/H-x86_64-pc-linux-gnu/bin/../lib/gcc/nios2-elf/5.3.0/../../../../../H-x86_64-pc-linux-gnu/nios2-elf/lib/mno-hw-mul/libsmallc.a(lib_a-int_errno.o)
                                        0x1d9 (size before relaxing)
 .debug_str     0x0000000000000967      0x153 ../audio2_bsp//libhal_bsp.a(alt_load.o)
                                        0x23a (size before relaxing)
 .debug_str     0x0000000000000aba       0xab ../audio2_bsp//libhal_bsp.a(alt_main.o)
                                        0x1dc (size before relaxing)
 .debug_str     0x0000000000000b65       0x6f ../audio2_bsp//libhal_bsp.a(alt_write.o)
                                        0x1d7 (size before relaxing)
 .debug_str     0x0000000000000bd4      0x236 ../audio2_bsp//libhal_bsp.a(alt_sys_init.o)
                                        0x409 (size before relaxing)
 .debug_str     0x0000000000000e0a       0x2c ../audio2_bsp//libhal_bsp.a(altera_avalon_jtag_uart_write.o)
                                        0x234 (size before relaxing)
 .debug_str     0x0000000000000e36       0x1f ../audio2_bsp//libhal_bsp.a(alt_dcache_flush_all.o)
                                        0x153 (size before relaxing)
 .debug_str     0x0000000000000e55      0x12c ../audio2_bsp//libhal_bsp.a(alt_dev.o)
                                        0x303 (size before relaxing)
 .debug_str     0x0000000000000f81       0x36 ../audio2_bsp//libhal_bsp.a(alt_dev_llist_insert.o)
                                        0x1ca (size before relaxing)
 .debug_str     0x0000000000000fb7       0x14 ../audio2_bsp//libhal_bsp.a(alt_errno.o)
                                        0x143 (size before relaxing)
 .debug_str     0x0000000000000fcb       0x1f ../audio2_bsp//libhal_bsp.a(alt_icache_flush_all.o)
                                        0x153 (size before relaxing)
 .debug_str     0x0000000000000fea       0x20 ../audio2_bsp//libhal_bsp.a(altera_nios2_gen2_irq.o)
                                        0x183 (size before relaxing)

.debug_loc      0x0000000000000000      0x577
 *(.debug_loc)
 .debug_loc     0x0000000000000000       0x69 obj/default/hello_world_small.o
 .debug_loc     0x0000000000000069       0x93 /home/isa/intelFPGA_lite/18.1/nios2eds/bin/gnu/H-x86_64-pc-linux-gnu/bin/../lib/gcc/nios2-elf/5.3.0/mno-hw-mul/libgcc.a(lib2-mul.o)
 .debug_loc     0x00000000000000fc       0x97 /home/isa/intelFPGA_lite/18.1/nios2eds/bin/gnu/H-x86_64-pc-linux-gnu/bin/../lib/gcc/nios2-elf/5.3.0/../../../../../H-x86_64-pc-linux-gnu/nios2-elf/lib/mno-hw-mul/libsmallc.a(lib_a-puts.o)
 .debug_loc     0x0000000000000193       0x1e /home/isa/intelFPGA_lite/18.1/nios2eds/bin/gnu/H-x86_64-pc-linux-gnu/bin/../lib/gcc/nios2-elf/5.3.0/../../../../../H-x86_64-pc-linux-gnu/nios2-elf/lib/mno-hw-mul/libsmallc.a(lib_a-strlen.o)
 .debug_loc     0x00000000000001b1      0x110 /home/isa/intelFPGA_lite/18.1/nios2eds/bin/gnu/H-x86_64-pc-linux-gnu/bin/../lib/gcc/nios2-elf/5.3.0/../../../../../H-x86_64-pc-linux-gnu/nios2-elf/lib/mno-hw-mul/libsmallc.a(lib_a-fvwrite_small_dev.o)
 .debug_loc     0x00000000000002c1       0xa5 /home/isa/intelFPGA_lite/18.1/nios2eds/bin/gnu/H-x86_64-pc-linux-gnu/bin/../lib/gcc/nios2-elf/5.3.0/../../../../../H-x86_64-pc-linux-gnu/nios2-elf/lib/mno-hw-mul/libsmallc.a(lib_a-writer.o)
 .debug_loc     0x0000000000000366       0xcf ../audio2_bsp//libhal_bsp.a(alt_write.o)
 .debug_loc     0x0000000000000435       0x39 ../audio2_bsp//libhal_bsp.a(alt_sys_init.o)
 .debug_loc     0x000000000000046e       0x8b ../audio2_bsp//libhal_bsp.a(altera_avalon_jtag_uart_write.o)
 .debug_loc     0x00000000000004f9       0x7e ../audio2_bsp//libhal_bsp.a(alt_dev_llist_insert.o)

.debug_macinfo
 *(.debug_macinfo)

.debug_weaknames
 *(.debug_weaknames)

.debug_funcnames
 *(.debug_funcnames)

.debug_typenames
 *(.debug_typenames)

.debug_varnames
 *(.debug_varnames)

.debug_alt_sim_info
                0x0000000000000000       0x10
 *(.debug_alt_sim_info)
 .debug_alt_sim_info
                0x0000000000000000       0x10 ../audio2_bsp//obj/HAL/src/crt0.o
                0x0000000000008000                __alt_data_end = 0x8000
                0x0000000000008000                PROVIDE (__alt_stack_pointer, __alt_data_end)
                [!provide]                        PROVIDE (__alt_stack_limit, __alt_stack_base)
                [!provide]                        PROVIDE (__alt_heap_start, end)
                [!provide]                        PROVIDE (__alt_heap_limit, 0x8000)
OUTPUT(audio2.elf elf32-littlenios2)

.debug_ranges   0x0000000000000000      0x150
 .debug_ranges  0x0000000000000000       0x20 ../audio2_bsp//obj/HAL/src/crt0.o
 .debug_ranges  0x0000000000000020       0x18 obj/default/hello_world_small.o
 .debug_ranges  0x0000000000000038       0x18 /home/isa/intelFPGA_lite/18.1/nios2eds/bin/gnu/H-x86_64-pc-linux-gnu/bin/../lib/gcc/nios2-elf/5.3.0/../../../../../H-x86_64-pc-linux-gnu/nios2-elf/lib/mno-hw-mul/libsmallc.a(lib_a-puts.o)
 .debug_ranges  0x0000000000000050       0x10 /home/isa/intelFPGA_lite/18.1/nios2eds/bin/gnu/H-x86_64-pc-linux-gnu/bin/../lib/gcc/nios2-elf/5.3.0/../../../../../H-x86_64-pc-linux-gnu/nios2-elf/lib/mno-hw-mul/libsmallc.a(lib_a-strlen.o)
 .debug_ranges  0x0000000000000060       0x28 /home/isa/intelFPGA_lite/18.1/nios2eds/bin/gnu/H-x86_64-pc-linux-gnu/bin/../lib/gcc/nios2-elf/5.3.0/../../../../../H-x86_64-pc-linux-gnu/nios2-elf/lib/mno-hw-mul/libsmallc.a(lib_a-fvwrite_small_dev.o)
 .debug_ranges  0x0000000000000088       0x10 /home/isa/intelFPGA_lite/18.1/nios2eds/bin/gnu/H-x86_64-pc-linux-gnu/bin/../lib/gcc/nios2-elf/5.3.0/../../../../../H-x86_64-pc-linux-gnu/nios2-elf/lib/mno-hw-mul/libsmallc.a(lib_a-writer.o)
 .debug_ranges  0x0000000000000098       0x48 ../audio2_bsp//libhal_bsp.a(alt_load.o)
 .debug_ranges  0x00000000000000e0       0x20 ../audio2_bsp//libhal_bsp.a(alt_write.o)
 .debug_ranges  0x0000000000000100       0x30 ../audio2_bsp//libhal_bsp.a(alt_sys_init.o)
 .debug_ranges  0x0000000000000130       0x20 ../audio2_bsp//libhal_bsp.a(alt_dev_llist_insert.o)
