Archive member included to satisfy reference by file (symbol)

/home/isa/intelFPGA_lite/18.1/nios2eds/bin/gnu/H-x86_64-pc-linux-gnu/bin/../lib/gcc/nios2-elf/5.3.0/mno-hw-mul/libgcc.a(lib2-divmod.o)
                              obj/default/hello_world_small.o (__modsi3)
/home/isa/intelFPGA_lite/18.1/nios2eds/bin/gnu/H-x86_64-pc-linux-gnu/bin/../lib/gcc/nios2-elf/5.3.0/../../../../../H-x86_64-pc-linux-gnu/nios2-elf/lib/mno-hw-mul/libsmallc.a(lib_a-strlen.o)
                              obj/default/hello_world_small.o (strlen)
../testnew_bsp//libhal_bsp.a(alt_irq_register.o)
                              obj/default/hello_world_small.o (alt_irq_register)
../testnew_bsp//libhal_bsp.a(alt_irq_vars.o)
                              ../testnew_bsp//libhal_bsp.a(alt_irq_register.o) (alt_irq_active)
../testnew_bsp//libhal_bsp.a(alt_load.o)
                              ../testnew_bsp//obj/HAL/src/crt0.o (alt_load)
../testnew_bsp//libhal_bsp.a(alt_main.o)
                              ../testnew_bsp//obj/HAL/src/crt0.o (alt_main)
../testnew_bsp//libhal_bsp.a(alt_printf.o)
                              obj/default/hello_world_small.o (alt_printf)
../testnew_bsp//libhal_bsp.a(alt_putchar.o)
                              ../testnew_bsp//libhal_bsp.a(alt_printf.o) (alt_putchar)
../testnew_bsp//libhal_bsp.a(alt_sys_init.o)
                              ../testnew_bsp//libhal_bsp.a(alt_main.o) (alt_irq_init)
../testnew_bsp//libhal_bsp.a(altera_avalon_jtag_uart_write.o)
                              ../testnew_bsp//libhal_bsp.a(alt_putchar.o) (altera_avalon_jtag_uart_write)
../testnew_bsp//libhal_bsp.a(altera_up_avalon_video_character_buffer_with_dma.o)
                              ../testnew_bsp//libhal_bsp.a(alt_sys_init.o) (alt_up_char_buffer_init)
../testnew_bsp//libhal_bsp.a(alt_dcache_flush_all.o)
                              ../testnew_bsp//libhal_bsp.a(alt_load.o) (alt_dcache_flush_all)
../testnew_bsp//libhal_bsp.a(alt_dev.o)
                              ../testnew_bsp//libhal_bsp.a(alt_sys_init.o) (alt_dev_list)
../testnew_bsp//libhal_bsp.a(alt_dev_llist_insert.o)
                              ../testnew_bsp//libhal_bsp.a(alt_sys_init.o) (alt_dev_llist_insert)
../testnew_bsp//libhal_bsp.a(alt_errno.o)
                              ../testnew_bsp//libhal_bsp.a(alt_dev_llist_insert.o) (alt_errno)
../testnew_bsp//libhal_bsp.a(alt_find_dev.o)
                              ../testnew_bsp//libhal_bsp.a(altera_up_avalon_video_character_buffer_with_dma.o) (alt_find_dev)
../testnew_bsp//libhal_bsp.a(alt_icache_flush_all.o)
                              ../testnew_bsp//libhal_bsp.a(alt_load.o) (alt_icache_flush_all)
../testnew_bsp//libhal_bsp.a(alt_irq_entry.o)
                              ../testnew_bsp//libhal_bsp.a(alt_irq_register.o) (alt_irq_entry)
../testnew_bsp//libhal_bsp.a(alt_irq_handler.o)
                              ../testnew_bsp//libhal_bsp.a(alt_irq_register.o) (alt_irq_handler)
../testnew_bsp//libhal_bsp.a(altera_nios2_gen2_irq.o)
                              ../testnew_bsp//libhal_bsp.a(alt_sys_init.o) (altera_nios2_gen2_irq_init)
../testnew_bsp//libhal_bsp.a(alt_exception_entry.o)
                              ../testnew_bsp//libhal_bsp.a(alt_irq_entry.o) (alt_exception)
../testnew_bsp//libhal_bsp.a(alt_instruction_exception_entry.o)
                              ../testnew_bsp//libhal_bsp.a(alt_exception_entry.o) (alt_instruction_exception_entry)
/home/isa/intelFPGA_lite/18.1/nios2eds/bin/gnu/H-x86_64-pc-linux-gnu/bin/../lib/gcc/nios2-elf/5.3.0/../../../../../H-x86_64-pc-linux-gnu/nios2-elf/lib/mno-hw-mul/libsmallc.a(lib_a-int_errno.o)
                              ../testnew_bsp//libhal_bsp.a(alt_dev_llist_insert.o) (errno)
/home/isa/intelFPGA_lite/18.1/nios2eds/bin/gnu/H-x86_64-pc-linux-gnu/bin/../lib/gcc/nios2-elf/5.3.0/../../../../../H-x86_64-pc-linux-gnu/nios2-elf/lib/mno-hw-mul/libsmallc.a(lib_a-memcmp.o)
                              ../testnew_bsp//libhal_bsp.a(alt_find_dev.o) (memcmp)
/home/isa/intelFPGA_lite/18.1/nios2eds/bin/gnu/H-x86_64-pc-linux-gnu/bin/../lib/gcc/nios2-elf/5.3.0/../../../../../H-x86_64-pc-linux-gnu/nios2-elf/lib/mno-hw-mul/libsmallc.a(lib_a-strcmp.o)
                              ../testnew_bsp//libhal_bsp.a(altera_up_avalon_video_character_buffer_with_dma.o) (strcmp)

Allocating common symbols
Common symbol       size              file

alt_irq             0x100             ../testnew_bsp//libhal_bsp.a(alt_irq_handler.o)
errno               0x4               /home/isa/intelFPGA_lite/18.1/nios2eds/bin/gnu/H-x86_64-pc-linux-gnu/bin/../lib/gcc/nios2-elf/5.3.0/../../../../../H-x86_64-pc-linux-gnu/nios2-elf/lib/mno-hw-mul/libsmallc.a(lib_a-int_errno.o)
elapsed_ms          0x4               obj/default/hello_world_small.o

Memory Configuration

Name             Origin             Length             Attributes
reset            0x0000000000020000 0x0000000000000020
RAM              0x0000000000020020 0x000000000001ffe0
*default*        0x0000000000000000 0xffffffffffffffff

Linker script and memory map

LOAD ../testnew_bsp//obj/HAL/src/crt0.o
LOAD obj/default/hello_world_small.o
LOAD /home/isa/intelFPGA_lite/18.1/nios2eds/bin/gnu/H-x86_64-pc-linux-gnu/bin/../lib/gcc/nios2-elf/5.3.0/../../../../../H-x86_64-pc-linux-gnu/nios2-elf/lib/mno-hw-mul/libstdc++.a
LOAD /home/isa/intelFPGA_lite/18.1/nios2eds/bin/gnu/H-x86_64-pc-linux-gnu/bin/../lib/gcc/nios2-elf/5.3.0/../../../../../H-x86_64-pc-linux-gnu/nios2-elf/lib/mno-hw-mul/libm.a
LOAD /home/isa/intelFPGA_lite/18.1/nios2eds/bin/gnu/H-x86_64-pc-linux-gnu/bin/../lib/gcc/nios2-elf/5.3.0/mno-hw-mul/libgcc.a
START GROUP
LOAD /home/isa/intelFPGA_lite/18.1/nios2eds/bin/gnu/H-x86_64-pc-linux-gnu/bin/../lib/gcc/nios2-elf/5.3.0/../../../../../H-x86_64-pc-linux-gnu/nios2-elf/lib/mno-hw-mul/libsmallc.a
LOAD /home/isa/intelFPGA_lite/18.1/nios2eds/bin/gnu/H-x86_64-pc-linux-gnu/bin/../lib/gcc/nios2-elf/5.3.0/mno-hw-mul/libgcc.a
LOAD ../testnew_bsp//libhal_bsp.a
LOAD /home/isa/intelFPGA_lite/18.1/nios2eds/bin/gnu/H-x86_64-pc-linux-gnu/bin/../lib/gcc/nios2-elf/5.3.0/../../../../../H-x86_64-pc-linux-gnu/nios2-elf/lib/mno-hw-mul/libm.a
END GROUP
LOAD /home/isa/intelFPGA_lite/18.1/nios2eds/bin/gnu/H-x86_64-pc-linux-gnu/bin/../lib/gcc/nios2-elf/5.3.0/mno-hw-mul/libgcc.a
                0x0000000000020000                __alt_mem_RAM = 0x20000

.entry          0x0000000000020000       0x20
 *(.entry)
 .entry         0x0000000000020000       0x20 ../testnew_bsp//obj/HAL/src/crt0.o
                0x0000000000020000                __reset
                0x000000000002000c                _exit

.exceptions     0x0000000000020020      0x160
                0x0000000000020020                PROVIDE (__ram_exceptions_start, ABSOLUTE (.))
                0x0000000000020020                . = ALIGN (0x20)
 *(.irq)
 *(.exceptions.entry.label)
 .exceptions.entry.label
                0x0000000000020020        0x0 ../testnew_bsp//libhal_bsp.a(alt_irq_entry.o)
                0x0000000000020020                alt_irq_entry
 .exceptions.entry.label
                0x0000000000020020        0x0 ../testnew_bsp//libhal_bsp.a(alt_exception_entry.o)
                0x0000000000020020                alt_exception
 *(.exceptions.entry.user)
 *(.exceptions.entry.ecc_fatal)
 *(.exceptions.entry)
 .exceptions.entry
                0x0000000000020020       0x54 ../testnew_bsp//libhal_bsp.a(alt_exception_entry.o)
 *(.exceptions.irqtest.user)
 *(.exceptions.irqtest)
 .exceptions.irqtest
                0x0000000000020074       0x10 ../testnew_bsp//libhal_bsp.a(alt_irq_entry.o)
 *(.exceptions.irqhandler.user)
 *(.exceptions.irqhandler)
 .exceptions.irqhandler
                0x0000000000020084        0x4 ../testnew_bsp//libhal_bsp.a(alt_irq_entry.o)
 *(.exceptions.irqreturn.user)
 *(.exceptions.irqreturn)
 .exceptions.irqreturn
                0x0000000000020088        0x4 ../testnew_bsp//libhal_bsp.a(alt_irq_entry.o)
 *(.exceptions.notirq.label)
 .exceptions.notirq.label
                0x000000000002008c        0x0 ../testnew_bsp//libhal_bsp.a(alt_irq_entry.o)
 *(.exceptions.notirq.user)
 *(.exceptions.notirq)
 .exceptions.notirq
                0x000000000002008c        0x8 ../testnew_bsp//libhal_bsp.a(alt_exception_entry.o)
 *(.exceptions.soft.user)
 *(.exceptions.soft)
 *(.exceptions.unknown.user)
 *(.exceptions.unknown)
 .exceptions.unknown
                0x0000000000020094       0x14 ../testnew_bsp//libhal_bsp.a(alt_exception_entry.o)
 *(.exceptions.exit.label)
 .exceptions.exit.label
                0x00000000000200a8        0x0 ../testnew_bsp//libhal_bsp.a(alt_irq_entry.o)
 .exceptions.exit.label
                0x00000000000200a8        0x0 ../testnew_bsp//libhal_bsp.a(alt_exception_entry.o)
 *(.exceptions.exit.user)
 *(.exceptions.exit)
 .exceptions.exit
                0x00000000000200a8       0x54 ../testnew_bsp//libhal_bsp.a(alt_exception_entry.o)
 *(.exceptions)
 .exceptions    0x00000000000200fc       0x60 ../testnew_bsp//libhal_bsp.a(alt_irq_handler.o)
                0x00000000000200fc                alt_irq_handler
 .exceptions    0x000000000002015c       0x24 ../testnew_bsp//libhal_bsp.a(alt_instruction_exception_entry.o)
                0x000000000002015c                alt_instruction_exception_entry
                0x0000000000020180                PROVIDE (__ram_exceptions_end, ABSOLUTE (.))
                0x0000000000020020                PROVIDE (__flash_exceptions_start, LOADADDR (.exceptions))

.text           0x0000000000020180      0xe98
                [!provide]                        PROVIDE (stext, ABSOLUTE (.))
 *(.interp)
 *(.hash)
 *(.dynsym)
 *(.dynstr)
 *(.gnu.version)
 *(.gnu.version_d)
 *(.gnu.version_r)
 *(.rel.init)
 *(.rela.init)
 *(.rel.text .rel.text.* .rel.gnu.linkonce.t.*)
 *(.rela.text .rela.text.* .rela.gnu.linkonce.t.*)
 *(.rel.fini)
 *(.rela.fini)
 *(.rel.rodata .rel.rodata.* .rel.gnu.linkonce.r.*)
 *(.rela.rodata .rela.rodata.* .rela.gnu.linkonce.r.*)
 *(.rel.data .rel.data.* .rel.gnu.linkonce.d.*)
 *(.rela.data .rela.data.* .rela.gnu.linkonce.d.*)
 *(.rel.tdata .rel.tdata.* .rel.gnu.linkonce.td.*)
 *(.rela.tdata .rela.tdata.* .rela.gnu.linkonce.td.*)
 *(.rel.tbss .rel.tbss.* .rel.gnu.linkonce.tb.*)
 *(.rela.tbss .rela.tbss.* .rela.gnu.linkonce.tb.*)
 *(.rel.ctors)
 *(.rela.ctors)
 *(.rel.dtors)
 *(.rela.dtors)
 *(.rel.got)
 *(.rela.got)
 *(.rel.sdata .rel.sdata.* .rel.gnu.linkonce.s.*)
 *(.rela.sdata .rela.sdata.* .rela.gnu.linkonce.s.*)
 *(.rel.sbss .rel.sbss.* .rel.gnu.linkonce.sb.*)
 *(.rela.sbss .rela.sbss.* .rela.gnu.linkonce.sb.*)
 *(.rel.sdata2 .rel.sdata2.* .rel.gnu.linkonce.s2.*)
 *(.rela.sdata2 .rela.sdata2.* .rela.gnu.linkonce.s2.*)
 *(.rel.sbss2 .rel.sbss2.* .rel.gnu.linkonce.sb2.*)
 *(.rela.sbss2 .rela.sbss2.* .rela.gnu.linkonce.sb2.*)
 *(.rel.bss .rel.bss.* .rel.gnu.linkonce.b.*)
 *(.rela.bss .rela.bss.* .rela.gnu.linkonce.b.*)
 *(.rel.plt)
 *(.rela.plt)
 *(.rel.dyn)
 *(.init)
 *(.plt)
 *(.text .stub .text.* .gnu.linkonce.t.*)
 .text          0x0000000000020180       0x3c ../testnew_bsp//obj/HAL/src/crt0.o
                0x0000000000020180                _start
 .text          0x00000000000201bc      0x30c obj/default/hello_world_small.o
                0x00000000000201bc                decoder7seg
                0x00000000000201e0                update_display
                0x00000000000202c0                timer_ir_handler
                0x0000000000020334                init_audio
                0x0000000000020350                get_fifo_space
                0x0000000000020360                write_audio_sample
                0x00000000000203a4                init_message_ram
                0x00000000000203f4                vga_show_from_ram
 .text.startup  0x00000000000204c8      0x23c obj/default/hello_world_small.o
                0x00000000000204c8                main
 .text          0x0000000000020704      0x1b4 /home/isa/intelFPGA_lite/18.1/nios2eds/bin/gnu/H-x86_64-pc-linux-gnu/bin/../lib/gcc/nios2-elf/5.3.0/mno-hw-mul/libgcc.a(lib2-divmod.o)
                0x0000000000020704                __divsi3
                0x0000000000020788                __modsi3
                0x00000000000207fc                __udivsi3
                0x0000000000020860                __umodsi3
 .text          0x00000000000208b8        0x0 /home/isa/intelFPGA_lite/18.1/nios2eds/bin/gnu/H-x86_64-pc-linux-gnu/bin/../lib/gcc/nios2-elf/5.3.0/../../../../../H-x86_64-pc-linux-gnu/nios2-elf/lib/mno-hw-mul/libsmallc.a(lib_a-strlen.o)
 .text.strlen   0x00000000000208b8       0x1c /home/isa/intelFPGA_lite/18.1/nios2eds/bin/gnu/H-x86_64-pc-linux-gnu/bin/../lib/gcc/nios2-elf/5.3.0/../../../../../H-x86_64-pc-linux-gnu/nios2-elf/lib/mno-hw-mul/libsmallc.a(lib_a-strlen.o)
                0x00000000000208b8                strlen
 .text          0x00000000000208d4       0x94 ../testnew_bsp//libhal_bsp.a(alt_irq_register.o)
                0x00000000000208d4                alt_irq_register
 .text          0x0000000000020968        0x0 ../testnew_bsp//libhal_bsp.a(alt_irq_vars.o)
 .text          0x0000000000020968       0xe0 ../testnew_bsp//libhal_bsp.a(alt_load.o)
                0x0000000000020968                alt_load
 .text          0x0000000000020a48       0x2c ../testnew_bsp//libhal_bsp.a(alt_main.o)
                0x0000000000020a48                alt_main
 .text          0x0000000000020a74      0x170 ../testnew_bsp//libhal_bsp.a(alt_printf.o)
                0x0000000000020a74                alt_printf
 .text          0x0000000000020be4       0x48 ../testnew_bsp//libhal_bsp.a(alt_putchar.o)
                0x0000000000020be4                alt_putchar
 .text          0x0000000000020c2c       0xb4 ../testnew_bsp//libhal_bsp.a(alt_sys_init.o)
                0x0000000000020c2c                alt_irq_init
                0x0000000000020c4c                alt_sys_init
 .text          0x0000000000020ce0       0x34 ../testnew_bsp//libhal_bsp.a(altera_avalon_jtag_uart_write.o)
                0x0000000000020ce0                altera_avalon_jtag_uart_write
 .text          0x0000000000020d14      0x130 ../testnew_bsp//libhal_bsp.a(altera_up_avalon_video_character_buffer_with_dma.o)
                0x0000000000020d14                alt_up_char_buffer_init
                0x0000000000020d60                alt_up_char_buffer_open_dev
                0x0000000000020d68                alt_up_char_buffer_draw
                0x0000000000020db8                alt_up_char_buffer_string
                0x0000000000020e24                alt_up_char_buffer_clear
 .text          0x0000000000020e44        0x4 ../testnew_bsp//libhal_bsp.a(alt_dcache_flush_all.o)
                0x0000000000020e44                alt_dcache_flush_all
 .text          0x0000000000020e48        0x8 ../testnew_bsp//libhal_bsp.a(alt_dev.o)
 .text          0x0000000000020e50       0x6c ../testnew_bsp//libhal_bsp.a(alt_dev_llist_insert.o)
                0x0000000000020e50                alt_dev_llist_insert
 .text          0x0000000000020ebc        0x0 ../testnew_bsp//libhal_bsp.a(alt_errno.o)
 .text          0x0000000000020ebc       0x74 ../testnew_bsp//libhal_bsp.a(alt_find_dev.o)
                0x0000000000020ebc                alt_find_dev
 .text          0x0000000000020f30        0x4 ../testnew_bsp//libhal_bsp.a(alt_icache_flush_all.o)
                0x0000000000020f30                alt_icache_flush_all
 .text          0x0000000000020f34        0x0 ../testnew_bsp//libhal_bsp.a(alt_irq_entry.o)
 .text          0x0000000000020f34        0x0 ../testnew_bsp//libhal_bsp.a(alt_irq_handler.o)
 .text          0x0000000000020f34        0x8 ../testnew_bsp//libhal_bsp.a(altera_nios2_gen2_irq.o)
                0x0000000000020f34                altera_nios2_gen2_irq_init
 .text          0x0000000000020f3c        0x0 ../testnew_bsp//libhal_bsp.a(alt_exception_entry.o)
 .text          0x0000000000020f3c       0x74 ../testnew_bsp//libhal_bsp.a(alt_instruction_exception_entry.o)
                0x0000000000020f3c                alt_exception_cause_generated_bad_addr
 .text          0x0000000000020fb0        0x0 /home/isa/intelFPGA_lite/18.1/nios2eds/bin/gnu/H-x86_64-pc-linux-gnu/bin/../lib/gcc/nios2-elf/5.3.0/../../../../../H-x86_64-pc-linux-gnu/nios2-elf/lib/mno-hw-mul/libsmallc.a(lib_a-int_errno.o)
 .text          0x0000000000020fb0        0x0 /home/isa/intelFPGA_lite/18.1/nios2eds/bin/gnu/H-x86_64-pc-linux-gnu/bin/../lib/gcc/nios2-elf/5.3.0/../../../../../H-x86_64-pc-linux-gnu/nios2-elf/lib/mno-hw-mul/libsmallc.a(lib_a-memcmp.o)
 .text.memcmp   0x0000000000020fb0       0x30 /home/isa/intelFPGA_lite/18.1/nios2eds/bin/gnu/H-x86_64-pc-linux-gnu/bin/../lib/gcc/nios2-elf/5.3.0/../../../../../H-x86_64-pc-linux-gnu/nios2-elf/lib/mno-hw-mul/libsmallc.a(lib_a-memcmp.o)
                0x0000000000020fb0                memcmp
 .text          0x0000000000020fe0        0x0 /home/isa/intelFPGA_lite/18.1/nios2eds/bin/gnu/H-x86_64-pc-linux-gnu/bin/../lib/gcc/nios2-elf/5.3.0/../../../../../H-x86_64-pc-linux-gnu/nios2-elf/lib/mno-hw-mul/libsmallc.a(lib_a-strcmp.o)
 .text.strcmp   0x0000000000020fe0       0x38 /home/isa/intelFPGA_lite/18.1/nios2eds/bin/gnu/H-x86_64-pc-linux-gnu/bin/../lib/gcc/nios2-elf/5.3.0/../../../../../H-x86_64-pc-linux-gnu/nios2-elf/lib/mno-hw-mul/libsmallc.a(lib_a-strcmp.o)
                0x0000000000020fe0                strcmp
 *(.gnu.warning.*)
 *(.fini)
                [!provide]                        PROVIDE (__etext, ABSOLUTE (.))
                [!provide]                        PROVIDE (_etext, ABSOLUTE (.))
                [!provide]                        PROVIDE (etext, ABSOLUTE (.))
 *(.eh_frame_hdr)
                0x0000000000021018                . = ALIGN (0x4)
                [!provide]                        PROVIDE (__preinit_array_start, ABSOLUTE (.))
 *(.preinit_array)
                [!provide]                        PROVIDE (__preinit_array_end, ABSOLUTE (.))
                [!provide]                        PROVIDE (__init_array_start, ABSOLUTE (.))
 *(.init_array)
                [!provide]                        PROVIDE (__init_array_end, ABSOLUTE (.))
                [!provide]                        PROVIDE (__fini_array_start, ABSOLUTE (.))
 *(.fini_array)
                [!provide]                        PROVIDE (__fini_array_end, ABSOLUTE (.))
 *(.eh_frame)
 *(.gcc_except_table .gcc_except_table.*)
 *(.dynamic)
                [!provide]                        PROVIDE (__CTOR_LIST__, ABSOLUTE (.))
 *(.ctors)
 *(SORT(.ctors.*))
                [!provide]                        PROVIDE (__CTOR_END__, ABSOLUTE (.))
                [!provide]                        PROVIDE (__DTOR_LIST__, ABSOLUTE (.))
 *(.dtors)
 *(SORT(.dtors.*))
                [!provide]                        PROVIDE (__DTOR_END__, ABSOLUTE (.))
 *(.jcr)
                0x0000000000021018                . = ALIGN (0x4)

.rodata         0x0000000000021018       0xc4
                0x0000000000021018                PROVIDE (__ram_rodata_start, ABSOLUTE (.))
                0x0000000000021018                . = ALIGN (0x4)
 *(.rodata .rodata.* .gnu.linkonce.r.*)
 .rodata.str1.4
                0x0000000000021018       0x5d obj/default/hello_world_small.o
 .rodata        0x0000000000021075        0xa obj/default/hello_world_small.o
 *fill*         0x000000000002107f        0x1 
 .rodata.str1.4
                0x0000000000021080       0x4d ../testnew_bsp//libhal_bsp.a(alt_sys_init.o)
 .rodata.str1.4
                0x00000000000210cd       0x4d ../testnew_bsp//libhal_bsp.a(altera_up_avalon_video_character_buffer_with_dma.o)
                                         0x1a (size before relaxing)
 *fill*         0x00000000000210cd        0x3 
 .rodata.str1.4
                0x00000000000210d0        0xc ../testnew_bsp//libhal_bsp.a(alt_dev.o)
                                          0xa (size before relaxing)
 *(.rodata1)
                0x00000000000210dc                . = ALIGN (0x4)
                0x00000000000210dc                PROVIDE (__ram_rodata_end, ABSOLUTE (.))
                0x0000000000021018                PROVIDE (__flash_rodata_start, LOADADDR (.rodata))

.rwdata         0x00000000000210dc      0x13c load address 0x0000000000021218
                0x00000000000210dc                PROVIDE (__ram_rwdata_start, ABSOLUTE (.))
                0x00000000000210dc                . = ALIGN (0x4)
 *(.got.plt)
 *(.got)
 *(.data1)
 *(.data .data.* .gnu.linkonce.d.*)
 .data          0x00000000000210dc        0x0 ../testnew_bsp//obj/HAL/src/crt0.o
 .data          0x00000000000210dc        0xc obj/default/hello_world_small.o
                0x00000000000210dc                song_msgs
 .data          0x00000000000210e8        0x0 /home/isa/intelFPGA_lite/18.1/nios2eds/bin/gnu/H-x86_64-pc-linux-gnu/bin/../lib/gcc/nios2-elf/5.3.0/mno-hw-mul/libgcc.a(lib2-divmod.o)
 .data          0x00000000000210e8        0x0 /home/isa/intelFPGA_lite/18.1/nios2eds/bin/gnu/H-x86_64-pc-linux-gnu/bin/../lib/gcc/nios2-elf/5.3.0/../../../../../H-x86_64-pc-linux-gnu/nios2-elf/lib/mno-hw-mul/libsmallc.a(lib_a-strlen.o)
 .data          0x00000000000210e8        0x0 ../testnew_bsp//libhal_bsp.a(alt_irq_register.o)
 .data          0x00000000000210e8        0x0 ../testnew_bsp//libhal_bsp.a(alt_irq_vars.o)
 .data          0x00000000000210e8        0x0 ../testnew_bsp//libhal_bsp.a(alt_load.o)
 .data          0x00000000000210e8        0x0 ../testnew_bsp//libhal_bsp.a(alt_main.o)
 .data          0x00000000000210e8        0x0 ../testnew_bsp//libhal_bsp.a(alt_printf.o)
 .data          0x00000000000210e8        0x0 ../testnew_bsp//libhal_bsp.a(alt_putchar.o)
 .data          0x00000000000210e8       0xa8 ../testnew_bsp//libhal_bsp.a(alt_sys_init.o)
 .data          0x0000000000021190        0x0 ../testnew_bsp//libhal_bsp.a(altera_avalon_jtag_uart_write.o)
 .data          0x0000000000021190        0x0 ../testnew_bsp//libhal_bsp.a(altera_up_avalon_video_character_buffer_with_dma.o)
 .data          0x0000000000021190        0x0 ../testnew_bsp//libhal_bsp.a(alt_dcache_flush_all.o)
 .data          0x0000000000021190       0x58 ../testnew_bsp//libhal_bsp.a(alt_dev.o)
                0x0000000000021190                alt_fd_list
                0x00000000000211c0                alt_dev_null
 .data          0x00000000000211e8        0x0 ../testnew_bsp//libhal_bsp.a(alt_dev_llist_insert.o)
 .data          0x00000000000211e8        0x0 ../testnew_bsp//libhal_bsp.a(alt_errno.o)
 .data          0x00000000000211e8        0x0 ../testnew_bsp//libhal_bsp.a(alt_find_dev.o)
 .data          0x00000000000211e8        0x0 ../testnew_bsp//libhal_bsp.a(alt_icache_flush_all.o)
 .data          0x00000000000211e8        0x0 ../testnew_bsp//libhal_bsp.a(alt_irq_entry.o)
 .data          0x00000000000211e8        0x0 ../testnew_bsp//libhal_bsp.a(alt_irq_handler.o)
 .data          0x00000000000211e8        0x0 ../testnew_bsp//libhal_bsp.a(altera_nios2_gen2_irq.o)
 .data          0x00000000000211e8        0x0 ../testnew_bsp//libhal_bsp.a(alt_exception_entry.o)
 .data          0x00000000000211e8        0x0 ../testnew_bsp//libhal_bsp.a(alt_instruction_exception_entry.o)
 .data          0x00000000000211e8        0x0 /home/isa/intelFPGA_lite/18.1/nios2eds/bin/gnu/H-x86_64-pc-linux-gnu/bin/../lib/gcc/nios2-elf/5.3.0/../../../../../H-x86_64-pc-linux-gnu/nios2-elf/lib/mno-hw-mul/libsmallc.a(lib_a-int_errno.o)
 .data          0x00000000000211e8        0x0 /home/isa/intelFPGA_lite/18.1/nios2eds/bin/gnu/H-x86_64-pc-linux-gnu/bin/../lib/gcc/nios2-elf/5.3.0/../../../../../H-x86_64-pc-linux-gnu/nios2-elf/lib/mno-hw-mul/libsmallc.a(lib_a-memcmp.o)
 .data          0x00000000000211e8        0x0 /home/isa/intelFPGA_lite/18.1/nios2eds/bin/gnu/H-x86_64-pc-linux-gnu/bin/../lib/gcc/nios2-elf/5.3.0/../../../../../H-x86_64-pc-linux-gnu/nios2-elf/lib/mno-hw-mul/libsmallc.a(lib_a-strcmp.o)
                0x00000000000291e8                _gp = ABSOLUTE ((. + 0x8000))
                [!provide]                        PROVIDE (gp, _gp)
 *(.rwdata .rwdata.*)
 *(.sdata .sdata.* .gnu.linkonce.s.*)
 .sdata         0x00000000000211e8       0x10 obj/default/hello_world_small.o
                0x00000000000211e8                audio_right_ptr
                0x00000000000211ec                audio_left_ptr
                0x00000000000211f0                audio_fifospace_ptr
                0x00000000000211f4                audio_control_ptr
 .sdata         0x00000000000211f8        0x4 ../testnew_bsp//libhal_bsp.a(alt_irq_vars.o)
                0x00000000000211f8                alt_priority_mask
 .sdata         0x00000000000211fc        0x4 ../testnew_bsp//libhal_bsp.a(alt_sys_init.o)
                0x00000000000211fc                JTAG
 .sdata         0x0000000000021200       0x14 ../testnew_bsp//libhal_bsp.a(alt_dev.o)
                0x0000000000021200                alt_max_fd
                0x0000000000021204                alt_dev_list
                0x000000000002120c                alt_fs_list
 .sdata         0x0000000000021214        0x4 ../testnew_bsp//libhal_bsp.a(alt_errno.o)
                0x0000000000021214                alt_errno
 *(.sdata2 .sdata2.* .gnu.linkonce.s2.*)
                0x0000000000021218                . = ALIGN (0x4)
                0x0000000000021218                _edata = ABSOLUTE (.)
                [!provide]                        PROVIDE (edata, ABSOLUTE (.))
                0x0000000000021218                PROVIDE (__ram_rwdata_end, ABSOLUTE (.))
                0x0000000000021218                PROVIDE (__flash_rwdata_start, LOADADDR (.rwdata))

.bss            0x0000000000021354      0x120
                0x0000000000021354                __bss_start = ABSOLUTE (.)
                [!provide]                        PROVIDE (__sbss_start, ABSOLUTE (.))
                [!provide]                        PROVIDE (___sbss_start, ABSOLUTE (.))
 *(.dynsbss)
 *(.sbss .sbss.* .gnu.linkonce.sb.*)
 .sbss          0x0000000000021354        0x2 obj/default/hello_world_small.o
                0x0000000000021355                paused
 *fill*         0x0000000000021356        0x2 
 .sbss          0x0000000000021358        0x4 obj/default/hello_world_small.o
                0x0000000000021358                elapsed_ms
 .sbss          0x000000000002135c        0x4 ../testnew_bsp//libhal_bsp.a(alt_irq_vars.o)
                0x000000000002135c                alt_irq_active
 .sbss          0x0000000000021360        0xc ../testnew_bsp//libhal_bsp.a(alt_main.o)
                0x0000000000021360                alt_envp
                0x0000000000021364                alt_argv
                0x0000000000021368                alt_argc
 .sbss          0x000000000002136c        0x4 ../testnew_bsp//libhal_bsp.a(alt_instruction_exception_entry.o)
                0x000000000002136c                alt_instruction_exception_handler
 .sbss          0x0000000000021370        0x4 /home/isa/intelFPGA_lite/18.1/nios2eds/bin/gnu/H-x86_64-pc-linux-gnu/bin/../lib/gcc/nios2-elf/5.3.0/../../../../../H-x86_64-pc-linux-gnu/nios2-elf/lib/mno-hw-mul/libsmallc.a(lib_a-int_errno.o)
                0x0000000000021370                errno
 *(.sbss2 .sbss2.* .gnu.linkonce.sb2.*)
 *(.scommon)
                [!provide]                        PROVIDE (__sbss_end, ABSOLUTE (.))
                [!provide]                        PROVIDE (___sbss_end, ABSOLUTE (.))
 *(.dynbss)
 *(.bss .bss.* .gnu.linkonce.b.*)
 .bss           0x0000000000021374        0x0 ../testnew_bsp//obj/HAL/src/crt0.o
 .bss           0x0000000000021374        0x0 obj/default/hello_world_small.o
 .bss           0x0000000000021374        0x0 /home/isa/intelFPGA_lite/18.1/nios2eds/bin/gnu/H-x86_64-pc-linux-gnu/bin/../lib/gcc/nios2-elf/5.3.0/mno-hw-mul/libgcc.a(lib2-divmod.o)
 .bss           0x0000000000021374        0x0 /home/isa/intelFPGA_lite/18.1/nios2eds/bin/gnu/H-x86_64-pc-linux-gnu/bin/../lib/gcc/nios2-elf/5.3.0/../../../../../H-x86_64-pc-linux-gnu/nios2-elf/lib/mno-hw-mul/libsmallc.a(lib_a-strlen.o)
 .bss           0x0000000000021374        0x0 ../testnew_bsp//libhal_bsp.a(alt_irq_register.o)
 .bss           0x0000000000021374        0x0 ../testnew_bsp//libhal_bsp.a(alt_irq_vars.o)
 .bss           0x0000000000021374        0x0 ../testnew_bsp//libhal_bsp.a(alt_load.o)
 .bss           0x0000000000021374        0x0 ../testnew_bsp//libhal_bsp.a(alt_main.o)
 .bss           0x0000000000021374        0x0 ../testnew_bsp//libhal_bsp.a(alt_printf.o)
 .bss           0x0000000000021374        0x0 ../testnew_bsp//libhal_bsp.a(alt_putchar.o)
 .bss           0x0000000000021374        0x0 ../testnew_bsp//libhal_bsp.a(alt_sys_init.o)
 .bss           0x0000000000021374        0x0 ../testnew_bsp//libhal_bsp.a(altera_avalon_jtag_uart_write.o)
 .bss           0x0000000000021374        0x0 ../testnew_bsp//libhal_bsp.a(altera_up_avalon_video_character_buffer_with_dma.o)
 .bss           0x0000000000021374        0x0 ../testnew_bsp//libhal_bsp.a(alt_dcache_flush_all.o)
 .bss           0x0000000000021374        0x0 ../testnew_bsp//libhal_bsp.a(alt_dev.o)
 .bss           0x0000000000021374        0x0 ../testnew_bsp//libhal_bsp.a(alt_dev_llist_insert.o)
 .bss           0x0000000000021374        0x0 ../testnew_bsp//libhal_bsp.a(alt_errno.o)
 .bss           0x0000000000021374        0x0 ../testnew_bsp//libhal_bsp.a(alt_find_dev.o)
 .bss           0x0000000000021374        0x0 ../testnew_bsp//libhal_bsp.a(alt_icache_flush_all.o)
 .bss           0x0000000000021374        0x0 ../testnew_bsp//libhal_bsp.a(alt_irq_entry.o)
 .bss           0x0000000000021374        0x0 ../testnew_bsp//libhal_bsp.a(alt_irq_handler.o)
 .bss           0x0000000000021374        0x0 ../testnew_bsp//libhal_bsp.a(altera_nios2_gen2_irq.o)
 .bss           0x0000000000021374        0x0 ../testnew_bsp//libhal_bsp.a(alt_exception_entry.o)
 .bss           0x0000000000021374        0x0 ../testnew_bsp//libhal_bsp.a(alt_instruction_exception_entry.o)
 .bss           0x0000000000021374        0x0 /home/isa/intelFPGA_lite/18.1/nios2eds/bin/gnu/H-x86_64-pc-linux-gnu/bin/../lib/gcc/nios2-elf/5.3.0/../../../../../H-x86_64-pc-linux-gnu/nios2-elf/lib/mno-hw-mul/libsmallc.a(lib_a-int_errno.o)
 .bss           0x0000000000021374        0x0 /home/isa/intelFPGA_lite/18.1/nios2eds/bin/gnu/H-x86_64-pc-linux-gnu/bin/../lib/gcc/nios2-elf/5.3.0/../../../../../H-x86_64-pc-linux-gnu/nios2-elf/lib/mno-hw-mul/libsmallc.a(lib_a-memcmp.o)
 .bss           0x0000000000021374        0x0 /home/isa/intelFPGA_lite/18.1/nios2eds/bin/gnu/H-x86_64-pc-linux-gnu/bin/../lib/gcc/nios2-elf/5.3.0/../../../../../H-x86_64-pc-linux-gnu/nios2-elf/lib/mno-hw-mul/libsmallc.a(lib_a-strcmp.o)
 *(COMMON)
 COMMON         0x0000000000021374      0x100 ../testnew_bsp//libhal_bsp.a(alt_irq_handler.o)
                0x0000000000021374                alt_irq
                0x0000000000021474                . = ALIGN (0x4)
                0x0000000000021474                __bss_end = ABSOLUTE (.)

.RAM            0x0000000000021474        0x0
                [!provide]                        PROVIDE (_alt_partition_RAM_start, ABSOLUTE (.))
 *(.RAM .RAM. RAM.*)
                0x0000000000021474                . = ALIGN (0x4)
                [!provide]                        PROVIDE (_alt_partition_RAM_end, ABSOLUTE (.))
                0x0000000000021474                _end = ABSOLUTE (.)
                0x0000000000021474                end = ABSOLUTE (.)
                0x0000000000021474                __alt_stack_base = ABSOLUTE (.)
                [!provide]                        PROVIDE (_alt_partition_RAM_load_addr, LOADADDR (.RAM))

.stab
 *(.stab)

.stabstr
 *(.stabstr)

.stab.excl
 *(.stab.excl)

.stab.exclstr
 *(.stab.exclstr)

.stab.index
 *(.stab.index)

.stab.indexstr
 *(.stab.indexstr)

.comment        0x0000000000000000       0x23
 *(.comment)
 .comment       0x0000000000000000       0x23 obj/default/hello_world_small.o
                                         0x24 (size before relaxing)
 .comment       0x0000000000000023       0x24 /home/isa/intelFPGA_lite/18.1/nios2eds/bin/gnu/H-x86_64-pc-linux-gnu/bin/../lib/gcc/nios2-elf/5.3.0/mno-hw-mul/libgcc.a(lib2-divmod.o)
 .comment       0x0000000000000023       0x24 /home/isa/intelFPGA_lite/18.1/nios2eds/bin/gnu/H-x86_64-pc-linux-gnu/bin/../lib/gcc/nios2-elf/5.3.0/../../../../../H-x86_64-pc-linux-gnu/nios2-elf/lib/mno-hw-mul/libsmallc.a(lib_a-strlen.o)
 .comment       0x0000000000000023       0x24 ../testnew_bsp//libhal_bsp.a(alt_irq_register.o)
 .comment       0x0000000000000023       0x24 ../testnew_bsp//libhal_bsp.a(alt_irq_vars.o)
 .comment       0x0000000000000023       0x24 ../testnew_bsp//libhal_bsp.a(alt_load.o)
 .comment       0x0000000000000023       0x24 ../testnew_bsp//libhal_bsp.a(alt_main.o)
 .comment       0x0000000000000023       0x24 ../testnew_bsp//libhal_bsp.a(alt_printf.o)
 .comment       0x0000000000000023       0x24 ../testnew_bsp//libhal_bsp.a(alt_putchar.o)
 .comment       0x0000000000000023       0x24 ../testnew_bsp//libhal_bsp.a(alt_sys_init.o)
 .comment       0x0000000000000023       0x24 ../testnew_bsp//libhal_bsp.a(altera_avalon_jtag_uart_write.o)
 .comment       0x0000000000000023       0x24 ../testnew_bsp//libhal_bsp.a(altera_up_avalon_video_character_buffer_with_dma.o)
 .comment       0x0000000000000023       0x24 ../testnew_bsp//libhal_bsp.a(alt_dcache_flush_all.o)
 .comment       0x0000000000000023       0x24 ../testnew_bsp//libhal_bsp.a(alt_dev.o)
 .comment       0x0000000000000023       0x24 ../testnew_bsp//libhal_bsp.a(alt_dev_llist_insert.o)
 .comment       0x0000000000000023       0x24 ../testnew_bsp//libhal_bsp.a(alt_errno.o)
 .comment       0x0000000000000023       0x24 ../testnew_bsp//libhal_bsp.a(alt_find_dev.o)
 .comment       0x0000000000000023       0x24 ../testnew_bsp//libhal_bsp.a(alt_icache_flush_all.o)
 .comment       0x0000000000000023       0x24 ../testnew_bsp//libhal_bsp.a(alt_irq_handler.o)
 .comment       0x0000000000000023       0x24 ../testnew_bsp//libhal_bsp.a(altera_nios2_gen2_irq.o)
 .comment       0x0000000000000023       0x24 ../testnew_bsp//libhal_bsp.a(alt_instruction_exception_entry.o)
 .comment       0x0000000000000023       0x24 /home/isa/intelFPGA_lite/18.1/nios2eds/bin/gnu/H-x86_64-pc-linux-gnu/bin/../lib/gcc/nios2-elf/5.3.0/../../../../../H-x86_64-pc-linux-gnu/nios2-elf/lib/mno-hw-mul/libsmallc.a(lib_a-int_errno.o)
 .comment       0x0000000000000023       0x24 /home/isa/intelFPGA_lite/18.1/nios2eds/bin/gnu/H-x86_64-pc-linux-gnu/bin/../lib/gcc/nios2-elf/5.3.0/../../../../../H-x86_64-pc-linux-gnu/nios2-elf/lib/mno-hw-mul/libsmallc.a(lib_a-memcmp.o)
 .comment       0x0000000000000023       0x24 /home/isa/intelFPGA_lite/18.1/nios2eds/bin/gnu/H-x86_64-pc-linux-gnu/bin/../lib/gcc/nios2-elf/5.3.0/../../../../../H-x86_64-pc-linux-gnu/nios2-elf/lib/mno-hw-mul/libsmallc.a(lib_a-strcmp.o)

.debug
 *(.debug)

.line
 *(.line)

.debug_srcinfo
 *(.debug_srcinfo)

.debug_sfnames
 *(.debug_sfnames)

.debug_aranges  0x0000000000000000      0x388
 *(.debug_aranges)
 .debug_aranges
                0x0000000000000000       0x28 ../testnew_bsp//obj/HAL/src/crt0.o
 .debug_aranges
                0x0000000000000028       0x28 obj/default/hello_world_small.o
 .debug_aranges
                0x0000000000000050       0x20 /home/isa/intelFPGA_lite/18.1/nios2eds/bin/gnu/H-x86_64-pc-linux-gnu/bin/../lib/gcc/nios2-elf/5.3.0/mno-hw-mul/libgcc.a(lib2-divmod.o)
 .debug_aranges
                0x0000000000000070       0x20 /home/isa/intelFPGA_lite/18.1/nios2eds/bin/gnu/H-x86_64-pc-linux-gnu/bin/../lib/gcc/nios2-elf/5.3.0/../../../../../H-x86_64-pc-linux-gnu/nios2-elf/lib/mno-hw-mul/libsmallc.a(lib_a-strlen.o)
 .debug_aranges
                0x0000000000000090       0x20 ../testnew_bsp//libhal_bsp.a(alt_irq_register.o)
 .debug_aranges
                0x00000000000000b0       0x18 ../testnew_bsp//libhal_bsp.a(alt_irq_vars.o)
 .debug_aranges
                0x00000000000000c8       0x20 ../testnew_bsp//libhal_bsp.a(alt_load.o)
 .debug_aranges
                0x00000000000000e8       0x20 ../testnew_bsp//libhal_bsp.a(alt_main.o)
 .debug_aranges
                0x0000000000000108       0x20 ../testnew_bsp//libhal_bsp.a(alt_printf.o)
 .debug_aranges
                0x0000000000000128       0x20 ../testnew_bsp//libhal_bsp.a(alt_putchar.o)
 .debug_aranges
                0x0000000000000148       0x20 ../testnew_bsp//libhal_bsp.a(alt_sys_init.o)
 .debug_aranges
                0x0000000000000168       0x20 ../testnew_bsp//libhal_bsp.a(altera_avalon_jtag_uart_write.o)
 .debug_aranges
                0x0000000000000188       0x20 ../testnew_bsp//libhal_bsp.a(altera_up_avalon_video_character_buffer_with_dma.o)
 .debug_aranges
                0x00000000000001a8       0x20 ../testnew_bsp//libhal_bsp.a(alt_dcache_flush_all.o)
 .debug_aranges
                0x00000000000001c8       0x20 ../testnew_bsp//libhal_bsp.a(alt_dev.o)
 .debug_aranges
                0x00000000000001e8       0x20 ../testnew_bsp//libhal_bsp.a(alt_dev_llist_insert.o)
 .debug_aranges
                0x0000000000000208       0x18 ../testnew_bsp//libhal_bsp.a(alt_errno.o)
 .debug_aranges
                0x0000000000000220       0x20 ../testnew_bsp//libhal_bsp.a(alt_find_dev.o)
 .debug_aranges
                0x0000000000000240       0x20 ../testnew_bsp//libhal_bsp.a(alt_icache_flush_all.o)
 .debug_aranges
                0x0000000000000260       0x30 ../testnew_bsp//libhal_bsp.a(alt_irq_entry.o)
 .debug_aranges
                0x0000000000000290       0x20 ../testnew_bsp//libhal_bsp.a(alt_irq_handler.o)
 .debug_aranges
                0x00000000000002b0       0x20 ../testnew_bsp//libhal_bsp.a(altera_nios2_gen2_irq.o)
 .debug_aranges
                0x00000000000002d0       0x38 ../testnew_bsp//libhal_bsp.a(alt_exception_entry.o)
 .debug_aranges
                0x0000000000000308       0x28 ../testnew_bsp//libhal_bsp.a(alt_instruction_exception_entry.o)
 .debug_aranges
                0x0000000000000330       0x18 /home/isa/intelFPGA_lite/18.1/nios2eds/bin/gnu/H-x86_64-pc-linux-gnu/bin/../lib/gcc/nios2-elf/5.3.0/../../../../../H-x86_64-pc-linux-gnu/nios2-elf/lib/mno-hw-mul/libsmallc.a(lib_a-int_errno.o)
 .debug_aranges
                0x0000000000000348       0x20 /home/isa/intelFPGA_lite/18.1/nios2eds/bin/gnu/H-x86_64-pc-linux-gnu/bin/../lib/gcc/nios2-elf/5.3.0/../../../../../H-x86_64-pc-linux-gnu/nios2-elf/lib/mno-hw-mul/libsmallc.a(lib_a-memcmp.o)
 .debug_aranges
                0x0000000000000368       0x20 /home/isa/intelFPGA_lite/18.1/nios2eds/bin/gnu/H-x86_64-pc-linux-gnu/bin/../lib/gcc/nios2-elf/5.3.0/../../../../../H-x86_64-pc-linux-gnu/nios2-elf/lib/mno-hw-mul/libsmallc.a(lib_a-strcmp.o)

.debug_pubnames
 *(.debug_pubnames)

.debug_info     0x0000000000000000     0x32f6
 *(.debug_info .gnu.linkonce.wi.*)
 .debug_info    0x0000000000000000       0x76 ../testnew_bsp//obj/HAL/src/crt0.o
 .debug_info    0x0000000000000076      0x62e obj/default/hello_world_small.o
 .debug_info    0x00000000000006a4      0x2c6 /home/isa/intelFPGA_lite/18.1/nios2eds/bin/gnu/H-x86_64-pc-linux-gnu/bin/../lib/gcc/nios2-elf/5.3.0/mno-hw-mul/libgcc.a(lib2-divmod.o)
 .debug_info    0x000000000000096a       0xc9 /home/isa/intelFPGA_lite/18.1/nios2eds/bin/gnu/H-x86_64-pc-linux-gnu/bin/../lib/gcc/nios2-elf/5.3.0/../../../../../H-x86_64-pc-linux-gnu/nios2-elf/lib/mno-hw-mul/libsmallc.a(lib_a-strlen.o)
 .debug_info    0x0000000000000a33      0x30d ../testnew_bsp//libhal_bsp.a(alt_irq_register.o)
 .debug_info    0x0000000000000d40       0x88 ../testnew_bsp//libhal_bsp.a(alt_irq_vars.o)
 .debug_info    0x0000000000000dc8      0x1c9 ../testnew_bsp//libhal_bsp.a(alt_load.o)
 .debug_info    0x0000000000000f91      0x18f ../testnew_bsp//libhal_bsp.a(alt_main.o)
 .debug_info    0x0000000000001120      0x14d ../testnew_bsp//libhal_bsp.a(alt_printf.o)
 .debug_info    0x000000000000126d      0x12a ../testnew_bsp//libhal_bsp.a(alt_putchar.o)
 .debug_info    0x0000000000001397      0x62b ../testnew_bsp//libhal_bsp.a(alt_sys_init.o)
 .debug_info    0x00000000000019c2      0x1ad ../testnew_bsp//libhal_bsp.a(altera_avalon_jtag_uart_write.o)
 .debug_info    0x0000000000001b6f      0x4ab ../testnew_bsp//libhal_bsp.a(altera_up_avalon_video_character_buffer_with_dma.o)
 .debug_info    0x000000000000201a       0x92 ../testnew_bsp//libhal_bsp.a(alt_dcache_flush_all.o)
 .debug_info    0x00000000000020ac      0x499 ../testnew_bsp//libhal_bsp.a(alt_dev.o)
 .debug_info    0x0000000000002545      0x1b3 ../testnew_bsp//libhal_bsp.a(alt_dev_llist_insert.o)
 .debug_info    0x00000000000026f8       0xa6 ../testnew_bsp//libhal_bsp.a(alt_errno.o)
 .debug_info    0x000000000000279e      0x32d ../testnew_bsp//libhal_bsp.a(alt_find_dev.o)
 .debug_info    0x0000000000002acb       0x92 ../testnew_bsp//libhal_bsp.a(alt_icache_flush_all.o)
 .debug_info    0x0000000000002b5d       0x7f ../testnew_bsp//libhal_bsp.a(alt_irq_entry.o)
 .debug_info    0x0000000000002bdc      0x1a4 ../testnew_bsp//libhal_bsp.a(alt_irq_handler.o)
 .debug_info    0x0000000000002d80       0xb8 ../testnew_bsp//libhal_bsp.a(altera_nios2_gen2_irq.o)
 .debug_info    0x0000000000002e38       0x85 ../testnew_bsp//libhal_bsp.a(alt_exception_entry.o)
 .debug_info    0x0000000000002ebd      0x1fd ../testnew_bsp//libhal_bsp.a(alt_instruction_exception_entry.o)
 .debug_info    0x00000000000030ba       0x8a /home/isa/intelFPGA_lite/18.1/nios2eds/bin/gnu/H-x86_64-pc-linux-gnu/bin/../lib/gcc/nios2-elf/5.3.0/../../../../../H-x86_64-pc-linux-gnu/nios2-elf/lib/mno-hw-mul/libsmallc.a(lib_a-int_errno.o)
 .debug_info    0x0000000000003144       0xf4 /home/isa/intelFPGA_lite/18.1/nios2eds/bin/gnu/H-x86_64-pc-linux-gnu/bin/../lib/gcc/nios2-elf/5.3.0/../../../../../H-x86_64-pc-linux-gnu/nios2-elf/lib/mno-hw-mul/libsmallc.a(lib_a-memcmp.o)
 .debug_info    0x0000000000003238       0xbe /home/isa/intelFPGA_lite/18.1/nios2eds/bin/gnu/H-x86_64-pc-linux-gnu/bin/../lib/gcc/nios2-elf/5.3.0/../../../../../H-x86_64-pc-linux-gnu/nios2-elf/lib/mno-hw-mul/libsmallc.a(lib_a-strcmp.o)

.debug_abbrev   0x0000000000000000     0x1546
 *(.debug_abbrev)
 .debug_abbrev  0x0000000000000000       0x12 ../testnew_bsp//obj/HAL/src/crt0.o
 .debug_abbrev  0x0000000000000012      0x266 obj/default/hello_world_small.o
 .debug_abbrev  0x0000000000000278      0x10e /home/isa/intelFPGA_lite/18.1/nios2eds/bin/gnu/H-x86_64-pc-linux-gnu/bin/../lib/gcc/nios2-elf/5.3.0/mno-hw-mul/libgcc.a(lib2-divmod.o)
 .debug_abbrev  0x0000000000000386       0x7f /home/isa/intelFPGA_lite/18.1/nios2eds/bin/gnu/H-x86_64-pc-linux-gnu/bin/../lib/gcc/nios2-elf/5.3.0/../../../../../H-x86_64-pc-linux-gnu/nios2-elf/lib/mno-hw-mul/libsmallc.a(lib_a-strlen.o)
 .debug_abbrev  0x0000000000000405      0x1a5 ../testnew_bsp//libhal_bsp.a(alt_irq_register.o)
 .debug_abbrev  0x00000000000005aa       0x40 ../testnew_bsp//libhal_bsp.a(alt_irq_vars.o)
 .debug_abbrev  0x00000000000005ea       0xd8 ../testnew_bsp//libhal_bsp.a(alt_load.o)
 .debug_abbrev  0x00000000000006c2       0xf5 ../testnew_bsp//libhal_bsp.a(alt_main.o)
 .debug_abbrev  0x00000000000007b7       0xd5 ../testnew_bsp//libhal_bsp.a(alt_printf.o)
 .debug_abbrev  0x000000000000088c       0xd2 ../testnew_bsp//libhal_bsp.a(alt_putchar.o)
 .debug_abbrev  0x000000000000095e      0x1ed ../testnew_bsp//libhal_bsp.a(alt_sys_init.o)
 .debug_abbrev  0x0000000000000b4b       0xd5 ../testnew_bsp//libhal_bsp.a(altera_avalon_jtag_uart_write.o)
 .debug_abbrev  0x0000000000000c20      0x16b ../testnew_bsp//libhal_bsp.a(altera_up_avalon_video_character_buffer_with_dma.o)
 .debug_abbrev  0x0000000000000d8b       0x42 ../testnew_bsp//libhal_bsp.a(alt_dcache_flush_all.o)
 .debug_abbrev  0x0000000000000dcd       0xd9 ../testnew_bsp//libhal_bsp.a(alt_dev.o)
 .debug_abbrev  0x0000000000000ea6      0x11c ../testnew_bsp//libhal_bsp.a(alt_dev_llist_insert.o)
 .debug_abbrev  0x0000000000000fc2       0x5a ../testnew_bsp//libhal_bsp.a(alt_errno.o)
 .debug_abbrev  0x000000000000101c      0x125 ../testnew_bsp//libhal_bsp.a(alt_find_dev.o)
 .debug_abbrev  0x0000000000001141       0x42 ../testnew_bsp//libhal_bsp.a(alt_icache_flush_all.o)
 .debug_abbrev  0x0000000000001183       0x12 ../testnew_bsp//libhal_bsp.a(alt_irq_entry.o)
 .debug_abbrev  0x0000000000001195      0x138 ../testnew_bsp//libhal_bsp.a(alt_irq_handler.o)
 .debug_abbrev  0x00000000000012cd       0x67 ../testnew_bsp//libhal_bsp.a(altera_nios2_gen2_irq.o)
 .debug_abbrev  0x0000000000001334       0x12 ../testnew_bsp//libhal_bsp.a(alt_exception_entry.o)
 .debug_abbrev  0x0000000000001346       0xe7 ../testnew_bsp//libhal_bsp.a(alt_instruction_exception_entry.o)
 .debug_abbrev  0x000000000000142d       0x37 /home/isa/intelFPGA_lite/18.1/nios2eds/bin/gnu/H-x86_64-pc-linux-gnu/bin/../lib/gcc/nios2-elf/5.3.0/../../../../../H-x86_64-pc-linux-gnu/nios2-elf/lib/mno-hw-mul/libsmallc.a(lib_a-int_errno.o)
 .debug_abbrev  0x0000000000001464       0x7f /home/isa/intelFPGA_lite/18.1/nios2eds/bin/gnu/H-x86_64-pc-linux-gnu/bin/../lib/gcc/nios2-elf/5.3.0/../../../../../H-x86_64-pc-linux-gnu/nios2-elf/lib/mno-hw-mul/libsmallc.a(lib_a-memcmp.o)
 .debug_abbrev  0x00000000000014e3       0x63 /home/isa/intelFPGA_lite/18.1/nios2eds/bin/gnu/H-x86_64-pc-linux-gnu/bin/../lib/gcc/nios2-elf/5.3.0/../../../../../H-x86_64-pc-linux-gnu/nios2-elf/lib/mno-hw-mul/libsmallc.a(lib_a-strcmp.o)

.debug_line     0x0000000000000000     0x18b8
 *(.debug_line)
 .debug_line    0x0000000000000000       0x66 ../testnew_bsp//obj/HAL/src/crt0.o
 .debug_line    0x0000000000000066      0x343 obj/default/hello_world_small.o
 .debug_line    0x00000000000003a9      0x105 /home/isa/intelFPGA_lite/18.1/nios2eds/bin/gnu/H-x86_64-pc-linux-gnu/bin/../lib/gcc/nios2-elf/5.3.0/mno-hw-mul/libgcc.a(lib2-divmod.o)
 .debug_line    0x00000000000004ae      0x15c /home/isa/intelFPGA_lite/18.1/nios2eds/bin/gnu/H-x86_64-pc-linux-gnu/bin/../lib/gcc/nios2-elf/5.3.0/../../../../../H-x86_64-pc-linux-gnu/nios2-elf/lib/mno-hw-mul/libsmallc.a(lib_a-strlen.o)
 .debug_line    0x000000000000060a       0xed ../testnew_bsp//libhal_bsp.a(alt_irq_register.o)
 .debug_line    0x00000000000006f7       0x50 ../testnew_bsp//libhal_bsp.a(alt_irq_vars.o)
 .debug_line    0x0000000000000747       0xa4 ../testnew_bsp//libhal_bsp.a(alt_load.o)
 .debug_line    0x00000000000007eb       0xea ../testnew_bsp//libhal_bsp.a(alt_main.o)
 .debug_line    0x00000000000008d5      0x11e ../testnew_bsp//libhal_bsp.a(alt_printf.o)
 .debug_line    0x00000000000009f3       0x55 ../testnew_bsp//libhal_bsp.a(alt_putchar.o)
 .debug_line    0x0000000000000a48      0x20a ../testnew_bsp//libhal_bsp.a(alt_sys_init.o)
 .debug_line    0x0000000000000c52      0x104 ../testnew_bsp//libhal_bsp.a(altera_avalon_jtag_uart_write.o)
 .debug_line    0x0000000000000d56      0x1b1 ../testnew_bsp//libhal_bsp.a(altera_up_avalon_video_character_buffer_with_dma.o)
 .debug_line    0x0000000000000f07       0x4e ../testnew_bsp//libhal_bsp.a(alt_dcache_flush_all.o)
 .debug_line    0x0000000000000f55      0x102 ../testnew_bsp//libhal_bsp.a(alt_dev.o)
 .debug_line    0x0000000000001057       0xd8 ../testnew_bsp//libhal_bsp.a(alt_dev_llist_insert.o)
 .debug_line    0x000000000000112f       0x51 ../testnew_bsp//libhal_bsp.a(alt_errno.o)
 .debug_line    0x0000000000001180      0x113 ../testnew_bsp//libhal_bsp.a(alt_find_dev.o)
 .debug_line    0x0000000000001293       0x4e ../testnew_bsp//libhal_bsp.a(alt_icache_flush_all.o)
 .debug_line    0x00000000000012e1       0x6b ../testnew_bsp//libhal_bsp.a(alt_irq_entry.o)
 .debug_line    0x000000000000134c       0xc8 ../testnew_bsp//libhal_bsp.a(alt_irq_handler.o)
 .debug_line    0x0000000000001414       0x8c ../testnew_bsp//libhal_bsp.a(altera_nios2_gen2_irq.o)
 .debug_line    0x00000000000014a0       0xb3 ../testnew_bsp//libhal_bsp.a(alt_exception_entry.o)
 .debug_line    0x0000000000001553       0xbf ../testnew_bsp//libhal_bsp.a(alt_instruction_exception_entry.o)
 .debug_line    0x0000000000001612       0x5f /home/isa/intelFPGA_lite/18.1/nios2eds/bin/gnu/H-x86_64-pc-linux-gnu/bin/../lib/gcc/nios2-elf/5.3.0/../../../../../H-x86_64-pc-linux-gnu/nios2-elf/lib/mno-hw-mul/libsmallc.a(lib_a-int_errno.o)
 .debug_line    0x0000000000001671      0x160 /home/isa/intelFPGA_lite/18.1/nios2eds/bin/gnu/H-x86_64-pc-linux-gnu/bin/../lib/gcc/nios2-elf/5.3.0/../../../../../H-x86_64-pc-linux-gnu/nios2-elf/lib/mno-hw-mul/libsmallc.a(lib_a-memcmp.o)
 .debug_line    0x00000000000017d1       0xe7 /home/isa/intelFPGA_lite/18.1/nios2eds/bin/gnu/H-x86_64-pc-linux-gnu/bin/../lib/gcc/nios2-elf/5.3.0/../../../../../H-x86_64-pc-linux-gnu/nios2-elf/lib/mno-hw-mul/libsmallc.a(lib_a-strcmp.o)

.debug_frame    0x0000000000000000      0x4e0
 *(.debug_frame)
 .debug_frame   0x0000000000000000      0x10c obj/default/hello_world_small.o
 .debug_frame   0x000000000000010c       0x50 /home/isa/intelFPGA_lite/18.1/nios2eds/bin/gnu/H-x86_64-pc-linux-gnu/bin/../lib/gcc/nios2-elf/5.3.0/mno-hw-mul/libgcc.a(lib2-divmod.o)
 .debug_frame   0x000000000000015c       0x20 /home/isa/intelFPGA_lite/18.1/nios2eds/bin/gnu/H-x86_64-pc-linux-gnu/bin/../lib/gcc/nios2-elf/5.3.0/../../../../../H-x86_64-pc-linux-gnu/nios2-elf/lib/mno-hw-mul/libsmallc.a(lib_a-strlen.o)
 .debug_frame   0x000000000000017c       0x20 ../testnew_bsp//libhal_bsp.a(alt_irq_register.o)
 .debug_frame   0x000000000000019c       0x30 ../testnew_bsp//libhal_bsp.a(alt_load.o)
 .debug_frame   0x00000000000001cc       0x2c ../testnew_bsp//libhal_bsp.a(alt_main.o)
 .debug_frame   0x00000000000001f8       0x54 ../testnew_bsp//libhal_bsp.a(alt_printf.o)
 .debug_frame   0x000000000000024c       0x30 ../testnew_bsp//libhal_bsp.a(alt_putchar.o)
 .debug_frame   0x000000000000027c       0x48 ../testnew_bsp//libhal_bsp.a(alt_sys_init.o)
 .debug_frame   0x00000000000002c4       0x20 ../testnew_bsp//libhal_bsp.a(altera_avalon_jtag_uart_write.o)
 .debug_frame   0x00000000000002e4       0x70 ../testnew_bsp//libhal_bsp.a(altera_up_avalon_video_character_buffer_with_dma.o)
 .debug_frame   0x0000000000000354       0x20 ../testnew_bsp//libhal_bsp.a(alt_dcache_flush_all.o)
 .debug_frame   0x0000000000000374       0x20 ../testnew_bsp//libhal_bsp.a(alt_dev.o)
 .debug_frame   0x0000000000000394       0x2c ../testnew_bsp//libhal_bsp.a(alt_dev_llist_insert.o)
 .debug_frame   0x00000000000003c0       0x3c ../testnew_bsp//libhal_bsp.a(alt_find_dev.o)
 .debug_frame   0x00000000000003fc       0x20 ../testnew_bsp//libhal_bsp.a(alt_icache_flush_all.o)
 .debug_frame   0x000000000000041c       0x34 ../testnew_bsp//libhal_bsp.a(alt_irq_handler.o)
 .debug_frame   0x0000000000000450       0x20 ../testnew_bsp//libhal_bsp.a(altera_nios2_gen2_irq.o)
 .debug_frame   0x0000000000000470       0x30 ../testnew_bsp//libhal_bsp.a(alt_instruction_exception_entry.o)
 .debug_frame   0x00000000000004a0       0x20 /home/isa/intelFPGA_lite/18.1/nios2eds/bin/gnu/H-x86_64-pc-linux-gnu/bin/../lib/gcc/nios2-elf/5.3.0/../../../../../H-x86_64-pc-linux-gnu/nios2-elf/lib/mno-hw-mul/libsmallc.a(lib_a-memcmp.o)
 .debug_frame   0x00000000000004c0       0x20 /home/isa/intelFPGA_lite/18.1/nios2eds/bin/gnu/H-x86_64-pc-linux-gnu/bin/../lib/gcc/nios2-elf/5.3.0/../../../../../H-x86_64-pc-linux-gnu/nios2-elf/lib/mno-hw-mul/libsmallc.a(lib_a-strcmp.o)

.debug_str      0x0000000000000000     0x14b7
 *(.debug_str)
 .debug_str     0x0000000000000000      0x2d2 obj/default/hello_world_small.o
                                        0x342 (size before relaxing)
 .debug_str     0x00000000000002d2      0x188 /home/isa/intelFPGA_lite/18.1/nios2eds/bin/gnu/H-x86_64-pc-linux-gnu/bin/../lib/gcc/nios2-elf/5.3.0/mno-hw-mul/libgcc.a(lib2-divmod.o)
                                        0x1d3 (size before relaxing)
 .debug_str     0x000000000000045a      0x134 /home/isa/intelFPGA_lite/18.1/nios2eds/bin/gnu/H-x86_64-pc-linux-gnu/bin/../lib/gcc/nios2-elf/5.3.0/../../../../../H-x86_64-pc-linux-gnu/nios2-elf/lib/mno-hw-mul/libsmallc.a(lib_a-strlen.o)
                                        0x1e6 (size before relaxing)
 .debug_str     0x000000000000058e       0xdf ../testnew_bsp//libhal_bsp.a(alt_irq_register.o)
                                        0x210 (size before relaxing)
 .debug_str     0x000000000000066d       0x17 ../testnew_bsp//libhal_bsp.a(alt_irq_vars.o)
                                        0x142 (size before relaxing)
 .debug_str     0x0000000000000684      0x113 ../testnew_bsp//libhal_bsp.a(alt_load.o)
                                        0x244 (size before relaxing)
 .debug_str     0x0000000000000797       0x8a ../testnew_bsp//libhal_bsp.a(alt_main.o)
                                        0x1e6 (size before relaxing)
 .debug_str     0x0000000000000821       0x59 ../testnew_bsp//libhal_bsp.a(alt_printf.o)
                                        0x10e (size before relaxing)
 .debug_str     0x000000000000087a       0x59 ../testnew_bsp//libhal_bsp.a(alt_putchar.o)
                                        0x18e (size before relaxing)
 .debug_str     0x00000000000008d3      0x2e1 ../testnew_bsp//libhal_bsp.a(alt_sys_init.o)
                                        0x4be (size before relaxing)
 .debug_str     0x0000000000000bb4       0x32 ../testnew_bsp//libhal_bsp.a(altera_avalon_jtag_uart_write.o)
                                        0x23e (size before relaxing)
 .debug_str     0x0000000000000be6       0xba ../testnew_bsp//libhal_bsp.a(altera_up_avalon_video_character_buffer_with_dma.o)
                                        0x33e (size before relaxing)
 .debug_str     0x0000000000000ca0       0x1f ../testnew_bsp//libhal_bsp.a(alt_dcache_flush_all.o)
                                        0x15d (size before relaxing)
 .debug_str     0x0000000000000cbf      0x12c ../testnew_bsp//libhal_bsp.a(alt_dev.o)
                                        0x30d (size before relaxing)
 .debug_str     0x0000000000000deb       0x48 ../testnew_bsp//libhal_bsp.a(alt_dev_llist_insert.o)
                                        0x1d4 (size before relaxing)
 .debug_str     0x0000000000000e33       0x14 ../testnew_bsp//libhal_bsp.a(alt_errno.o)
                                        0x14d (size before relaxing)
 .debug_str     0x0000000000000e47       0x1e ../testnew_bsp//libhal_bsp.a(alt_find_dev.o)
                                        0x202 (size before relaxing)
 .debug_str     0x0000000000000e65       0x1f ../testnew_bsp//libhal_bsp.a(alt_icache_flush_all.o)
                                        0x15d (size before relaxing)
 .debug_str     0x0000000000000e84       0x3a ../testnew_bsp//libhal_bsp.a(alt_irq_handler.o)
                                        0x1c0 (size before relaxing)
 .debug_str     0x0000000000000ebe       0x20 ../testnew_bsp//libhal_bsp.a(altera_nios2_gen2_irq.o)
                                        0x18d (size before relaxing)
 .debug_str     0x0000000000000ede      0x48b ../testnew_bsp//libhal_bsp.a(alt_instruction_exception_entry.o)
                                        0x5a8 (size before relaxing)
 .debug_str     0x0000000000001369       0xd4 /home/isa/intelFPGA_lite/18.1/nios2eds/bin/gnu/H-x86_64-pc-linux-gnu/bin/../lib/gcc/nios2-elf/5.3.0/../../../../../H-x86_64-pc-linux-gnu/nios2-elf/lib/mno-hw-mul/libsmallc.a(lib_a-int_errno.o)
                                        0x1d9 (size before relaxing)
 .debug_str     0x000000000000143d       0x3d /home/isa/intelFPGA_lite/18.1/nios2eds/bin/gnu/H-x86_64-pc-linux-gnu/bin/../lib/gcc/nios2-elf/5.3.0/../../../../../H-x86_64-pc-linux-gnu/nios2-elf/lib/mno-hw-mul/libsmallc.a(lib_a-memcmp.o)
                                        0x1e0 (size before relaxing)
 .debug_str     0x000000000000147a       0x3d /home/isa/intelFPGA_lite/18.1/nios2eds/bin/gnu/H-x86_64-pc-linux-gnu/bin/../lib/gcc/nios2-elf/5.3.0/../../../../../H-x86_64-pc-linux-gnu/nios2-elf/lib/mno-hw-mul/libsmallc.a(lib_a-strcmp.o)
                                        0x1d9 (size before relaxing)

.debug_loc      0x0000000000000000     0x113b
 *(.debug_loc)
 .debug_loc     0x0000000000000000      0x3e5 obj/default/hello_world_small.o
 .debug_loc     0x00000000000003e5      0x4ce /home/isa/intelFPGA_lite/18.1/nios2eds/bin/gnu/H-x86_64-pc-linux-gnu/bin/../lib/gcc/nios2-elf/5.3.0/mno-hw-mul/libgcc.a(lib2-divmod.o)
 .debug_loc     0x00000000000008b3       0x1e /home/isa/intelFPGA_lite/18.1/nios2eds/bin/gnu/H-x86_64-pc-linux-gnu/bin/../lib/gcc/nios2-elf/5.3.0/../../../../../H-x86_64-pc-linux-gnu/nios2-elf/lib/mno-hw-mul/libsmallc.a(lib_a-strlen.o)
 .debug_loc     0x00000000000008d1       0xfa ../testnew_bsp//libhal_bsp.a(alt_irq_register.o)
 .debug_loc     0x00000000000009cb      0x1de ../testnew_bsp//libhal_bsp.a(alt_printf.o)
 .debug_loc     0x0000000000000ba9       0x2c ../testnew_bsp//libhal_bsp.a(alt_putchar.o)
 .debug_loc     0x0000000000000bd5       0x51 ../testnew_bsp//libhal_bsp.a(alt_sys_init.o)
 .debug_loc     0x0000000000000c26       0x8b ../testnew_bsp//libhal_bsp.a(altera_avalon_jtag_uart_write.o)
 .debug_loc     0x0000000000000cb1      0x1e7 ../testnew_bsp//libhal_bsp.a(altera_up_avalon_video_character_buffer_with_dma.o)
 .debug_loc     0x0000000000000e98       0x7e ../testnew_bsp//libhal_bsp.a(alt_dev_llist_insert.o)
 .debug_loc     0x0000000000000f16       0x7e ../testnew_bsp//libhal_bsp.a(alt_find_dev.o)
 .debug_loc     0x0000000000000f94       0x72 ../testnew_bsp//libhal_bsp.a(alt_irq_handler.o)
 .debug_loc     0x0000000000001006       0x65 ../testnew_bsp//libhal_bsp.a(alt_instruction_exception_entry.o)
 .debug_loc     0x000000000000106b       0x94 /home/isa/intelFPGA_lite/18.1/nios2eds/bin/gnu/H-x86_64-pc-linux-gnu/bin/../lib/gcc/nios2-elf/5.3.0/../../../../../H-x86_64-pc-linux-gnu/nios2-elf/lib/mno-hw-mul/libsmallc.a(lib_a-memcmp.o)
 .debug_loc     0x00000000000010ff       0x3c /home/isa/intelFPGA_lite/18.1/nios2eds/bin/gnu/H-x86_64-pc-linux-gnu/bin/../lib/gcc/nios2-elf/5.3.0/../../../../../H-x86_64-pc-linux-gnu/nios2-elf/lib/mno-hw-mul/libsmallc.a(lib_a-strcmp.o)

.debug_macinfo
 *(.debug_macinfo)

.debug_weaknames
 *(.debug_weaknames)

.debug_funcnames
 *(.debug_funcnames)

.debug_typenames
 *(.debug_typenames)

.debug_varnames
 *(.debug_varnames)

.debug_alt_sim_info
                0x0000000000000000       0x10
 *(.debug_alt_sim_info)
 .debug_alt_sim_info
                0x0000000000000000       0x10 ../testnew_bsp//obj/HAL/src/crt0.o
                0x0000000000040000                __alt_data_end = 0x40000
                0x0000000000040000                PROVIDE (__alt_stack_pointer, __alt_data_end)
                [!provide]                        PROVIDE (__alt_stack_limit, __alt_stack_base)
                [!provide]                        PROVIDE (__alt_heap_start, end)
                [!provide]                        PROVIDE (__alt_heap_limit, 0x40000)
OUTPUT(testnew.elf elf32-littlenios2)

.debug_ranges   0x0000000000000000      0x248
 .debug_ranges  0x0000000000000000       0x20 ../testnew_bsp//obj/HAL/src/crt0.o
 .debug_ranges  0x0000000000000020       0x60 obj/default/hello_world_small.o
 .debug_ranges  0x0000000000000080       0x60 /home/isa/intelFPGA_lite/18.1/nios2eds/bin/gnu/H-x86_64-pc-linux-gnu/bin/../lib/gcc/nios2-elf/5.3.0/mno-hw-mul/libgcc.a(lib2-divmod.o)
 .debug_ranges  0x00000000000000e0       0x10 /home/isa/intelFPGA_lite/18.1/nios2eds/bin/gnu/H-x86_64-pc-linux-gnu/bin/../lib/gcc/nios2-elf/5.3.0/../../../../../H-x86_64-pc-linux-gnu/nios2-elf/lib/mno-hw-mul/libsmallc.a(lib_a-strlen.o)
 .debug_ranges  0x00000000000000f0       0x48 ../testnew_bsp//libhal_bsp.a(alt_load.o)
 .debug_ranges  0x0000000000000138       0x18 ../testnew_bsp//libhal_bsp.a(alt_printf.o)
 .debug_ranges  0x0000000000000150       0x38 ../testnew_bsp//libhal_bsp.a(alt_sys_init.o)
 .debug_ranges  0x0000000000000188       0x20 ../testnew_bsp//libhal_bsp.a(alt_dev_llist_insert.o)
 .debug_ranges  0x00000000000001a8       0x28 ../testnew_bsp//libhal_bsp.a(alt_irq_entry.o)
 .debug_ranges  0x00000000000001d0       0x10 ../testnew_bsp//libhal_bsp.a(alt_irq_handler.o)
 .debug_ranges  0x00000000000001e0       0x30 ../testnew_bsp//libhal_bsp.a(alt_exception_entry.o)
 .debug_ranges  0x0000000000000210       0x18 ../testnew_bsp//libhal_bsp.a(alt_instruction_exception_entry.o)
 .debug_ranges  0x0000000000000228       0x10 /home/isa/intelFPGA_lite/18.1/nios2eds/bin/gnu/H-x86_64-pc-linux-gnu/bin/../lib/gcc/nios2-elf/5.3.0/../../../../../H-x86_64-pc-linux-gnu/nios2-elf/lib/mno-hw-mul/libsmallc.a(lib_a-memcmp.o)
 .debug_ranges  0x0000000000000238       0x10 /home/isa/intelFPGA_lite/18.1/nios2eds/bin/gnu/H-x86_64-pc-linux-gnu/bin/../lib/gcc/nios2-elf/5.3.0/../../../../../H-x86_64-pc-linux-gnu/nios2-elf/lib/mno-hw-mul/libsmallc.a(lib_a-strcmp.o)
