Archive member included to satisfy reference by file (symbol)

/home/isa/intelFPGA_lite/18.1/nios2eds/bin/gnu/H-x86_64-pc-linux-gnu/bin/../lib/gcc/nios2-elf/5.3.0/mno-hw-mul/libgcc.a(lib2-mul.o)
                              obj/default/hello_world_small.o (__mulsi3)
/home/isa/intelFPGA_lite/18.1/nios2eds/bin/gnu/H-x86_64-pc-linux-gnu/bin/../lib/gcc/nios2-elf/5.3.0/../../../../../H-x86_64-pc-linux-gnu/nios2-elf/lib/mno-hw-mul/libsmallc.a(lib_a-strcpy.o)
                              obj/default/hello_world_small.o (strcpy)
../audio_vga_bsp//libhal_bsp.a(alt_load.o)
                              ../audio_vga_bsp//obj/HAL/src/crt0.o (alt_load)
../audio_vga_bsp//libhal_bsp.a(alt_main.o)
                              ../audio_vga_bsp//obj/HAL/src/crt0.o (alt_main)
../audio_vga_bsp//libhal_bsp.a(alt_sys_init.o)
                              ../audio_vga_bsp//libhal_bsp.a(alt_main.o) (alt_irq_init)
../audio_vga_bsp//libhal_bsp.a(altera_up_avalon_video_character_buffer_with_dma.o)
                              ../audio_vga_bsp//libhal_bsp.a(alt_sys_init.o) (alt_up_char_buffer_init)
../audio_vga_bsp//libhal_bsp.a(alt_dcache_flush_all.o)
                              ../audio_vga_bsp//libhal_bsp.a(alt_load.o) (alt_dcache_flush_all)
../audio_vga_bsp//libhal_bsp.a(alt_dev.o)
                              ../audio_vga_bsp//libhal_bsp.a(alt_sys_init.o) (alt_dev_list)
../audio_vga_bsp//libhal_bsp.a(alt_dev_llist_insert.o)
                              ../audio_vga_bsp//libhal_bsp.a(alt_sys_init.o) (alt_dev_llist_insert)
../audio_vga_bsp//libhal_bsp.a(alt_errno.o)
                              ../audio_vga_bsp//libhal_bsp.a(alt_dev_llist_insert.o) (alt_errno)
../audio_vga_bsp//libhal_bsp.a(alt_find_dev.o)
                              ../audio_vga_bsp//libhal_bsp.a(altera_up_avalon_video_character_buffer_with_dma.o) (alt_find_dev)
../audio_vga_bsp//libhal_bsp.a(alt_icache_flush_all.o)
                              ../audio_vga_bsp//libhal_bsp.a(alt_load.o) (alt_icache_flush_all)
../audio_vga_bsp//libhal_bsp.a(altera_nios2_gen2_irq.o)
                              ../audio_vga_bsp//libhal_bsp.a(alt_sys_init.o) (altera_nios2_gen2_irq_init)
/home/isa/intelFPGA_lite/18.1/nios2eds/bin/gnu/H-x86_64-pc-linux-gnu/bin/../lib/gcc/nios2-elf/5.3.0/../../../../../H-x86_64-pc-linux-gnu/nios2-elf/lib/mno-hw-mul/libsmallc.a(lib_a-int_errno.o)
                              ../audio_vga_bsp//libhal_bsp.a(alt_dev_llist_insert.o) (errno)
/home/isa/intelFPGA_lite/18.1/nios2eds/bin/gnu/H-x86_64-pc-linux-gnu/bin/../lib/gcc/nios2-elf/5.3.0/../../../../../H-x86_64-pc-linux-gnu/nios2-elf/lib/mno-hw-mul/libsmallc.a(lib_a-memcmp.o)
                              ../audio_vga_bsp//libhal_bsp.a(alt_find_dev.o) (memcmp)
/home/isa/intelFPGA_lite/18.1/nios2eds/bin/gnu/H-x86_64-pc-linux-gnu/bin/../lib/gcc/nios2-elf/5.3.0/../../../../../H-x86_64-pc-linux-gnu/nios2-elf/lib/mno-hw-mul/libsmallc.a(lib_a-strcmp.o)
                              ../audio_vga_bsp//libhal_bsp.a(altera_up_avalon_video_character_buffer_with_dma.o) (strcmp)
/home/isa/intelFPGA_lite/18.1/nios2eds/bin/gnu/H-x86_64-pc-linux-gnu/bin/../lib/gcc/nios2-elf/5.3.0/../../../../../H-x86_64-pc-linux-gnu/nios2-elf/lib/mno-hw-mul/libsmallc.a(lib_a-strlen.o)
                              ../audio_vga_bsp//libhal_bsp.a(alt_find_dev.o) (strlen)

Allocating common symbols
Common symbol       size              file

errno               0x4               /home/isa/intelFPGA_lite/18.1/nios2eds/bin/gnu/H-x86_64-pc-linux-gnu/bin/../lib/gcc/nios2-elf/5.3.0/../../../../../H-x86_64-pc-linux-gnu/nios2-elf/lib/mno-hw-mul/libsmallc.a(lib_a-int_errno.o)

Memory Configuration

Name             Origin             Length             Attributes
reset            0x0000000000008000 0x0000000000000020
RAM              0x0000000000008020 0x0000000000007fe0
*default*        0x0000000000000000 0xffffffffffffffff

Linker script and memory map

LOAD ../audio_vga_bsp//obj/HAL/src/crt0.o
LOAD obj/default/hello_world_small.o
LOAD /home/isa/intelFPGA_lite/18.1/nios2eds/bin/gnu/H-x86_64-pc-linux-gnu/bin/../lib/gcc/nios2-elf/5.3.0/../../../../../H-x86_64-pc-linux-gnu/nios2-elf/lib/mno-hw-mul/libstdc++.a
LOAD /home/isa/intelFPGA_lite/18.1/nios2eds/bin/gnu/H-x86_64-pc-linux-gnu/bin/../lib/gcc/nios2-elf/5.3.0/../../../../../H-x86_64-pc-linux-gnu/nios2-elf/lib/mno-hw-mul/libm.a
LOAD /home/isa/intelFPGA_lite/18.1/nios2eds/bin/gnu/H-x86_64-pc-linux-gnu/bin/../lib/gcc/nios2-elf/5.3.0/mno-hw-mul/libgcc.a
START GROUP
LOAD /home/isa/intelFPGA_lite/18.1/nios2eds/bin/gnu/H-x86_64-pc-linux-gnu/bin/../lib/gcc/nios2-elf/5.3.0/../../../../../H-x86_64-pc-linux-gnu/nios2-elf/lib/mno-hw-mul/libsmallc.a
LOAD /home/isa/intelFPGA_lite/18.1/nios2eds/bin/gnu/H-x86_64-pc-linux-gnu/bin/../lib/gcc/nios2-elf/5.3.0/mno-hw-mul/libgcc.a
LOAD ../audio_vga_bsp//libhal_bsp.a
LOAD /home/isa/intelFPGA_lite/18.1/nios2eds/bin/gnu/H-x86_64-pc-linux-gnu/bin/../lib/gcc/nios2-elf/5.3.0/../../../../../H-x86_64-pc-linux-gnu/nios2-elf/lib/mno-hw-mul/libm.a
END GROUP
LOAD /home/isa/intelFPGA_lite/18.1/nios2eds/bin/gnu/H-x86_64-pc-linux-gnu/bin/../lib/gcc/nios2-elf/5.3.0/mno-hw-mul/libgcc.a
                0x0000000000008000                __alt_mem_RAM = 0x8000

.entry          0x0000000000008000       0x20
 *(.entry)
 .entry         0x0000000000008000       0x20 ../audio_vga_bsp//obj/HAL/src/crt0.o
                0x0000000000008000                __reset
                0x000000000000800c                _exit

.exceptions     0x0000000000008020        0x0
                0x0000000000008020                PROVIDE (__ram_exceptions_start, ABSOLUTE (.))
                0x0000000000008020                . = ALIGN (0x20)
 *(.irq)
 *(.exceptions.entry.label)
 *(.exceptions.entry.user)
 *(.exceptions.entry.ecc_fatal)
 *(.exceptions.entry)
 *(.exceptions.irqtest.user)
 *(.exceptions.irqtest)
 *(.exceptions.irqhandler.user)
 *(.exceptions.irqhandler)
 *(.exceptions.irqreturn.user)
 *(.exceptions.irqreturn)
 *(.exceptions.notirq.label)
 *(.exceptions.notirq.user)
 *(.exceptions.notirq)
 *(.exceptions.soft.user)
 *(.exceptions.soft)
 *(.exceptions.unknown.user)
 *(.exceptions.unknown)
 *(.exceptions.exit.label)
 *(.exceptions.exit.user)
 *(.exceptions.exit)
 *(.exceptions)
                0x0000000000008020                PROVIDE (__ram_exceptions_end, ABSOLUTE (.))
                0x0000000000008020                PROVIDE (__flash_exceptions_start, LOADADDR (.exceptions))

.text           0x0000000000008020      0x6a4
                [!provide]                        PROVIDE (stext, ABSOLUTE (.))
 *(.interp)
 *(.hash)
 *(.dynsym)
 *(.dynstr)
 *(.gnu.version)
 *(.gnu.version_d)
 *(.gnu.version_r)
 *(.rel.init)
 *(.rela.init)
 *(.rel.text .rel.text.* .rel.gnu.linkonce.t.*)
 *(.rela.text .rela.text.* .rela.gnu.linkonce.t.*)
 *(.rel.fini)
 *(.rela.fini)
 *(.rel.rodata .rel.rodata.* .rel.gnu.linkonce.r.*)
 *(.rela.rodata .rela.rodata.* .rela.gnu.linkonce.r.*)
 *(.rel.data .rel.data.* .rel.gnu.linkonce.d.*)
 *(.rela.data .rela.data.* .rela.gnu.linkonce.d.*)
 *(.rel.tdata .rel.tdata.* .rel.gnu.linkonce.td.*)
 *(.rela.tdata .rela.tdata.* .rela.gnu.linkonce.td.*)
 *(.rel.tbss .rel.tbss.* .rel.gnu.linkonce.tb.*)
 *(.rela.tbss .rela.tbss.* .rela.gnu.linkonce.tb.*)
 *(.rel.ctors)
 *(.rela.ctors)
 *(.rel.dtors)
 *(.rela.dtors)
 *(.rel.got)
 *(.rela.got)
 *(.rel.sdata .rel.sdata.* .rel.gnu.linkonce.s.*)
 *(.rela.sdata .rela.sdata.* .rela.gnu.linkonce.s.*)
 *(.rel.sbss .rel.sbss.* .rel.gnu.linkonce.sb.*)
 *(.rela.sbss .rela.sbss.* .rela.gnu.linkonce.sb.*)
 *(.rel.sdata2 .rel.sdata2.* .rel.gnu.linkonce.s2.*)
 *(.rela.sdata2 .rela.sdata2.* .rela.gnu.linkonce.s2.*)
 *(.rel.sbss2 .rel.sbss2.* .rel.gnu.linkonce.sb2.*)
 *(.rela.sbss2 .rela.sbss2.* .rela.gnu.linkonce.sb2.*)
 *(.rel.bss .rel.bss.* .rel.gnu.linkonce.b.*)
 *(.rela.bss .rela.bss.* .rela.gnu.linkonce.b.*)
 *(.rel.plt)
 *(.rela.plt)
 *(.rel.dyn)
 *(.init)
 *(.plt)
 *(.text .stub .text.* .gnu.linkonce.t.*)
 .text          0x0000000000008020       0x3c ../audio_vga_bsp//obj/HAL/src/crt0.o
                0x0000000000008020                _start
 .text          0x000000000000805c        0x0 obj/default/hello_world_small.o
 .text.startup  0x000000000000805c      0x1a8 obj/default/hello_world_small.o
                0x000000000000805c                main
 .text          0x0000000000008204       0x28 /home/isa/intelFPGA_lite/18.1/nios2eds/bin/gnu/H-x86_64-pc-linux-gnu/bin/../lib/gcc/nios2-elf/5.3.0/mno-hw-mul/libgcc.a(lib2-mul.o)
                0x0000000000008204                __mulsi3
 .text          0x000000000000822c        0x0 /home/isa/intelFPGA_lite/18.1/nios2eds/bin/gnu/H-x86_64-pc-linux-gnu/bin/../lib/gcc/nios2-elf/5.3.0/../../../../../H-x86_64-pc-linux-gnu/nios2-elf/lib/mno-hw-mul/libsmallc.a(lib_a-strcpy.o)
 .text.strcpy   0x000000000000822c       0x2c /home/isa/intelFPGA_lite/18.1/nios2eds/bin/gnu/H-x86_64-pc-linux-gnu/bin/../lib/gcc/nios2-elf/5.3.0/../../../../../H-x86_64-pc-linux-gnu/nios2-elf/lib/mno-hw-mul/libsmallc.a(lib_a-strcpy.o)
                0x000000000000822c                strcpy
 .text          0x0000000000008258       0xe0 ../audio_vga_bsp//libhal_bsp.a(alt_load.o)
                0x0000000000008258                alt_load
 .text          0x0000000000008338       0x2c ../audio_vga_bsp//libhal_bsp.a(alt_main.o)
                0x0000000000008338                alt_main
 .text          0x0000000000008364       0xb4 ../audio_vga_bsp//libhal_bsp.a(alt_sys_init.o)
                0x0000000000008364                alt_irq_init
                0x0000000000008384                alt_sys_init
 .text          0x0000000000008418      0x130 ../audio_vga_bsp//libhal_bsp.a(altera_up_avalon_video_character_buffer_with_dma.o)
                0x0000000000008418                alt_up_char_buffer_init
                0x0000000000008464                alt_up_char_buffer_open_dev
                0x000000000000846c                alt_up_char_buffer_draw
                0x00000000000084bc                alt_up_char_buffer_string
                0x0000000000008528                alt_up_char_buffer_clear
 .text          0x0000000000008548        0x4 ../audio_vga_bsp//libhal_bsp.a(alt_dcache_flush_all.o)
                0x0000000000008548                alt_dcache_flush_all
 .text          0x000000000000854c        0x8 ../audio_vga_bsp//libhal_bsp.a(alt_dev.o)
 .text          0x0000000000008554       0x6c ../audio_vga_bsp//libhal_bsp.a(alt_dev_llist_insert.o)
                0x0000000000008554                alt_dev_llist_insert
 .text          0x00000000000085c0        0x0 ../audio_vga_bsp//libhal_bsp.a(alt_errno.o)
 .text          0x00000000000085c0       0x74 ../audio_vga_bsp//libhal_bsp.a(alt_find_dev.o)
                0x00000000000085c0                alt_find_dev
 .text          0x0000000000008634        0x4 ../audio_vga_bsp//libhal_bsp.a(alt_icache_flush_all.o)
                0x0000000000008634                alt_icache_flush_all
 .text          0x0000000000008638        0x8 ../audio_vga_bsp//libhal_bsp.a(altera_nios2_gen2_irq.o)
                0x0000000000008638                altera_nios2_gen2_irq_init
 .text          0x0000000000008640        0x0 /home/isa/intelFPGA_lite/18.1/nios2eds/bin/gnu/H-x86_64-pc-linux-gnu/bin/../lib/gcc/nios2-elf/5.3.0/../../../../../H-x86_64-pc-linux-gnu/nios2-elf/lib/mno-hw-mul/libsmallc.a(lib_a-int_errno.o)
 .text          0x0000000000008640        0x0 /home/isa/intelFPGA_lite/18.1/nios2eds/bin/gnu/H-x86_64-pc-linux-gnu/bin/../lib/gcc/nios2-elf/5.3.0/../../../../../H-x86_64-pc-linux-gnu/nios2-elf/lib/mno-hw-mul/libsmallc.a(lib_a-memcmp.o)
 .text.memcmp   0x0000000000008640       0x30 /home/isa/intelFPGA_lite/18.1/nios2eds/bin/gnu/H-x86_64-pc-linux-gnu/bin/../lib/gcc/nios2-elf/5.3.0/../../../../../H-x86_64-pc-linux-gnu/nios2-elf/lib/mno-hw-mul/libsmallc.a(lib_a-memcmp.o)
                0x0000000000008640                memcmp
 .text          0x0000000000008670        0x0 /home/isa/intelFPGA_lite/18.1/nios2eds/bin/gnu/H-x86_64-pc-linux-gnu/bin/../lib/gcc/nios2-elf/5.3.0/../../../../../H-x86_64-pc-linux-gnu/nios2-elf/lib/mno-hw-mul/libsmallc.a(lib_a-strcmp.o)
 .text.strcmp   0x0000000000008670       0x38 /home/isa/intelFPGA_lite/18.1/nios2eds/bin/gnu/H-x86_64-pc-linux-gnu/bin/../lib/gcc/nios2-elf/5.3.0/../../../../../H-x86_64-pc-linux-gnu/nios2-elf/lib/mno-hw-mul/libsmallc.a(lib_a-strcmp.o)
                0x0000000000008670                strcmp
 .text          0x00000000000086a8        0x0 /home/isa/intelFPGA_lite/18.1/nios2eds/bin/gnu/H-x86_64-pc-linux-gnu/bin/../lib/gcc/nios2-elf/5.3.0/../../../../../H-x86_64-pc-linux-gnu/nios2-elf/lib/mno-hw-mul/libsmallc.a(lib_a-strlen.o)
 .text.strlen   0x00000000000086a8       0x1c /home/isa/intelFPGA_lite/18.1/nios2eds/bin/gnu/H-x86_64-pc-linux-gnu/bin/../lib/gcc/nios2-elf/5.3.0/../../../../../H-x86_64-pc-linux-gnu/nios2-elf/lib/mno-hw-mul/libsmallc.a(lib_a-strlen.o)
                0x00000000000086a8                strlen
 *(.gnu.warning.*)
 *(.fini)
                [!provide]                        PROVIDE (__etext, ABSOLUTE (.))
                [!provide]                        PROVIDE (_etext, ABSOLUTE (.))
                [!provide]                        PROVIDE (etext, ABSOLUTE (.))
 *(.eh_frame_hdr)
                0x00000000000086c4                . = ALIGN (0x4)
                [!provide]                        PROVIDE (__preinit_array_start, ABSOLUTE (.))
 *(.preinit_array)
                [!provide]                        PROVIDE (__preinit_array_end, ABSOLUTE (.))
                [!provide]                        PROVIDE (__init_array_start, ABSOLUTE (.))
 *(.init_array)
                [!provide]                        PROVIDE (__init_array_end, ABSOLUTE (.))
                [!provide]                        PROVIDE (__fini_array_start, ABSOLUTE (.))
 *(.fini_array)
                [!provide]                        PROVIDE (__fini_array_end, ABSOLUTE (.))
 *(.eh_frame)
 *(.gcc_except_table .gcc_except_table.*)
 *(.dynamic)
                [!provide]                        PROVIDE (__CTOR_LIST__, ABSOLUTE (.))
 *(.ctors)
 *(SORT(.ctors.*))
                [!provide]                        PROVIDE (__CTOR_END__, ABSOLUTE (.))
                [!provide]                        PROVIDE (__DTOR_LIST__, ABSOLUTE (.))
 *(.dtors)
 *(SORT(.dtors.*))
                [!provide]                        PROVIDE (__DTOR_END__, ABSOLUTE (.))
 *(.jcr)
                0x00000000000086c4                . = ALIGN (0x4)

.rodata         0x00000000000086c4       0xc0
                0x00000000000086c4                PROVIDE (__ram_rodata_start, ABSOLUTE (.))
                0x00000000000086c4                . = ALIGN (0x4)
 *(.rodata .rodata.* .gnu.linkonce.r.*)
 .rodata        0x00000000000086c4       0x62 obj/default/hello_world_small.o
                0x00000000000086c4                mensaje
 *fill*         0x0000000000008726        0x2 
 .rodata.str1.4
                0x0000000000008728       0x4d ../audio_vga_bsp//libhal_bsp.a(alt_sys_init.o)
 .rodata.str1.4
                0x0000000000008775       0x4d ../audio_vga_bsp//libhal_bsp.a(altera_up_avalon_video_character_buffer_with_dma.o)
                                         0x1a (size before relaxing)
 *fill*         0x0000000000008775        0x3 
 .rodata.str1.4
                0x0000000000008778        0xc ../audio_vga_bsp//libhal_bsp.a(alt_dev.o)
                                          0xa (size before relaxing)
 *(.rodata1)
                0x0000000000008784                . = ALIGN (0x4)
                0x0000000000008784                PROVIDE (__ram_rodata_end, ABSOLUTE (.))
                0x00000000000086c4                PROVIDE (__flash_rodata_start, LOADADDR (.rodata))

.rwdata         0x0000000000008784      0x11c load address 0x00000000000088a0
                0x0000000000008784                PROVIDE (__ram_rwdata_start, ABSOLUTE (.))
                0x0000000000008784                . = ALIGN (0x4)
 *(.got.plt)
 *(.got)
 *(.data1)
 *(.data .data.* .gnu.linkonce.d.*)
 .data          0x0000000000008784        0x0 ../audio_vga_bsp//obj/HAL/src/crt0.o
 .data          0x0000000000008784        0x0 obj/default/hello_world_small.o
 .data          0x0000000000008784        0x0 /home/isa/intelFPGA_lite/18.1/nios2eds/bin/gnu/H-x86_64-pc-linux-gnu/bin/../lib/gcc/nios2-elf/5.3.0/mno-hw-mul/libgcc.a(lib2-mul.o)
 .data          0x0000000000008784        0x0 /home/isa/intelFPGA_lite/18.1/nios2eds/bin/gnu/H-x86_64-pc-linux-gnu/bin/../lib/gcc/nios2-elf/5.3.0/../../../../../H-x86_64-pc-linux-gnu/nios2-elf/lib/mno-hw-mul/libsmallc.a(lib_a-strcpy.o)
 .data          0x0000000000008784        0x0 ../audio_vga_bsp//libhal_bsp.a(alt_load.o)
 .data          0x0000000000008784        0x0 ../audio_vga_bsp//libhal_bsp.a(alt_main.o)
 .data          0x0000000000008784       0xa8 ../audio_vga_bsp//libhal_bsp.a(alt_sys_init.o)
 .data          0x000000000000882c        0x0 ../audio_vga_bsp//libhal_bsp.a(altera_up_avalon_video_character_buffer_with_dma.o)
 .data          0x000000000000882c        0x0 ../audio_vga_bsp//libhal_bsp.a(alt_dcache_flush_all.o)
 .data          0x000000000000882c       0x58 ../audio_vga_bsp//libhal_bsp.a(alt_dev.o)
                0x000000000000882c                alt_fd_list
                0x000000000000885c                alt_dev_null
 .data          0x0000000000008884        0x0 ../audio_vga_bsp//libhal_bsp.a(alt_dev_llist_insert.o)
 .data          0x0000000000008884        0x0 ../audio_vga_bsp//libhal_bsp.a(alt_errno.o)
 .data          0x0000000000008884        0x0 ../audio_vga_bsp//libhal_bsp.a(alt_find_dev.o)
 .data          0x0000000000008884        0x0 ../audio_vga_bsp//libhal_bsp.a(alt_icache_flush_all.o)
 .data          0x0000000000008884        0x0 ../audio_vga_bsp//libhal_bsp.a(altera_nios2_gen2_irq.o)
 .data          0x0000000000008884        0x0 /home/isa/intelFPGA_lite/18.1/nios2eds/bin/gnu/H-x86_64-pc-linux-gnu/bin/../lib/gcc/nios2-elf/5.3.0/../../../../../H-x86_64-pc-linux-gnu/nios2-elf/lib/mno-hw-mul/libsmallc.a(lib_a-int_errno.o)
 .data          0x0000000000008884        0x0 /home/isa/intelFPGA_lite/18.1/nios2eds/bin/gnu/H-x86_64-pc-linux-gnu/bin/../lib/gcc/nios2-elf/5.3.0/../../../../../H-x86_64-pc-linux-gnu/nios2-elf/lib/mno-hw-mul/libsmallc.a(lib_a-memcmp.o)
 .data          0x0000000000008884        0x0 /home/isa/intelFPGA_lite/18.1/nios2eds/bin/gnu/H-x86_64-pc-linux-gnu/bin/../lib/gcc/nios2-elf/5.3.0/../../../../../H-x86_64-pc-linux-gnu/nios2-elf/lib/mno-hw-mul/libsmallc.a(lib_a-strcmp.o)
 .data          0x0000000000008884        0x0 /home/isa/intelFPGA_lite/18.1/nios2eds/bin/gnu/H-x86_64-pc-linux-gnu/bin/../lib/gcc/nios2-elf/5.3.0/../../../../../H-x86_64-pc-linux-gnu/nios2-elf/lib/mno-hw-mul/libsmallc.a(lib_a-strlen.o)
                0x0000000000010884                _gp = ABSOLUTE ((. + 0x8000))
                [!provide]                        PROVIDE (gp, _gp)
 *(.rwdata .rwdata.*)
 *(.sdata .sdata.* .gnu.linkonce.s.*)
 .sdata         0x0000000000008884        0x4 ../audio_vga_bsp//libhal_bsp.a(alt_sys_init.o)
                0x0000000000008884                JTAG
 .sdata         0x0000000000008888       0x14 ../audio_vga_bsp//libhal_bsp.a(alt_dev.o)
                0x0000000000008888                alt_max_fd
                0x000000000000888c                alt_dev_list
                0x0000000000008894                alt_fs_list
 .sdata         0x000000000000889c        0x4 ../audio_vga_bsp//libhal_bsp.a(alt_errno.o)
                0x000000000000889c                alt_errno
 *(.sdata2 .sdata2.* .gnu.linkonce.s2.*)
                0x00000000000088a0                . = ALIGN (0x4)
                0x00000000000088a0                _edata = ABSOLUTE (.)
                [!provide]                        PROVIDE (edata, ABSOLUTE (.))
                0x00000000000088a0                PROVIDE (__ram_rwdata_end, ABSOLUTE (.))
                0x00000000000088a0                PROVIDE (__flash_rwdata_start, LOADADDR (.rwdata))

.bss            0x00000000000089bc       0x10
                0x00000000000089bc                __bss_start = ABSOLUTE (.)
                [!provide]                        PROVIDE (__sbss_start, ABSOLUTE (.))
                [!provide]                        PROVIDE (___sbss_start, ABSOLUTE (.))
 *(.dynsbss)
 *(.sbss .sbss.* .gnu.linkonce.sb.*)
 .sbss          0x00000000000089bc        0xc ../audio_vga_bsp//libhal_bsp.a(alt_main.o)
                0x00000000000089bc                alt_envp
                0x00000000000089c0                alt_argv
                0x00000000000089c4                alt_argc
 .sbss          0x00000000000089c8        0x4 /home/isa/intelFPGA_lite/18.1/nios2eds/bin/gnu/H-x86_64-pc-linux-gnu/bin/../lib/gcc/nios2-elf/5.3.0/../../../../../H-x86_64-pc-linux-gnu/nios2-elf/lib/mno-hw-mul/libsmallc.a(lib_a-int_errno.o)
                0x00000000000089c8                errno
 *(.sbss2 .sbss2.* .gnu.linkonce.sb2.*)
 *(.scommon)
                [!provide]                        PROVIDE (__sbss_end, ABSOLUTE (.))
                [!provide]                        PROVIDE (___sbss_end, ABSOLUTE (.))
 *(.dynbss)
 *(.bss .bss.* .gnu.linkonce.b.*)
 .bss           0x00000000000089cc        0x0 ../audio_vga_bsp//obj/HAL/src/crt0.o
 .bss           0x00000000000089cc        0x0 obj/default/hello_world_small.o
 .bss           0x00000000000089cc        0x0 /home/isa/intelFPGA_lite/18.1/nios2eds/bin/gnu/H-x86_64-pc-linux-gnu/bin/../lib/gcc/nios2-elf/5.3.0/mno-hw-mul/libgcc.a(lib2-mul.o)
 .bss           0x00000000000089cc        0x0 /home/isa/intelFPGA_lite/18.1/nios2eds/bin/gnu/H-x86_64-pc-linux-gnu/bin/../lib/gcc/nios2-elf/5.3.0/../../../../../H-x86_64-pc-linux-gnu/nios2-elf/lib/mno-hw-mul/libsmallc.a(lib_a-strcpy.o)
 .bss           0x00000000000089cc        0x0 ../audio_vga_bsp//libhal_bsp.a(alt_load.o)
 .bss           0x00000000000089cc        0x0 ../audio_vga_bsp//libhal_bsp.a(alt_main.o)
 .bss           0x00000000000089cc        0x0 ../audio_vga_bsp//libhal_bsp.a(alt_sys_init.o)
 .bss           0x00000000000089cc        0x0 ../audio_vga_bsp//libhal_bsp.a(altera_up_avalon_video_character_buffer_with_dma.o)
 .bss           0x00000000000089cc        0x0 ../audio_vga_bsp//libhal_bsp.a(alt_dcache_flush_all.o)
 .bss           0x00000000000089cc        0x0 ../audio_vga_bsp//libhal_bsp.a(alt_dev.o)
 .bss           0x00000000000089cc        0x0 ../audio_vga_bsp//libhal_bsp.a(alt_dev_llist_insert.o)
 .bss           0x00000000000089cc        0x0 ../audio_vga_bsp//libhal_bsp.a(alt_errno.o)
 .bss           0x00000000000089cc        0x0 ../audio_vga_bsp//libhal_bsp.a(alt_find_dev.o)
 .bss           0x00000000000089cc        0x0 ../audio_vga_bsp//libhal_bsp.a(alt_icache_flush_all.o)
 .bss           0x00000000000089cc        0x0 ../audio_vga_bsp//libhal_bsp.a(altera_nios2_gen2_irq.o)
 .bss           0x00000000000089cc        0x0 /home/isa/intelFPGA_lite/18.1/nios2eds/bin/gnu/H-x86_64-pc-linux-gnu/bin/../lib/gcc/nios2-elf/5.3.0/../../../../../H-x86_64-pc-linux-gnu/nios2-elf/lib/mno-hw-mul/libsmallc.a(lib_a-int_errno.o)
 .bss           0x00000000000089cc        0x0 /home/isa/intelFPGA_lite/18.1/nios2eds/bin/gnu/H-x86_64-pc-linux-gnu/bin/../lib/gcc/nios2-elf/5.3.0/../../../../../H-x86_64-pc-linux-gnu/nios2-elf/lib/mno-hw-mul/libsmallc.a(lib_a-memcmp.o)
 .bss           0x00000000000089cc        0x0 /home/isa/intelFPGA_lite/18.1/nios2eds/bin/gnu/H-x86_64-pc-linux-gnu/bin/../lib/gcc/nios2-elf/5.3.0/../../../../../H-x86_64-pc-linux-gnu/nios2-elf/lib/mno-hw-mul/libsmallc.a(lib_a-strcmp.o)
 .bss           0x00000000000089cc        0x0 /home/isa/intelFPGA_lite/18.1/nios2eds/bin/gnu/H-x86_64-pc-linux-gnu/bin/../lib/gcc/nios2-elf/5.3.0/../../../../../H-x86_64-pc-linux-gnu/nios2-elf/lib/mno-hw-mul/libsmallc.a(lib_a-strlen.o)
 *(COMMON)
                0x00000000000089cc                . = ALIGN (0x4)
                0x00000000000089cc                __bss_end = ABSOLUTE (.)

.RAM            0x00000000000089cc        0x0
                [!provide]                        PROVIDE (_alt_partition_RAM_start, ABSOLUTE (.))
 *(.RAM .RAM. RAM.*)
                0x00000000000089cc                . = ALIGN (0x4)
                [!provide]                        PROVIDE (_alt_partition_RAM_end, ABSOLUTE (.))
                0x00000000000089cc                _end = ABSOLUTE (.)
                0x00000000000089cc                end = ABSOLUTE (.)
                0x00000000000089cc                __alt_stack_base = ABSOLUTE (.)
                [!provide]                        PROVIDE (_alt_partition_RAM_load_addr, LOADADDR (.RAM))

.stab
 *(.stab)

.stabstr
 *(.stabstr)

.stab.excl
 *(.stab.excl)

.stab.exclstr
 *(.stab.exclstr)

.stab.index
 *(.stab.index)

.stab.indexstr
 *(.stab.indexstr)

.comment        0x0000000000000000       0x23
 *(.comment)
 .comment       0x0000000000000000       0x23 obj/default/hello_world_small.o
                                         0x24 (size before relaxing)
 .comment       0x0000000000000023       0x24 /home/isa/intelFPGA_lite/18.1/nios2eds/bin/gnu/H-x86_64-pc-linux-gnu/bin/../lib/gcc/nios2-elf/5.3.0/mno-hw-mul/libgcc.a(lib2-mul.o)
 .comment       0x0000000000000023       0x24 /home/isa/intelFPGA_lite/18.1/nios2eds/bin/gnu/H-x86_64-pc-linux-gnu/bin/../lib/gcc/nios2-elf/5.3.0/../../../../../H-x86_64-pc-linux-gnu/nios2-elf/lib/mno-hw-mul/libsmallc.a(lib_a-strcpy.o)
 .comment       0x0000000000000023       0x24 ../audio_vga_bsp//libhal_bsp.a(alt_load.o)
 .comment       0x0000000000000023       0x24 ../audio_vga_bsp//libhal_bsp.a(alt_main.o)
 .comment       0x0000000000000023       0x24 ../audio_vga_bsp//libhal_bsp.a(alt_sys_init.o)
 .comment       0x0000000000000023       0x24 ../audio_vga_bsp//libhal_bsp.a(altera_up_avalon_video_character_buffer_with_dma.o)
 .comment       0x0000000000000023       0x24 ../audio_vga_bsp//libhal_bsp.a(alt_dcache_flush_all.o)
 .comment       0x0000000000000023       0x24 ../audio_vga_bsp//libhal_bsp.a(alt_dev.o)
 .comment       0x0000000000000023       0x24 ../audio_vga_bsp//libhal_bsp.a(alt_dev_llist_insert.o)
 .comment       0x0000000000000023       0x24 ../audio_vga_bsp//libhal_bsp.a(alt_errno.o)
 .comment       0x0000000000000023       0x24 ../audio_vga_bsp//libhal_bsp.a(alt_find_dev.o)
 .comment       0x0000000000000023       0x24 ../audio_vga_bsp//libhal_bsp.a(alt_icache_flush_all.o)
 .comment       0x0000000000000023       0x24 ../audio_vga_bsp//libhal_bsp.a(altera_nios2_gen2_irq.o)
 .comment       0x0000000000000023       0x24 /home/isa/intelFPGA_lite/18.1/nios2eds/bin/gnu/H-x86_64-pc-linux-gnu/bin/../lib/gcc/nios2-elf/5.3.0/../../../../../H-x86_64-pc-linux-gnu/nios2-elf/lib/mno-hw-mul/libsmallc.a(lib_a-int_errno.o)
 .comment       0x0000000000000023       0x24 /home/isa/intelFPGA_lite/18.1/nios2eds/bin/gnu/H-x86_64-pc-linux-gnu/bin/../lib/gcc/nios2-elf/5.3.0/../../../../../H-x86_64-pc-linux-gnu/nios2-elf/lib/mno-hw-mul/libsmallc.a(lib_a-memcmp.o)
 .comment       0x0000000000000023       0x24 /home/isa/intelFPGA_lite/18.1/nios2eds/bin/gnu/H-x86_64-pc-linux-gnu/bin/../lib/gcc/nios2-elf/5.3.0/../../../../../H-x86_64-pc-linux-gnu/nios2-elf/lib/mno-hw-mul/libsmallc.a(lib_a-strcmp.o)
 .comment       0x0000000000000023       0x24 /home/isa/intelFPGA_lite/18.1/nios2eds/bin/gnu/H-x86_64-pc-linux-gnu/bin/../lib/gcc/nios2-elf/5.3.0/../../../../../H-x86_64-pc-linux-gnu/nios2-elf/lib/mno-hw-mul/libsmallc.a(lib_a-strlen.o)

.debug
 *(.debug)

.line
 *(.line)

.debug_srcinfo
 *(.debug_srcinfo)

.debug_sfnames
 *(.debug_sfnames)

.debug_aranges  0x0000000000000000      0x258
 *(.debug_aranges)
 .debug_aranges
                0x0000000000000000       0x28 ../audio_vga_bsp//obj/HAL/src/crt0.o
 .debug_aranges
                0x0000000000000028       0x20 obj/default/hello_world_small.o
 .debug_aranges
                0x0000000000000048       0x20 /home/isa/intelFPGA_lite/18.1/nios2eds/bin/gnu/H-x86_64-pc-linux-gnu/bin/../lib/gcc/nios2-elf/5.3.0/mno-hw-mul/libgcc.a(lib2-mul.o)
 .debug_aranges
                0x0000000000000068       0x20 /home/isa/intelFPGA_lite/18.1/nios2eds/bin/gnu/H-x86_64-pc-linux-gnu/bin/../lib/gcc/nios2-elf/5.3.0/../../../../../H-x86_64-pc-linux-gnu/nios2-elf/lib/mno-hw-mul/libsmallc.a(lib_a-strcpy.o)
 .debug_aranges
                0x0000000000000088       0x20 ../audio_vga_bsp//libhal_bsp.a(alt_load.o)
 .debug_aranges
                0x00000000000000a8       0x20 ../audio_vga_bsp//libhal_bsp.a(alt_main.o)
 .debug_aranges
                0x00000000000000c8       0x20 ../audio_vga_bsp//libhal_bsp.a(alt_sys_init.o)
 .debug_aranges
                0x00000000000000e8       0x20 ../audio_vga_bsp//libhal_bsp.a(altera_up_avalon_video_character_buffer_with_dma.o)
 .debug_aranges
                0x0000000000000108       0x20 ../audio_vga_bsp//libhal_bsp.a(alt_dcache_flush_all.o)
 .debug_aranges
                0x0000000000000128       0x20 ../audio_vga_bsp//libhal_bsp.a(alt_dev.o)
 .debug_aranges
                0x0000000000000148       0x20 ../audio_vga_bsp//libhal_bsp.a(alt_dev_llist_insert.o)
 .debug_aranges
                0x0000000000000168       0x18 ../audio_vga_bsp//libhal_bsp.a(alt_errno.o)
 .debug_aranges
                0x0000000000000180       0x20 ../audio_vga_bsp//libhal_bsp.a(alt_find_dev.o)
 .debug_aranges
                0x00000000000001a0       0x20 ../audio_vga_bsp//libhal_bsp.a(alt_icache_flush_all.o)
 .debug_aranges
                0x00000000000001c0       0x20 ../audio_vga_bsp//libhal_bsp.a(altera_nios2_gen2_irq.o)
 .debug_aranges
                0x00000000000001e0       0x18 /home/isa/intelFPGA_lite/18.1/nios2eds/bin/gnu/H-x86_64-pc-linux-gnu/bin/../lib/gcc/nios2-elf/5.3.0/../../../../../H-x86_64-pc-linux-gnu/nios2-elf/lib/mno-hw-mul/libsmallc.a(lib_a-int_errno.o)
 .debug_aranges
                0x00000000000001f8       0x20 /home/isa/intelFPGA_lite/18.1/nios2eds/bin/gnu/H-x86_64-pc-linux-gnu/bin/../lib/gcc/nios2-elf/5.3.0/../../../../../H-x86_64-pc-linux-gnu/nios2-elf/lib/mno-hw-mul/libsmallc.a(lib_a-memcmp.o)
 .debug_aranges
                0x0000000000000218       0x20 /home/isa/intelFPGA_lite/18.1/nios2eds/bin/gnu/H-x86_64-pc-linux-gnu/bin/../lib/gcc/nios2-elf/5.3.0/../../../../../H-x86_64-pc-linux-gnu/nios2-elf/lib/mno-hw-mul/libsmallc.a(lib_a-strcmp.o)
 .debug_aranges
                0x0000000000000238       0x20 /home/isa/intelFPGA_lite/18.1/nios2eds/bin/gnu/H-x86_64-pc-linux-gnu/bin/../lib/gcc/nios2-elf/5.3.0/../../../../../H-x86_64-pc-linux-gnu/nios2-elf/lib/mno-hw-mul/libsmallc.a(lib_a-strlen.o)

.debug_pubnames
 *(.debug_pubnames)

.debug_info     0x0000000000000000     0x218f
 *(.debug_info .gnu.linkonce.wi.*)
 .debug_info    0x0000000000000000       0x78 ../audio_vga_bsp//obj/HAL/src/crt0.o
 .debug_info    0x0000000000000078      0x262 obj/default/hello_world_small.o
 .debug_info    0x00000000000002da       0xb4 /home/isa/intelFPGA_lite/18.1/nios2eds/bin/gnu/H-x86_64-pc-linux-gnu/bin/../lib/gcc/nios2-elf/5.3.0/mno-hw-mul/libgcc.a(lib2-mul.o)
 .debug_info    0x000000000000038e       0xd3 /home/isa/intelFPGA_lite/18.1/nios2eds/bin/gnu/H-x86_64-pc-linux-gnu/bin/../lib/gcc/nios2-elf/5.3.0/../../../../../H-x86_64-pc-linux-gnu/nios2-elf/lib/mno-hw-mul/libsmallc.a(lib_a-strcpy.o)
 .debug_info    0x0000000000000461      0x1c9 ../audio_vga_bsp//libhal_bsp.a(alt_load.o)
 .debug_info    0x000000000000062a      0x18f ../audio_vga_bsp//libhal_bsp.a(alt_main.o)
 .debug_info    0x00000000000007b9      0x62b ../audio_vga_bsp//libhal_bsp.a(alt_sys_init.o)
 .debug_info    0x0000000000000de4      0x4ab ../audio_vga_bsp//libhal_bsp.a(altera_up_avalon_video_character_buffer_with_dma.o)
 .debug_info    0x000000000000128f       0x92 ../audio_vga_bsp//libhal_bsp.a(alt_dcache_flush_all.o)
 .debug_info    0x0000000000001321      0x499 ../audio_vga_bsp//libhal_bsp.a(alt_dev.o)
 .debug_info    0x00000000000017ba      0x1b3 ../audio_vga_bsp//libhal_bsp.a(alt_dev_llist_insert.o)
 .debug_info    0x000000000000196d       0xa6 ../audio_vga_bsp//libhal_bsp.a(alt_errno.o)
 .debug_info    0x0000000000001a13      0x32d ../audio_vga_bsp//libhal_bsp.a(alt_find_dev.o)
 .debug_info    0x0000000000001d40       0x92 ../audio_vga_bsp//libhal_bsp.a(alt_icache_flush_all.o)
 .debug_info    0x0000000000001dd2       0xb8 ../audio_vga_bsp//libhal_bsp.a(altera_nios2_gen2_irq.o)
 .debug_info    0x0000000000001e8a       0x8a /home/isa/intelFPGA_lite/18.1/nios2eds/bin/gnu/H-x86_64-pc-linux-gnu/bin/../lib/gcc/nios2-elf/5.3.0/../../../../../H-x86_64-pc-linux-gnu/nios2-elf/lib/mno-hw-mul/libsmallc.a(lib_a-int_errno.o)
 .debug_info    0x0000000000001f14       0xf4 /home/isa/intelFPGA_lite/18.1/nios2eds/bin/gnu/H-x86_64-pc-linux-gnu/bin/../lib/gcc/nios2-elf/5.3.0/../../../../../H-x86_64-pc-linux-gnu/nios2-elf/lib/mno-hw-mul/libsmallc.a(lib_a-memcmp.o)
 .debug_info    0x0000000000002008       0xbe /home/isa/intelFPGA_lite/18.1/nios2eds/bin/gnu/H-x86_64-pc-linux-gnu/bin/../lib/gcc/nios2-elf/5.3.0/../../../../../H-x86_64-pc-linux-gnu/nios2-elf/lib/mno-hw-mul/libsmallc.a(lib_a-strcmp.o)
 .debug_info    0x00000000000020c6       0xc9 /home/isa/intelFPGA_lite/18.1/nios2eds/bin/gnu/H-x86_64-pc-linux-gnu/bin/../lib/gcc/nios2-elf/5.3.0/../../../../../H-x86_64-pc-linux-gnu/nios2-elf/lib/mno-hw-mul/libsmallc.a(lib_a-strlen.o)

.debug_abbrev   0x0000000000000000      0xd54
 *(.debug_abbrev)
 .debug_abbrev  0x0000000000000000       0x12 ../audio_vga_bsp//obj/HAL/src/crt0.o
 .debug_abbrev  0x0000000000000012      0x145 obj/default/hello_world_small.o
 .debug_abbrev  0x0000000000000157       0x6f /home/isa/intelFPGA_lite/18.1/nios2eds/bin/gnu/H-x86_64-pc-linux-gnu/bin/../lib/gcc/nios2-elf/5.3.0/mno-hw-mul/libgcc.a(lib2-mul.o)
 .debug_abbrev  0x00000000000001c6       0x72 /home/isa/intelFPGA_lite/18.1/nios2eds/bin/gnu/H-x86_64-pc-linux-gnu/bin/../lib/gcc/nios2-elf/5.3.0/../../../../../H-x86_64-pc-linux-gnu/nios2-elf/lib/mno-hw-mul/libsmallc.a(lib_a-strcpy.o)
 .debug_abbrev  0x0000000000000238       0xd8 ../audio_vga_bsp//libhal_bsp.a(alt_load.o)
 .debug_abbrev  0x0000000000000310       0xf5 ../audio_vga_bsp//libhal_bsp.a(alt_main.o)
 .debug_abbrev  0x0000000000000405      0x1ed ../audio_vga_bsp//libhal_bsp.a(alt_sys_init.o)
 .debug_abbrev  0x00000000000005f2      0x16b ../audio_vga_bsp//libhal_bsp.a(altera_up_avalon_video_character_buffer_with_dma.o)
 .debug_abbrev  0x000000000000075d       0x42 ../audio_vga_bsp//libhal_bsp.a(alt_dcache_flush_all.o)
 .debug_abbrev  0x000000000000079f       0xd9 ../audio_vga_bsp//libhal_bsp.a(alt_dev.o)
 .debug_abbrev  0x0000000000000878      0x11c ../audio_vga_bsp//libhal_bsp.a(alt_dev_llist_insert.o)
 .debug_abbrev  0x0000000000000994       0x5a ../audio_vga_bsp//libhal_bsp.a(alt_errno.o)
 .debug_abbrev  0x00000000000009ee      0x125 ../audio_vga_bsp//libhal_bsp.a(alt_find_dev.o)
 .debug_abbrev  0x0000000000000b13       0x42 ../audio_vga_bsp//libhal_bsp.a(alt_icache_flush_all.o)
 .debug_abbrev  0x0000000000000b55       0x67 ../audio_vga_bsp//libhal_bsp.a(altera_nios2_gen2_irq.o)
 .debug_abbrev  0x0000000000000bbc       0x37 /home/isa/intelFPGA_lite/18.1/nios2eds/bin/gnu/H-x86_64-pc-linux-gnu/bin/../lib/gcc/nios2-elf/5.3.0/../../../../../H-x86_64-pc-linux-gnu/nios2-elf/lib/mno-hw-mul/libsmallc.a(lib_a-int_errno.o)
 .debug_abbrev  0x0000000000000bf3       0x7f /home/isa/intelFPGA_lite/18.1/nios2eds/bin/gnu/H-x86_64-pc-linux-gnu/bin/../lib/gcc/nios2-elf/5.3.0/../../../../../H-x86_64-pc-linux-gnu/nios2-elf/lib/mno-hw-mul/libsmallc.a(lib_a-memcmp.o)
 .debug_abbrev  0x0000000000000c72       0x63 /home/isa/intelFPGA_lite/18.1/nios2eds/bin/gnu/H-x86_64-pc-linux-gnu/bin/../lib/gcc/nios2-elf/5.3.0/../../../../../H-x86_64-pc-linux-gnu/nios2-elf/lib/mno-hw-mul/libsmallc.a(lib_a-strcmp.o)
 .debug_abbrev  0x0000000000000cd5       0x7f /home/isa/intelFPGA_lite/18.1/nios2eds/bin/gnu/H-x86_64-pc-linux-gnu/bin/../lib/gcc/nios2-elf/5.3.0/../../../../../H-x86_64-pc-linux-gnu/nios2-elf/lib/mno-hw-mul/libsmallc.a(lib_a-strlen.o)

.debug_line     0x0000000000000000     0x110a
 *(.debug_line)
 .debug_line    0x0000000000000000       0x66 ../audio_vga_bsp//obj/HAL/src/crt0.o
 .debug_line    0x0000000000000066      0x191 obj/default/hello_world_small.o
 .debug_line    0x00000000000001f7       0x80 /home/isa/intelFPGA_lite/18.1/nios2eds/bin/gnu/H-x86_64-pc-linux-gnu/bin/../lib/gcc/nios2-elf/5.3.0/mno-hw-mul/libgcc.a(lib2-mul.o)
 .debug_line    0x0000000000000277       0xe2 /home/isa/intelFPGA_lite/18.1/nios2eds/bin/gnu/H-x86_64-pc-linux-gnu/bin/../lib/gcc/nios2-elf/5.3.0/../../../../../H-x86_64-pc-linux-gnu/nios2-elf/lib/mno-hw-mul/libsmallc.a(lib_a-strcpy.o)
 .debug_line    0x0000000000000359       0xa4 ../audio_vga_bsp//libhal_bsp.a(alt_load.o)
 .debug_line    0x00000000000003fd       0xea ../audio_vga_bsp//libhal_bsp.a(alt_main.o)
 .debug_line    0x00000000000004e7      0x20a ../audio_vga_bsp//libhal_bsp.a(alt_sys_init.o)
 .debug_line    0x00000000000006f1      0x1b1 ../audio_vga_bsp//libhal_bsp.a(altera_up_avalon_video_character_buffer_with_dma.o)
 .debug_line    0x00000000000008a2       0x4e ../audio_vga_bsp//libhal_bsp.a(alt_dcache_flush_all.o)
 .debug_line    0x00000000000008f0      0x102 ../audio_vga_bsp//libhal_bsp.a(alt_dev.o)
 .debug_line    0x00000000000009f2       0xd8 ../audio_vga_bsp//libhal_bsp.a(alt_dev_llist_insert.o)
 .debug_line    0x0000000000000aca       0x51 ../audio_vga_bsp//libhal_bsp.a(alt_errno.o)
 .debug_line    0x0000000000000b1b      0x113 ../audio_vga_bsp//libhal_bsp.a(alt_find_dev.o)
 .debug_line    0x0000000000000c2e       0x4e ../audio_vga_bsp//libhal_bsp.a(alt_icache_flush_all.o)
 .debug_line    0x0000000000000c7c       0x8c ../audio_vga_bsp//libhal_bsp.a(altera_nios2_gen2_irq.o)
 .debug_line    0x0000000000000d08       0x5f /home/isa/intelFPGA_lite/18.1/nios2eds/bin/gnu/H-x86_64-pc-linux-gnu/bin/../lib/gcc/nios2-elf/5.3.0/../../../../../H-x86_64-pc-linux-gnu/nios2-elf/lib/mno-hw-mul/libsmallc.a(lib_a-int_errno.o)
 .debug_line    0x0000000000000d67      0x160 /home/isa/intelFPGA_lite/18.1/nios2eds/bin/gnu/H-x86_64-pc-linux-gnu/bin/../lib/gcc/nios2-elf/5.3.0/../../../../../H-x86_64-pc-linux-gnu/nios2-elf/lib/mno-hw-mul/libsmallc.a(lib_a-memcmp.o)
 .debug_line    0x0000000000000ec7       0xe7 /home/isa/intelFPGA_lite/18.1/nios2eds/bin/gnu/H-x86_64-pc-linux-gnu/bin/../lib/gcc/nios2-elf/5.3.0/../../../../../H-x86_64-pc-linux-gnu/nios2-elf/lib/mno-hw-mul/libsmallc.a(lib_a-strcmp.o)
 .debug_line    0x0000000000000fae      0x15c /home/isa/intelFPGA_lite/18.1/nios2eds/bin/gnu/H-x86_64-pc-linux-gnu/bin/../lib/gcc/nios2-elf/5.3.0/../../../../../H-x86_64-pc-linux-gnu/nios2-elf/lib/mno-hw-mul/libsmallc.a(lib_a-strlen.o)

.debug_frame    0x0000000000000000      0x2d4
 *(.debug_frame)
 .debug_frame   0x0000000000000000       0x38 obj/default/hello_world_small.o
 .debug_frame   0x0000000000000038       0x20 /home/isa/intelFPGA_lite/18.1/nios2eds/bin/gnu/H-x86_64-pc-linux-gnu/bin/../lib/gcc/nios2-elf/5.3.0/mno-hw-mul/libgcc.a(lib2-mul.o)
 .debug_frame   0x0000000000000058       0x20 /home/isa/intelFPGA_lite/18.1/nios2eds/bin/gnu/H-x86_64-pc-linux-gnu/bin/../lib/gcc/nios2-elf/5.3.0/../../../../../H-x86_64-pc-linux-gnu/nios2-elf/lib/mno-hw-mul/libsmallc.a(lib_a-strcpy.o)
 .debug_frame   0x0000000000000078       0x30 ../audio_vga_bsp//libhal_bsp.a(alt_load.o)
 .debug_frame   0x00000000000000a8       0x2c ../audio_vga_bsp//libhal_bsp.a(alt_main.o)
 .debug_frame   0x00000000000000d4       0x48 ../audio_vga_bsp//libhal_bsp.a(alt_sys_init.o)
 .debug_frame   0x000000000000011c       0x70 ../audio_vga_bsp//libhal_bsp.a(altera_up_avalon_video_character_buffer_with_dma.o)
 .debug_frame   0x000000000000018c       0x20 ../audio_vga_bsp//libhal_bsp.a(alt_dcache_flush_all.o)
 .debug_frame   0x00000000000001ac       0x20 ../audio_vga_bsp//libhal_bsp.a(alt_dev.o)
 .debug_frame   0x00000000000001cc       0x2c ../audio_vga_bsp//libhal_bsp.a(alt_dev_llist_insert.o)
 .debug_frame   0x00000000000001f8       0x3c ../audio_vga_bsp//libhal_bsp.a(alt_find_dev.o)
 .debug_frame   0x0000000000000234       0x20 ../audio_vga_bsp//libhal_bsp.a(alt_icache_flush_all.o)
 .debug_frame   0x0000000000000254       0x20 ../audio_vga_bsp//libhal_bsp.a(altera_nios2_gen2_irq.o)
 .debug_frame   0x0000000000000274       0x20 /home/isa/intelFPGA_lite/18.1/nios2eds/bin/gnu/H-x86_64-pc-linux-gnu/bin/../lib/gcc/nios2-elf/5.3.0/../../../../../H-x86_64-pc-linux-gnu/nios2-elf/lib/mno-hw-mul/libsmallc.a(lib_a-memcmp.o)
 .debug_frame   0x0000000000000294       0x20 /home/isa/intelFPGA_lite/18.1/nios2eds/bin/gnu/H-x86_64-pc-linux-gnu/bin/../lib/gcc/nios2-elf/5.3.0/../../../../../H-x86_64-pc-linux-gnu/nios2-elf/lib/mno-hw-mul/libsmallc.a(lib_a-strcmp.o)
 .debug_frame   0x00000000000002b4       0x20 /home/isa/intelFPGA_lite/18.1/nios2eds/bin/gnu/H-x86_64-pc-linux-gnu/bin/../lib/gcc/nios2-elf/5.3.0/../../../../../H-x86_64-pc-linux-gnu/nios2-elf/lib/mno-hw-mul/libsmallc.a(lib_a-strlen.o)

.debug_str      0x0000000000000000      0xd65
 *(.debug_str)
 .debug_str     0x0000000000000000      0x167 obj/default/hello_world_small.o
                                        0x1c0 (size before relaxing)
 .debug_str     0x0000000000000167      0x149 /home/isa/intelFPGA_lite/18.1/nios2eds/bin/gnu/H-x86_64-pc-linux-gnu/bin/../lib/gcc/nios2-elf/5.3.0/mno-hw-mul/libgcc.a(lib2-mul.o)
                                        0x194 (size before relaxing)
 .debug_str     0x00000000000002b0      0x13e /home/isa/intelFPGA_lite/18.1/nios2eds/bin/gnu/H-x86_64-pc-linux-gnu/bin/../lib/gcc/nios2-elf/5.3.0/../../../../../H-x86_64-pc-linux-gnu/nios2-elf/lib/mno-hw-mul/libsmallc.a(lib_a-strcpy.o)
                                        0x1e3 (size before relaxing)
 .debug_str     0x00000000000003ee      0x15f ../audio_vga_bsp//libhal_bsp.a(alt_load.o)
                                        0x246 (size before relaxing)
 .debug_str     0x000000000000054d       0xb0 ../audio_vga_bsp//libhal_bsp.a(alt_main.o)
                                        0x1e8 (size before relaxing)
 .debug_str     0x00000000000005fd      0x306 ../audio_vga_bsp//libhal_bsp.a(alt_sys_init.o)
                                        0x4c0 (size before relaxing)
 .debug_str     0x0000000000000903       0xbf ../audio_vga_bsp//libhal_bsp.a(altera_up_avalon_video_character_buffer_with_dma.o)
                                        0x340 (size before relaxing)
 .debug_str     0x00000000000009c2       0x1f ../audio_vga_bsp//libhal_bsp.a(alt_dcache_flush_all.o)
                                        0x15f (size before relaxing)
 .debug_str     0x00000000000009e1      0x12c ../audio_vga_bsp//libhal_bsp.a(alt_dev.o)
                                        0x30f (size before relaxing)
 .debug_str     0x0000000000000b0d       0x4e ../audio_vga_bsp//libhal_bsp.a(alt_dev_llist_insert.o)
                                        0x1d6 (size before relaxing)
 .debug_str     0x0000000000000b5b       0x14 ../audio_vga_bsp//libhal_bsp.a(alt_errno.o)
                                        0x14f (size before relaxing)
 .debug_str     0x0000000000000b6f       0x25 ../audio_vga_bsp//libhal_bsp.a(alt_find_dev.o)
                                        0x204 (size before relaxing)
 .debug_str     0x0000000000000b94       0x1f ../audio_vga_bsp//libhal_bsp.a(alt_icache_flush_all.o)
                                        0x15f (size before relaxing)
 .debug_str     0x0000000000000bb3       0x20 ../audio_vga_bsp//libhal_bsp.a(altera_nios2_gen2_irq.o)
                                        0x18f (size before relaxing)
 .debug_str     0x0000000000000bd3       0xd4 /home/isa/intelFPGA_lite/18.1/nios2eds/bin/gnu/H-x86_64-pc-linux-gnu/bin/../lib/gcc/nios2-elf/5.3.0/../../../../../H-x86_64-pc-linux-gnu/nios2-elf/lib/mno-hw-mul/libsmallc.a(lib_a-int_errno.o)
                                        0x1d9 (size before relaxing)
 .debug_str     0x0000000000000ca7       0x44 /home/isa/intelFPGA_lite/18.1/nios2eds/bin/gnu/H-x86_64-pc-linux-gnu/bin/../lib/gcc/nios2-elf/5.3.0/../../../../../H-x86_64-pc-linux-gnu/nios2-elf/lib/mno-hw-mul/libsmallc.a(lib_a-memcmp.o)
                                        0x1e0 (size before relaxing)
 .debug_str     0x0000000000000ceb       0x3d /home/isa/intelFPGA_lite/18.1/nios2eds/bin/gnu/H-x86_64-pc-linux-gnu/bin/../lib/gcc/nios2-elf/5.3.0/../../../../../H-x86_64-pc-linux-gnu/nios2-elf/lib/mno-hw-mul/libsmallc.a(lib_a-strcmp.o)
                                        0x1d9 (size before relaxing)
 .debug_str     0x0000000000000d28       0x3d /home/isa/intelFPGA_lite/18.1/nios2eds/bin/gnu/H-x86_64-pc-linux-gnu/bin/../lib/gcc/nios2-elf/5.3.0/../../../../../H-x86_64-pc-linux-gnu/nios2-elf/lib/mno-hw-mul/libsmallc.a(lib_a-strlen.o)
                                        0x1e6 (size before relaxing)

.debug_loc      0x0000000000000000      0x71f
 *(.debug_loc)
 .debug_loc     0x0000000000000000      0x1e4 obj/default/hello_world_small.o
 .debug_loc     0x00000000000001e4       0x93 /home/isa/intelFPGA_lite/18.1/nios2eds/bin/gnu/H-x86_64-pc-linux-gnu/bin/../lib/gcc/nios2-elf/5.3.0/mno-hw-mul/libgcc.a(lib2-mul.o)
 .debug_loc     0x0000000000000277       0x86 /home/isa/intelFPGA_lite/18.1/nios2eds/bin/gnu/H-x86_64-pc-linux-gnu/bin/../lib/gcc/nios2-elf/5.3.0/../../../../../H-x86_64-pc-linux-gnu/nios2-elf/lib/mno-hw-mul/libsmallc.a(lib_a-strcpy.o)
 .debug_loc     0x00000000000002fd       0x51 ../audio_vga_bsp//libhal_bsp.a(alt_sys_init.o)
 .debug_loc     0x000000000000034e      0x1e7 ../audio_vga_bsp//libhal_bsp.a(altera_up_avalon_video_character_buffer_with_dma.o)
 .debug_loc     0x0000000000000535       0x7e ../audio_vga_bsp//libhal_bsp.a(alt_dev_llist_insert.o)
 .debug_loc     0x00000000000005b3       0x7e ../audio_vga_bsp//libhal_bsp.a(alt_find_dev.o)
 .debug_loc     0x0000000000000631       0x94 /home/isa/intelFPGA_lite/18.1/nios2eds/bin/gnu/H-x86_64-pc-linux-gnu/bin/../lib/gcc/nios2-elf/5.3.0/../../../../../H-x86_64-pc-linux-gnu/nios2-elf/lib/mno-hw-mul/libsmallc.a(lib_a-memcmp.o)
 .debug_loc     0x00000000000006c5       0x3c /home/isa/intelFPGA_lite/18.1/nios2eds/bin/gnu/H-x86_64-pc-linux-gnu/bin/../lib/gcc/nios2-elf/5.3.0/../../../../../H-x86_64-pc-linux-gnu/nios2-elf/lib/mno-hw-mul/libsmallc.a(lib_a-strcmp.o)
 .debug_loc     0x0000000000000701       0x1e /home/isa/intelFPGA_lite/18.1/nios2eds/bin/gnu/H-x86_64-pc-linux-gnu/bin/../lib/gcc/nios2-elf/5.3.0/../../../../../H-x86_64-pc-linux-gnu/nios2-elf/lib/mno-hw-mul/libsmallc.a(lib_a-strlen.o)

.debug_macinfo
 *(.debug_macinfo)

.debug_weaknames
 *(.debug_weaknames)

.debug_funcnames
 *(.debug_funcnames)

.debug_typenames
 *(.debug_typenames)

.debug_varnames
 *(.debug_varnames)

.debug_alt_sim_info
                0x0000000000000000       0x10
 *(.debug_alt_sim_info)
 .debug_alt_sim_info
                0x0000000000000000       0x10 ../audio_vga_bsp//obj/HAL/src/crt0.o
                0x0000000000010000                __alt_data_end = 0x10000
                0x0000000000010000                PROVIDE (__alt_stack_pointer, __alt_data_end)
                [!provide]                        PROVIDE (__alt_stack_limit, __alt_stack_base)
                [!provide]                        PROVIDE (__alt_heap_start, end)
                [!provide]                        PROVIDE (__alt_heap_limit, 0x10000)
OUTPUT(audio_vga.elf elf32-littlenios2)

.debug_ranges   0x0000000000000000      0x178
 .debug_ranges  0x0000000000000000       0x20 ../audio_vga_bsp//obj/HAL/src/crt0.o
 .debug_ranges  0x0000000000000020       0x78 obj/default/hello_world_small.o
 .debug_ranges  0x0000000000000098       0x10 /home/isa/intelFPGA_lite/18.1/nios2eds/bin/gnu/H-x86_64-pc-linux-gnu/bin/../lib/gcc/nios2-elf/5.3.0/../../../../../H-x86_64-pc-linux-gnu/nios2-elf/lib/mno-hw-mul/libsmallc.a(lib_a-strcpy.o)
 .debug_ranges  0x00000000000000a8       0x48 ../audio_vga_bsp//libhal_bsp.a(alt_load.o)
 .debug_ranges  0x00000000000000f0       0x38 ../audio_vga_bsp//libhal_bsp.a(alt_sys_init.o)
 .debug_ranges  0x0000000000000128       0x20 ../audio_vga_bsp//libhal_bsp.a(alt_dev_llist_insert.o)
 .debug_ranges  0x0000000000000148       0x10 /home/isa/intelFPGA_lite/18.1/nios2eds/bin/gnu/H-x86_64-pc-linux-gnu/bin/../lib/gcc/nios2-elf/5.3.0/../../../../../H-x86_64-pc-linux-gnu/nios2-elf/lib/mno-hw-mul/libsmallc.a(lib_a-memcmp.o)
 .debug_ranges  0x0000000000000158       0x10 /home/isa/intelFPGA_lite/18.1/nios2eds/bin/gnu/H-x86_64-pc-linux-gnu/bin/../lib/gcc/nios2-elf/5.3.0/../../../../../H-x86_64-pc-linux-gnu/nios2-elf/lib/mno-hw-mul/libsmallc.a(lib_a-strcmp.o)
 .debug_ranges  0x0000000000000168       0x10 /home/isa/intelFPGA_lite/18.1/nios2eds/bin/gnu/H-x86_64-pc-linux-gnu/bin/../lib/gcc/nios2-elf/5.3.0/../../../../../H-x86_64-pc-linux-gnu/nios2-elf/lib/mno-hw-mul/libsmallc.a(lib_a-strlen.o)
