Archive member included to satisfy reference by file (symbol)

/home/dylanggf/intelFPGA_lite/18.0/nios2eds/bin/gnu/H-x86_64-pc-linux-gnu/bin/../lib/gcc/nios2-elf/5.3.0/libgcc.a(lib2-divmod.o)
                              obj/default/hello_world_small.o (__divsi3)
../Adio5_bsp//libhal_bsp.a(alt_load.o)
                              ../Adio5_bsp//obj/HAL/src/crt0.o (alt_load)
../Adio5_bsp//libhal_bsp.a(alt_main.o)
                              ../Adio5_bsp//obj/HAL/src/crt0.o (alt_main)
../Adio5_bsp//libhal_bsp.a(alt_printf.o)
                              obj/default/hello_world_small.o (alt_printf)
../Adio5_bsp//libhal_bsp.a(alt_putchar.o)
                              ../Adio5_bsp//libhal_bsp.a(alt_printf.o) (alt_putchar)
../Adio5_bsp//libhal_bsp.a(alt_usleep.o)
                              obj/default/hello_world_small.o (usleep)
../Adio5_bsp//libhal_bsp.a(alt_sys_init.o)
                              ../Adio5_bsp//libhal_bsp.a(alt_main.o) (alt_irq_init)
../Adio5_bsp//libhal_bsp.a(altera_avalon_jtag_uart_write.o)
                              ../Adio5_bsp//libhal_bsp.a(alt_putchar.o) (altera_avalon_jtag_uart_write)
../Adio5_bsp//libhal_bsp.a(altera_up_avalon_audio.o)
                              obj/default/hello_world_small.o (alt_up_audio_open_dev)
../Adio5_bsp//libhal_bsp.a(alt_busy_sleep.o)
                              ../Adio5_bsp//libhal_bsp.a(alt_usleep.o) (alt_busy_sleep)
../Adio5_bsp//libhal_bsp.a(alt_dcache_flush_all.o)
                              ../Adio5_bsp//libhal_bsp.a(alt_load.o) (alt_dcache_flush_all)
../Adio5_bsp//libhal_bsp.a(alt_dev.o)
                              ../Adio5_bsp//libhal_bsp.a(alt_sys_init.o) (alt_dev_list)
../Adio5_bsp//libhal_bsp.a(alt_dev_llist_insert.o)
                              ../Adio5_bsp//libhal_bsp.a(alt_sys_init.o) (alt_dev_llist_insert)
../Adio5_bsp//libhal_bsp.a(alt_errno.o)
                              ../Adio5_bsp//libhal_bsp.a(alt_dev_llist_insert.o) (alt_errno)
../Adio5_bsp//libhal_bsp.a(alt_find_dev.o)
                              ../Adio5_bsp//libhal_bsp.a(altera_up_avalon_audio.o) (alt_find_dev)
../Adio5_bsp//libhal_bsp.a(alt_icache_flush_all.o)
                              ../Adio5_bsp//libhal_bsp.a(alt_load.o) (alt_icache_flush_all)
../Adio5_bsp//libhal_bsp.a(altera_nios2_gen2_irq.o)
                              ../Adio5_bsp//libhal_bsp.a(alt_sys_init.o) (altera_nios2_gen2_irq_init)
../Adio5_bsp//libhal_bsp.a(alt_icache_flush.o)
                              ../Adio5_bsp//libhal_bsp.a(alt_icache_flush_all.o) (alt_icache_flush)
/home/dylanggf/intelFPGA_lite/18.0/nios2eds/bin/gnu/H-x86_64-pc-linux-gnu/bin/../lib/gcc/nios2-elf/5.3.0/../../../../../H-x86_64-pc-linux-gnu/nios2-elf/lib/libsmallc.a(lib_a-int_errno.o)
                              ../Adio5_bsp//libhal_bsp.a(alt_dev_llist_insert.o) (errno)
/home/dylanggf/intelFPGA_lite/18.0/nios2eds/bin/gnu/H-x86_64-pc-linux-gnu/bin/../lib/gcc/nios2-elf/5.3.0/../../../../../H-x86_64-pc-linux-gnu/nios2-elf/lib/libsmallc.a(lib_a-memcmp.o)
                              ../Adio5_bsp//libhal_bsp.a(alt_find_dev.o) (memcmp)
/home/dylanggf/intelFPGA_lite/18.0/nios2eds/bin/gnu/H-x86_64-pc-linux-gnu/bin/../lib/gcc/nios2-elf/5.3.0/../../../../../H-x86_64-pc-linux-gnu/nios2-elf/lib/libsmallc.a(lib_a-strlen.o)
                              ../Adio5_bsp//libhal_bsp.a(alt_find_dev.o) (strlen)

Allocating common symbols
Common symbol       size              file

errno               0x4               /home/dylanggf/intelFPGA_lite/18.0/nios2eds/bin/gnu/H-x86_64-pc-linux-gnu/bin/../lib/gcc/nios2-elf/5.3.0/../../../../../H-x86_64-pc-linux-gnu/nios2-elf/lib/libsmallc.a(lib_a-int_errno.o)

Memory Configuration

Name             Origin             Length             Attributes
reset            0x0000000000000000 0x0000000000000020
RAM              0x0000000000000020 0x0000000000001fe0
*default*        0x0000000000000000 0xffffffffffffffff

Linker script and memory map

LOAD ../Adio5_bsp//obj/HAL/src/crt0.o
LOAD obj/default/hello_world_small.o
LOAD /home/dylanggf/intelFPGA_lite/18.0/nios2eds/bin/gnu/H-x86_64-pc-linux-gnu/bin/../lib/gcc/nios2-elf/5.3.0/../../../../../H-x86_64-pc-linux-gnu/nios2-elf/lib/libstdc++.a
LOAD /home/dylanggf/intelFPGA_lite/18.0/nios2eds/bin/gnu/H-x86_64-pc-linux-gnu/bin/../lib/gcc/nios2-elf/5.3.0/../../../../../H-x86_64-pc-linux-gnu/nios2-elf/lib/libm.a
LOAD /home/dylanggf/intelFPGA_lite/18.0/nios2eds/bin/gnu/H-x86_64-pc-linux-gnu/bin/../lib/gcc/nios2-elf/5.3.0/libgcc.a
START GROUP
LOAD /home/dylanggf/intelFPGA_lite/18.0/nios2eds/bin/gnu/H-x86_64-pc-linux-gnu/bin/../lib/gcc/nios2-elf/5.3.0/../../../../../H-x86_64-pc-linux-gnu/nios2-elf/lib/libsmallc.a
LOAD /home/dylanggf/intelFPGA_lite/18.0/nios2eds/bin/gnu/H-x86_64-pc-linux-gnu/bin/../lib/gcc/nios2-elf/5.3.0/libgcc.a
LOAD ../Adio5_bsp//libhal_bsp.a
LOAD /home/dylanggf/intelFPGA_lite/18.0/nios2eds/bin/gnu/H-x86_64-pc-linux-gnu/bin/../lib/gcc/nios2-elf/5.3.0/../../../../../H-x86_64-pc-linux-gnu/nios2-elf/lib/libm.a
END GROUP
LOAD /home/dylanggf/intelFPGA_lite/18.0/nios2eds/bin/gnu/H-x86_64-pc-linux-gnu/bin/../lib/gcc/nios2-elf/5.3.0/libgcc.a
                0x0000000000000000                __alt_mem_RAM = 0x0

.entry          0x0000000000000000       0x20
 *(.entry)
 .entry         0x0000000000000000       0x20 ../Adio5_bsp//obj/HAL/src/crt0.o
                0x0000000000000000                __reset
                0x000000000000001c                _exit

.exceptions     0x0000000000000020        0x0
                0x0000000000000020                PROVIDE (__ram_exceptions_start, ABSOLUTE (.))
                0x0000000000000020                . = ALIGN (0x20)
 *(.irq)
 *(.exceptions.entry.label)
 *(.exceptions.entry.user)
 *(.exceptions.entry.ecc_fatal)
 *(.exceptions.entry)
 *(.exceptions.irqtest.user)
 *(.exceptions.irqtest)
 *(.exceptions.irqhandler.user)
 *(.exceptions.irqhandler)
 *(.exceptions.irqreturn.user)
 *(.exceptions.irqreturn)
 *(.exceptions.notirq.label)
 *(.exceptions.notirq.user)
 *(.exceptions.notirq)
 *(.exceptions.soft.user)
 *(.exceptions.soft)
 *(.exceptions.unknown.user)
 *(.exceptions.unknown)
 *(.exceptions.exit.label)
 *(.exceptions.exit.user)
 *(.exceptions.exit)
 *(.exceptions)
                0x0000000000000020                PROVIDE (__ram_exceptions_end, ABSOLUTE (.))
                0x0000000000000020                PROVIDE (__flash_exceptions_start, LOADADDR (.exceptions))

.text           0x0000000000000020      0xcc8
                [!provide]                        PROVIDE (stext, ABSOLUTE (.))
 *(.interp)
 *(.hash)
 *(.dynsym)
 *(.dynstr)
 *(.gnu.version)
 *(.gnu.version_d)
 *(.gnu.version_r)
 *(.rel.init)
 *(.rela.init)
 *(.rel.text .rel.text.* .rel.gnu.linkonce.t.*)
 *(.rela.text .rela.text.* .rela.gnu.linkonce.t.*)
 *(.rel.fini)
 *(.rela.fini)
 *(.rel.rodata .rel.rodata.* .rel.gnu.linkonce.r.*)
 *(.rela.rodata .rela.rodata.* .rela.gnu.linkonce.r.*)
 *(.rel.data .rel.data.* .rel.gnu.linkonce.d.*)
 *(.rela.data .rela.data.* .rela.gnu.linkonce.d.*)
 *(.rel.tdata .rel.tdata.* .rel.gnu.linkonce.td.*)
 *(.rela.tdata .rela.tdata.* .rela.gnu.linkonce.td.*)
 *(.rel.tbss .rel.tbss.* .rel.gnu.linkonce.tb.*)
 *(.rela.tbss .rela.tbss.* .rela.gnu.linkonce.tb.*)
 *(.rel.ctors)
 *(.rela.ctors)
 *(.rel.dtors)
 *(.rela.dtors)
 *(.rel.got)
 *(.rela.got)
 *(.rel.sdata .rel.sdata.* .rel.gnu.linkonce.s.*)
 *(.rela.sdata .rela.sdata.* .rela.gnu.linkonce.s.*)
 *(.rel.sbss .rel.sbss.* .rel.gnu.linkonce.sb.*)
 *(.rela.sbss .rela.sbss.* .rela.gnu.linkonce.sb.*)
 *(.rel.sdata2 .rel.sdata2.* .rel.gnu.linkonce.s2.*)
 *(.rela.sdata2 .rela.sdata2.* .rela.gnu.linkonce.s2.*)
 *(.rel.sbss2 .rel.sbss2.* .rel.gnu.linkonce.sb2.*)
 *(.rela.sbss2 .rela.sbss2.* .rela.gnu.linkonce.sb2.*)
 *(.rel.bss .rel.bss.* .rel.gnu.linkonce.b.*)
 *(.rela.bss .rela.bss.* .rela.gnu.linkonce.b.*)
 *(.rel.plt)
 *(.rela.plt)
 *(.rel.dyn)
 *(.init)
 *(.plt)
 *(.text .stub .text.* .gnu.linkonce.t.*)
 .text          0x0000000000000020       0x4c ../Adio5_bsp//obj/HAL/src/crt0.o
                0x0000000000000020                _start
 .text          0x000000000000006c        0x0 obj/default/hello_world_small.o
 .text.startup  0x000000000000006c      0x290 obj/default/hello_world_small.o
                0x000000000000006c                main
 .text          0x00000000000002fc      0x1b4 /home/dylanggf/intelFPGA_lite/18.0/nios2eds/bin/gnu/H-x86_64-pc-linux-gnu/bin/../lib/gcc/nios2-elf/5.3.0/libgcc.a(lib2-divmod.o)
                0x00000000000002fc                __divsi3
                0x0000000000000380                __modsi3
                0x00000000000003f4                __udivsi3
                0x0000000000000458                __umodsi3
 .text          0x00000000000004b0       0xe0 ../Adio5_bsp//libhal_bsp.a(alt_load.o)
                0x00000000000004b0                alt_load
 .text          0x0000000000000590       0x2c ../Adio5_bsp//libhal_bsp.a(alt_main.o)
                0x0000000000000590                alt_main
 .text          0x00000000000005bc      0x170 ../Adio5_bsp//libhal_bsp.a(alt_printf.o)
                0x00000000000005bc                alt_printf
 .text          0x000000000000072c       0x48 ../Adio5_bsp//libhal_bsp.a(alt_putchar.o)
                0x000000000000072c                alt_putchar
 .text          0x0000000000000774        0x4 ../Adio5_bsp//libhal_bsp.a(alt_usleep.o)
                0x0000000000000774                usleep
 .text          0x0000000000000778       0x5c ../Adio5_bsp//libhal_bsp.a(alt_sys_init.o)
                0x0000000000000778                alt_irq_init
                0x0000000000000798                alt_sys_init
 .text          0x00000000000007d4       0x34 ../Adio5_bsp//libhal_bsp.a(altera_avalon_jtag_uart_write.o)
                0x00000000000007d4                altera_avalon_jtag_uart_write
 .text          0x0000000000000808      0x2d0 ../Adio5_bsp//libhal_bsp.a(altera_up_avalon_audio.o)
                0x0000000000000808                alt_up_audio_open_dev
                0x0000000000000810                alt_up_audio_enable_read_interrupt
                0x0000000000000824                alt_up_audio_disable_read_interrupt
                0x000000000000083c                alt_up_audio_enable_write_interrupt
                0x0000000000000850                alt_up_audio_disable_write_interrupt
                0x0000000000000868                alt_up_audio_read_interrupt_pending
                0x000000000000087c                alt_up_audio_write_interrupt_pending
                0x0000000000000890                alt_up_audio_reset_audio_core
                0x00000000000008b4                alt_up_audio_read_fifo_avail
                0x00000000000008d4                alt_up_audio_write_fifo_space
                0x00000000000008f4                alt_up_audio_read_fifo
                0x0000000000000940                alt_up_audio_record_r
                0x0000000000000964                alt_up_audio_record_l
                0x00000000000009cc                alt_up_audio_write_fifo
                0x0000000000000a1c                alt_up_audio_play_r
                0x0000000000000a84                alt_up_audio_play_l
                0x0000000000000aa8                alt_up_audio_read_fifo_head
                0x0000000000000ac0                alt_up_audio_write_fifo_head
 .text          0x0000000000000ad8       0x78 ../Adio5_bsp//libhal_bsp.a(alt_busy_sleep.o)
                0x0000000000000ad8                alt_busy_sleep
 .text          0x0000000000000b50       0x18 ../Adio5_bsp//libhal_bsp.a(alt_dcache_flush_all.o)
                0x0000000000000b50                alt_dcache_flush_all
 .text          0x0000000000000b68        0x8 ../Adio5_bsp//libhal_bsp.a(alt_dev.o)
 .text          0x0000000000000b70       0x6c ../Adio5_bsp//libhal_bsp.a(alt_dev_llist_insert.o)
                0x0000000000000b70                alt_dev_llist_insert
 .text          0x0000000000000bdc        0x0 ../Adio5_bsp//libhal_bsp.a(alt_errno.o)
 .text          0x0000000000000bdc       0x74 ../Adio5_bsp//libhal_bsp.a(alt_find_dev.o)
                0x0000000000000bdc                alt_find_dev
 .text          0x0000000000000c50        0xc ../Adio5_bsp//libhal_bsp.a(alt_icache_flush_all.o)
                0x0000000000000c50                alt_icache_flush_all
 .text          0x0000000000000c5c        0x8 ../Adio5_bsp//libhal_bsp.a(altera_nios2_gen2_irq.o)
                0x0000000000000c5c                altera_nios2_gen2_irq_init
 .text          0x0000000000000c64       0x38 ../Adio5_bsp//libhal_bsp.a(alt_icache_flush.o)
                0x0000000000000c64                alt_icache_flush
 .text          0x0000000000000c9c        0x0 /home/dylanggf/intelFPGA_lite/18.0/nios2eds/bin/gnu/H-x86_64-pc-linux-gnu/bin/../lib/gcc/nios2-elf/5.3.0/../../../../../H-x86_64-pc-linux-gnu/nios2-elf/lib/libsmallc.a(lib_a-int_errno.o)
 .text          0x0000000000000c9c        0x0 /home/dylanggf/intelFPGA_lite/18.0/nios2eds/bin/gnu/H-x86_64-pc-linux-gnu/bin/../lib/gcc/nios2-elf/5.3.0/../../../../../H-x86_64-pc-linux-gnu/nios2-elf/lib/libsmallc.a(lib_a-memcmp.o)
 .text.memcmp   0x0000000000000c9c       0x30 /home/dylanggf/intelFPGA_lite/18.0/nios2eds/bin/gnu/H-x86_64-pc-linux-gnu/bin/../lib/gcc/nios2-elf/5.3.0/../../../../../H-x86_64-pc-linux-gnu/nios2-elf/lib/libsmallc.a(lib_a-memcmp.o)
                0x0000000000000c9c                memcmp
 .text          0x0000000000000ccc        0x0 /home/dylanggf/intelFPGA_lite/18.0/nios2eds/bin/gnu/H-x86_64-pc-linux-gnu/bin/../lib/gcc/nios2-elf/5.3.0/../../../../../H-x86_64-pc-linux-gnu/nios2-elf/lib/libsmallc.a(lib_a-strlen.o)
 .text.strlen   0x0000000000000ccc       0x1c /home/dylanggf/intelFPGA_lite/18.0/nios2eds/bin/gnu/H-x86_64-pc-linux-gnu/bin/../lib/gcc/nios2-elf/5.3.0/../../../../../H-x86_64-pc-linux-gnu/nios2-elf/lib/libsmallc.a(lib_a-strlen.o)
                0x0000000000000ccc                strlen
 *(.gnu.warning.*)
 *(.fini)
                [!provide]                        PROVIDE (__etext, ABSOLUTE (.))
                [!provide]                        PROVIDE (_etext, ABSOLUTE (.))
                [!provide]                        PROVIDE (etext, ABSOLUTE (.))
 *(.eh_frame_hdr)
                0x0000000000000ce8                . = ALIGN (0x4)
                [!provide]                        PROVIDE (__preinit_array_start, ABSOLUTE (.))
 *(.preinit_array)
                [!provide]                        PROVIDE (__preinit_array_end, ABSOLUTE (.))
                [!provide]                        PROVIDE (__init_array_start, ABSOLUTE (.))
 *(.init_array)
                [!provide]                        PROVIDE (__init_array_end, ABSOLUTE (.))
                [!provide]                        PROVIDE (__fini_array_start, ABSOLUTE (.))
 *(.fini_array)
                [!provide]                        PROVIDE (__fini_array_end, ABSOLUTE (.))
 *(.eh_frame)
 *(.gcc_except_table .gcc_except_table.*)
 *(.dynamic)
                [!provide]                        PROVIDE (__CTOR_LIST__, ABSOLUTE (.))
 *(.ctors)
 *(SORT(.ctors.*))
                [!provide]                        PROVIDE (__CTOR_END__, ABSOLUTE (.))
                [!provide]                        PROVIDE (__DTOR_LIST__, ABSOLUTE (.))
 *(.dtors)
 *(SORT(.dtors.*))
                [!provide]                        PROVIDE (__DTOR_END__, ABSOLUTE (.))
 *(.jcr)
                0x0000000000000ce8                . = ALIGN (0x4)

.rodata         0x0000000000000ce8       0x98
                0x0000000000000ce8                PROVIDE (__ram_rodata_start, ABSOLUTE (.))
                0x0000000000000ce8                . = ALIGN (0x4)
 *(.rodata .rodata.* .gnu.linkonce.r.*)
 .rodata.str1.4
                0x0000000000000ce8       0x60 obj/default/hello_world_small.o
 .rodata        0x0000000000000d48        0xa obj/default/hello_world_small.o
 *fill*         0x0000000000000d52        0x2 
 .rodata.str1.4
                0x0000000000000d54       0x1e ../Adio5_bsp//libhal_bsp.a(alt_sys_init.o)
                                         0x2e (size before relaxing)
 *fill*         0x0000000000000d72        0x2 
 .rodata.str1.4
                0x0000000000000d74        0xc ../Adio5_bsp//libhal_bsp.a(alt_dev.o)
                                          0xa (size before relaxing)
 *(.rodata1)
                0x0000000000000d80                . = ALIGN (0x4)
                0x0000000000000d80                PROVIDE (__ram_rodata_end, ABSOLUTE (.))
                0x0000000000000ce8                PROVIDE (__flash_rodata_start, LOADADDR (.rodata))

.rwdata         0x0000000000000d80       0xd8 load address 0x0000000000000e58
                0x0000000000000d80                PROVIDE (__ram_rwdata_start, ABSOLUTE (.))
                0x0000000000000d80                . = ALIGN (0x4)
 *(.got.plt)
 *(.got)
 *(.data1)
 *(.data .data.* .gnu.linkonce.d.*)
 .data          0x0000000000000d80        0x0 ../Adio5_bsp//obj/HAL/src/crt0.o
 .data          0x0000000000000d80        0x0 obj/default/hello_world_small.o
 .data          0x0000000000000d80        0x0 /home/dylanggf/intelFPGA_lite/18.0/nios2eds/bin/gnu/H-x86_64-pc-linux-gnu/bin/../lib/gcc/nios2-elf/5.3.0/libgcc.a(lib2-divmod.o)
 .data          0x0000000000000d80        0x0 ../Adio5_bsp//libhal_bsp.a(alt_load.o)
 .data          0x0000000000000d80        0x0 ../Adio5_bsp//libhal_bsp.a(alt_main.o)
 .data          0x0000000000000d80        0x0 ../Adio5_bsp//libhal_bsp.a(alt_printf.o)
 .data          0x0000000000000d80        0x0 ../Adio5_bsp//libhal_bsp.a(alt_putchar.o)
 .data          0x0000000000000d80        0x0 ../Adio5_bsp//libhal_bsp.a(alt_usleep.o)
 .data          0x0000000000000d80       0x60 ../Adio5_bsp//libhal_bsp.a(alt_sys_init.o)
 .data          0x0000000000000de0        0x0 ../Adio5_bsp//libhal_bsp.a(altera_avalon_jtag_uart_write.o)
 .data          0x0000000000000de0        0x0 ../Adio5_bsp//libhal_bsp.a(altera_up_avalon_audio.o)
 .data          0x0000000000000de0        0x0 ../Adio5_bsp//libhal_bsp.a(alt_busy_sleep.o)
 .data          0x0000000000000de0        0x0 ../Adio5_bsp//libhal_bsp.a(alt_dcache_flush_all.o)
 .data          0x0000000000000de0       0x58 ../Adio5_bsp//libhal_bsp.a(alt_dev.o)
                0x0000000000000de0                alt_fd_list
                0x0000000000000e10                alt_dev_null
 .data          0x0000000000000e38        0x0 ../Adio5_bsp//libhal_bsp.a(alt_dev_llist_insert.o)
 .data          0x0000000000000e38        0x0 ../Adio5_bsp//libhal_bsp.a(alt_errno.o)
 .data          0x0000000000000e38        0x0 ../Adio5_bsp//libhal_bsp.a(alt_find_dev.o)
 .data          0x0000000000000e38        0x0 ../Adio5_bsp//libhal_bsp.a(alt_icache_flush_all.o)
 .data          0x0000000000000e38        0x0 ../Adio5_bsp//libhal_bsp.a(altera_nios2_gen2_irq.o)
 .data          0x0000000000000e38        0x0 ../Adio5_bsp//libhal_bsp.a(alt_icache_flush.o)
 .data          0x0000000000000e38        0x0 /home/dylanggf/intelFPGA_lite/18.0/nios2eds/bin/gnu/H-x86_64-pc-linux-gnu/bin/../lib/gcc/nios2-elf/5.3.0/../../../../../H-x86_64-pc-linux-gnu/nios2-elf/lib/libsmallc.a(lib_a-int_errno.o)
 .data          0x0000000000000e38        0x0 /home/dylanggf/intelFPGA_lite/18.0/nios2eds/bin/gnu/H-x86_64-pc-linux-gnu/bin/../lib/gcc/nios2-elf/5.3.0/../../../../../H-x86_64-pc-linux-gnu/nios2-elf/lib/libsmallc.a(lib_a-memcmp.o)
 .data          0x0000000000000e38        0x0 /home/dylanggf/intelFPGA_lite/18.0/nios2eds/bin/gnu/H-x86_64-pc-linux-gnu/bin/../lib/gcc/nios2-elf/5.3.0/../../../../../H-x86_64-pc-linux-gnu/nios2-elf/lib/libsmallc.a(lib_a-strlen.o)
                0x0000000000008e38                _gp = ABSOLUTE ((. + 0x8000))
                [!provide]                        PROVIDE (gp, _gp)
 *(.rwdata .rwdata.*)
 *(.sdata .sdata.* .gnu.linkonce.s.*)
 .sdata         0x0000000000000e38        0x4 obj/default/hello_world_small.o
 .sdata         0x0000000000000e3c        0x4 ../Adio5_bsp//libhal_bsp.a(alt_sys_init.o)
                0x0000000000000e3c                jtag_uart_0
 .sdata         0x0000000000000e40       0x14 ../Adio5_bsp//libhal_bsp.a(alt_dev.o)
                0x0000000000000e40                alt_max_fd
                0x0000000000000e44                alt_dev_list
                0x0000000000000e4c                alt_fs_list
 .sdata         0x0000000000000e54        0x4 ../Adio5_bsp//libhal_bsp.a(alt_errno.o)
                0x0000000000000e54                alt_errno
 *(.sdata2 .sdata2.* .gnu.linkonce.s2.*)
                0x0000000000000e58                . = ALIGN (0x4)
                0x0000000000000e58                _edata = ABSOLUTE (.)
                [!provide]                        PROVIDE (edata, ABSOLUTE (.))
                0x0000000000000e58                PROVIDE (__ram_rwdata_end, ABSOLUTE (.))
                0x0000000000000e58                PROVIDE (__flash_rwdata_start, LOADADDR (.rwdata))

.bss            0x0000000000000f30       0x10
                0x0000000000000f30                __bss_start = ABSOLUTE (.)
                [!provide]                        PROVIDE (__sbss_start, ABSOLUTE (.))
                [!provide]                        PROVIDE (___sbss_start, ABSOLUTE (.))
 *(.dynsbss)
 *(.sbss .sbss.* .gnu.linkonce.sb.*)
 .sbss          0x0000000000000f30        0xc ../Adio5_bsp//libhal_bsp.a(alt_main.o)
                0x0000000000000f30                alt_envp
                0x0000000000000f34                alt_argv
                0x0000000000000f38                alt_argc
 .sbss          0x0000000000000f3c        0x4 /home/dylanggf/intelFPGA_lite/18.0/nios2eds/bin/gnu/H-x86_64-pc-linux-gnu/bin/../lib/gcc/nios2-elf/5.3.0/../../../../../H-x86_64-pc-linux-gnu/nios2-elf/lib/libsmallc.a(lib_a-int_errno.o)
                0x0000000000000f3c                errno
 *(.sbss2 .sbss2.* .gnu.linkonce.sb2.*)
 *(.scommon)
                [!provide]                        PROVIDE (__sbss_end, ABSOLUTE (.))
                [!provide]                        PROVIDE (___sbss_end, ABSOLUTE (.))
 *(.dynbss)
 *(.bss .bss.* .gnu.linkonce.b.*)
 .bss           0x0000000000000f40        0x0 ../Adio5_bsp//obj/HAL/src/crt0.o
 .bss           0x0000000000000f40        0x0 obj/default/hello_world_small.o
 .bss           0x0000000000000f40        0x0 /home/dylanggf/intelFPGA_lite/18.0/nios2eds/bin/gnu/H-x86_64-pc-linux-gnu/bin/../lib/gcc/nios2-elf/5.3.0/libgcc.a(lib2-divmod.o)
 .bss           0x0000000000000f40        0x0 ../Adio5_bsp//libhal_bsp.a(alt_load.o)
 .bss           0x0000000000000f40        0x0 ../Adio5_bsp//libhal_bsp.a(alt_main.o)
 .bss           0x0000000000000f40        0x0 ../Adio5_bsp//libhal_bsp.a(alt_printf.o)
 .bss           0x0000000000000f40        0x0 ../Adio5_bsp//libhal_bsp.a(alt_putchar.o)
 .bss           0x0000000000000f40        0x0 ../Adio5_bsp//libhal_bsp.a(alt_usleep.o)
 .bss           0x0000000000000f40        0x0 ../Adio5_bsp//libhal_bsp.a(alt_sys_init.o)
 .bss           0x0000000000000f40        0x0 ../Adio5_bsp//libhal_bsp.a(altera_avalon_jtag_uart_write.o)
 .bss           0x0000000000000f40        0x0 ../Adio5_bsp//libhal_bsp.a(altera_up_avalon_audio.o)
 .bss           0x0000000000000f40        0x0 ../Adio5_bsp//libhal_bsp.a(alt_busy_sleep.o)
 .bss           0x0000000000000f40        0x0 ../Adio5_bsp//libhal_bsp.a(alt_dcache_flush_all.o)
 .bss           0x0000000000000f40        0x0 ../Adio5_bsp//libhal_bsp.a(alt_dev.o)
 .bss           0x0000000000000f40        0x0 ../Adio5_bsp//libhal_bsp.a(alt_dev_llist_insert.o)
 .bss           0x0000000000000f40        0x0 ../Adio5_bsp//libhal_bsp.a(alt_errno.o)
 .bss           0x0000000000000f40        0x0 ../Adio5_bsp//libhal_bsp.a(alt_find_dev.o)
 .bss           0x0000000000000f40        0x0 ../Adio5_bsp//libhal_bsp.a(alt_icache_flush_all.o)
 .bss           0x0000000000000f40        0x0 ../Adio5_bsp//libhal_bsp.a(altera_nios2_gen2_irq.o)
 .bss           0x0000000000000f40        0x0 ../Adio5_bsp//libhal_bsp.a(alt_icache_flush.o)
 .bss           0x0000000000000f40        0x0 /home/dylanggf/intelFPGA_lite/18.0/nios2eds/bin/gnu/H-x86_64-pc-linux-gnu/bin/../lib/gcc/nios2-elf/5.3.0/../../../../../H-x86_64-pc-linux-gnu/nios2-elf/lib/libsmallc.a(lib_a-int_errno.o)
 .bss           0x0000000000000f40        0x0 /home/dylanggf/intelFPGA_lite/18.0/nios2eds/bin/gnu/H-x86_64-pc-linux-gnu/bin/../lib/gcc/nios2-elf/5.3.0/../../../../../H-x86_64-pc-linux-gnu/nios2-elf/lib/libsmallc.a(lib_a-memcmp.o)
 .bss           0x0000000000000f40        0x0 /home/dylanggf/intelFPGA_lite/18.0/nios2eds/bin/gnu/H-x86_64-pc-linux-gnu/bin/../lib/gcc/nios2-elf/5.3.0/../../../../../H-x86_64-pc-linux-gnu/nios2-elf/lib/libsmallc.a(lib_a-strlen.o)
 *(COMMON)
                0x0000000000000f40                . = ALIGN (0x4)
                0x0000000000000f40                __bss_end = ABSOLUTE (.)

.RAM            0x0000000000000f40        0x0
                [!provide]                        PROVIDE (_alt_partition_RAM_start, ABSOLUTE (.))
 *(.RAM .RAM. RAM.*)
                0x0000000000000f40                . = ALIGN (0x4)
                [!provide]                        PROVIDE (_alt_partition_RAM_end, ABSOLUTE (.))
                0x0000000000000f40                _end = ABSOLUTE (.)
                0x0000000000000f40                end = ABSOLUTE (.)
                0x0000000000000f40                __alt_stack_base = ABSOLUTE (.)
                [!provide]                        PROVIDE (_alt_partition_RAM_load_addr, LOADADDR (.RAM))

.stab
 *(.stab)

.stabstr
 *(.stabstr)

.stab.excl
 *(.stab.excl)

.stab.exclstr
 *(.stab.exclstr)

.stab.index
 *(.stab.index)

.stab.indexstr
 *(.stab.indexstr)

.comment        0x0000000000000000       0x23
 *(.comment)
 .comment       0x0000000000000000       0x23 obj/default/hello_world_small.o
                                         0x24 (size before relaxing)
 .comment       0x0000000000000023       0x24 /home/dylanggf/intelFPGA_lite/18.0/nios2eds/bin/gnu/H-x86_64-pc-linux-gnu/bin/../lib/gcc/nios2-elf/5.3.0/libgcc.a(lib2-divmod.o)
 .comment       0x0000000000000023       0x24 ../Adio5_bsp//libhal_bsp.a(alt_load.o)
 .comment       0x0000000000000023       0x24 ../Adio5_bsp//libhal_bsp.a(alt_main.o)
 .comment       0x0000000000000023       0x24 ../Adio5_bsp//libhal_bsp.a(alt_printf.o)
 .comment       0x0000000000000023       0x24 ../Adio5_bsp//libhal_bsp.a(alt_putchar.o)
 .comment       0x0000000000000023       0x24 ../Adio5_bsp//libhal_bsp.a(alt_usleep.o)
 .comment       0x0000000000000023       0x24 ../Adio5_bsp//libhal_bsp.a(alt_sys_init.o)
 .comment       0x0000000000000023       0x24 ../Adio5_bsp//libhal_bsp.a(altera_avalon_jtag_uart_write.o)
 .comment       0x0000000000000023       0x24 ../Adio5_bsp//libhal_bsp.a(altera_up_avalon_audio.o)
 .comment       0x0000000000000023       0x24 ../Adio5_bsp//libhal_bsp.a(alt_busy_sleep.o)
 .comment       0x0000000000000023       0x24 ../Adio5_bsp//libhal_bsp.a(alt_dcache_flush_all.o)
 .comment       0x0000000000000023       0x24 ../Adio5_bsp//libhal_bsp.a(alt_dev.o)
 .comment       0x0000000000000023       0x24 ../Adio5_bsp//libhal_bsp.a(alt_dev_llist_insert.o)
 .comment       0x0000000000000023       0x24 ../Adio5_bsp//libhal_bsp.a(alt_errno.o)
 .comment       0x0000000000000023       0x24 ../Adio5_bsp//libhal_bsp.a(alt_find_dev.o)
 .comment       0x0000000000000023       0x24 ../Adio5_bsp//libhal_bsp.a(alt_icache_flush_all.o)
 .comment       0x0000000000000023       0x24 ../Adio5_bsp//libhal_bsp.a(altera_nios2_gen2_irq.o)
 .comment       0x0000000000000023       0x24 ../Adio5_bsp//libhal_bsp.a(alt_icache_flush.o)
 .comment       0x0000000000000023       0x24 /home/dylanggf/intelFPGA_lite/18.0/nios2eds/bin/gnu/H-x86_64-pc-linux-gnu/bin/../lib/gcc/nios2-elf/5.3.0/../../../../../H-x86_64-pc-linux-gnu/nios2-elf/lib/libsmallc.a(lib_a-int_errno.o)
 .comment       0x0000000000000023       0x24 /home/dylanggf/intelFPGA_lite/18.0/nios2eds/bin/gnu/H-x86_64-pc-linux-gnu/bin/../lib/gcc/nios2-elf/5.3.0/../../../../../H-x86_64-pc-linux-gnu/nios2-elf/lib/libsmallc.a(lib_a-memcmp.o)
 .comment       0x0000000000000023       0x24 /home/dylanggf/intelFPGA_lite/18.0/nios2eds/bin/gnu/H-x86_64-pc-linux-gnu/bin/../lib/gcc/nios2-elf/5.3.0/../../../../../H-x86_64-pc-linux-gnu/nios2-elf/lib/libsmallc.a(lib_a-strlen.o)

.debug
 *(.debug)

.line
 *(.line)

.debug_srcinfo
 *(.debug_srcinfo)

.debug_sfnames
 *(.debug_sfnames)

.debug_aranges  0x0000000000000000      0x2d8
 *(.debug_aranges)
 .debug_aranges
                0x0000000000000000       0x28 ../Adio5_bsp//obj/HAL/src/crt0.o
 .debug_aranges
                0x0000000000000028       0x20 obj/default/hello_world_small.o
 .debug_aranges
                0x0000000000000048       0x20 /home/dylanggf/intelFPGA_lite/18.0/nios2eds/bin/gnu/H-x86_64-pc-linux-gnu/bin/../lib/gcc/nios2-elf/5.3.0/libgcc.a(lib2-divmod.o)
 .debug_aranges
                0x0000000000000068       0x20 ../Adio5_bsp//libhal_bsp.a(alt_load.o)
 .debug_aranges
                0x0000000000000088       0x20 ../Adio5_bsp//libhal_bsp.a(alt_main.o)
 .debug_aranges
                0x00000000000000a8       0x20 ../Adio5_bsp//libhal_bsp.a(alt_printf.o)
 .debug_aranges
                0x00000000000000c8       0x20 ../Adio5_bsp//libhal_bsp.a(alt_putchar.o)
 .debug_aranges
                0x00000000000000e8       0x20 ../Adio5_bsp//libhal_bsp.a(alt_usleep.o)
 .debug_aranges
                0x0000000000000108       0x20 ../Adio5_bsp//libhal_bsp.a(alt_sys_init.o)
 .debug_aranges
                0x0000000000000128       0x20 ../Adio5_bsp//libhal_bsp.a(altera_avalon_jtag_uart_write.o)
 .debug_aranges
                0x0000000000000148       0x20 ../Adio5_bsp//libhal_bsp.a(altera_up_avalon_audio.o)
 .debug_aranges
                0x0000000000000168       0x20 ../Adio5_bsp//libhal_bsp.a(alt_busy_sleep.o)
 .debug_aranges
                0x0000000000000188       0x20 ../Adio5_bsp//libhal_bsp.a(alt_dcache_flush_all.o)
 .debug_aranges
                0x00000000000001a8       0x20 ../Adio5_bsp//libhal_bsp.a(alt_dev.o)
 .debug_aranges
                0x00000000000001c8       0x20 ../Adio5_bsp//libhal_bsp.a(alt_dev_llist_insert.o)
 .debug_aranges
                0x00000000000001e8       0x18 ../Adio5_bsp//libhal_bsp.a(alt_errno.o)
 .debug_aranges
                0x0000000000000200       0x20 ../Adio5_bsp//libhal_bsp.a(alt_find_dev.o)
 .debug_aranges
                0x0000000000000220       0x20 ../Adio5_bsp//libhal_bsp.a(alt_icache_flush_all.o)
 .debug_aranges
                0x0000000000000240       0x20 ../Adio5_bsp//libhal_bsp.a(altera_nios2_gen2_irq.o)
 .debug_aranges
                0x0000000000000260       0x20 ../Adio5_bsp//libhal_bsp.a(alt_icache_flush.o)
 .debug_aranges
                0x0000000000000280       0x18 /home/dylanggf/intelFPGA_lite/18.0/nios2eds/bin/gnu/H-x86_64-pc-linux-gnu/bin/../lib/gcc/nios2-elf/5.3.0/../../../../../H-x86_64-pc-linux-gnu/nios2-elf/lib/libsmallc.a(lib_a-int_errno.o)
 .debug_aranges
                0x0000000000000298       0x20 /home/dylanggf/intelFPGA_lite/18.0/nios2eds/bin/gnu/H-x86_64-pc-linux-gnu/bin/../lib/gcc/nios2-elf/5.3.0/../../../../../H-x86_64-pc-linux-gnu/nios2-elf/lib/libsmallc.a(lib_a-memcmp.o)
 .debug_aranges
                0x00000000000002b8       0x20 /home/dylanggf/intelFPGA_lite/18.0/nios2eds/bin/gnu/H-x86_64-pc-linux-gnu/bin/../lib/gcc/nios2-elf/5.3.0/../../../../../H-x86_64-pc-linux-gnu/nios2-elf/lib/libsmallc.a(lib_a-strlen.o)

.debug_pubnames
 *(.debug_pubnames)

.debug_info     0x0000000000000000     0x2fc4
 *(.debug_info .gnu.linkonce.wi.*)
 .debug_info    0x0000000000000000       0x8d ../Adio5_bsp//obj/HAL/src/crt0.o
 .debug_info    0x000000000000008d      0x5b0 obj/default/hello_world_small.o
 .debug_info    0x000000000000063d      0x2c6 /home/dylanggf/intelFPGA_lite/18.0/nios2eds/bin/gnu/H-x86_64-pc-linux-gnu/bin/../lib/gcc/nios2-elf/5.3.0/libgcc.a(lib2-divmod.o)
 .debug_info    0x0000000000000903      0x1c9 ../Adio5_bsp//libhal_bsp.a(alt_load.o)
 .debug_info    0x0000000000000acc      0x18f ../Adio5_bsp//libhal_bsp.a(alt_main.o)
 .debug_info    0x0000000000000c5b      0x14d ../Adio5_bsp//libhal_bsp.a(alt_printf.o)
 .debug_info    0x0000000000000da8      0x12a ../Adio5_bsp//libhal_bsp.a(alt_putchar.o)
 .debug_info    0x0000000000000ed2       0xd1 ../Adio5_bsp//libhal_bsp.a(alt_usleep.o)
 .debug_info    0x0000000000000fa3      0x53b ../Adio5_bsp//libhal_bsp.a(alt_sys_init.o)
 .debug_info    0x00000000000014de      0x1ad ../Adio5_bsp//libhal_bsp.a(altera_avalon_jtag_uart_write.o)
 .debug_info    0x000000000000168b      0x907 ../Adio5_bsp//libhal_bsp.a(altera_up_avalon_audio.o)
 .debug_info    0x0000000000001f92       0xd8 ../Adio5_bsp//libhal_bsp.a(alt_busy_sleep.o)
 .debug_info    0x000000000000206a       0xa6 ../Adio5_bsp//libhal_bsp.a(alt_dcache_flush_all.o)
 .debug_info    0x0000000000002110      0x499 ../Adio5_bsp//libhal_bsp.a(alt_dev.o)
 .debug_info    0x00000000000025a9      0x1b3 ../Adio5_bsp//libhal_bsp.a(alt_dev_llist_insert.o)
 .debug_info    0x000000000000275c       0xa6 ../Adio5_bsp//libhal_bsp.a(alt_errno.o)
 .debug_info    0x0000000000002802      0x32d ../Adio5_bsp//libhal_bsp.a(alt_find_dev.o)
 .debug_info    0x0000000000002b2f       0xb8 ../Adio5_bsp//libhal_bsp.a(alt_icache_flush_all.o)
 .debug_info    0x0000000000002be7       0xb8 ../Adio5_bsp//libhal_bsp.a(altera_nios2_gen2_irq.o)
 .debug_info    0x0000000000002c9f       0xde ../Adio5_bsp//libhal_bsp.a(alt_icache_flush.o)
 .debug_info    0x0000000000002d7d       0x8a /home/dylanggf/intelFPGA_lite/18.0/nios2eds/bin/gnu/H-x86_64-pc-linux-gnu/bin/../lib/gcc/nios2-elf/5.3.0/../../../../../H-x86_64-pc-linux-gnu/nios2-elf/lib/libsmallc.a(lib_a-int_errno.o)
 .debug_info    0x0000000000002e07       0xf4 /home/dylanggf/intelFPGA_lite/18.0/nios2eds/bin/gnu/H-x86_64-pc-linux-gnu/bin/../lib/gcc/nios2-elf/5.3.0/../../../../../H-x86_64-pc-linux-gnu/nios2-elf/lib/libsmallc.a(lib_a-memcmp.o)
 .debug_info    0x0000000000002efb       0xc9 /home/dylanggf/intelFPGA_lite/18.0/nios2eds/bin/gnu/H-x86_64-pc-linux-gnu/bin/../lib/gcc/nios2-elf/5.3.0/../../../../../H-x86_64-pc-linux-gnu/nios2-elf/lib/libsmallc.a(lib_a-strlen.o)

.debug_abbrev   0x0000000000000000     0x1226
 *(.debug_abbrev)
 .debug_abbrev  0x0000000000000000       0x12 ../Adio5_bsp//obj/HAL/src/crt0.o
 .debug_abbrev  0x0000000000000012      0x13a obj/default/hello_world_small.o
 .debug_abbrev  0x000000000000014c      0x10e /home/dylanggf/intelFPGA_lite/18.0/nios2eds/bin/gnu/H-x86_64-pc-linux-gnu/bin/../lib/gcc/nios2-elf/5.3.0/libgcc.a(lib2-divmod.o)
 .debug_abbrev  0x000000000000025a       0xd8 ../Adio5_bsp//libhal_bsp.a(alt_load.o)
 .debug_abbrev  0x0000000000000332       0xf5 ../Adio5_bsp//libhal_bsp.a(alt_main.o)
 .debug_abbrev  0x0000000000000427       0xd5 ../Adio5_bsp//libhal_bsp.a(alt_printf.o)
 .debug_abbrev  0x00000000000004fc       0xd2 ../Adio5_bsp//libhal_bsp.a(alt_putchar.o)
 .debug_abbrev  0x00000000000005ce       0x8d ../Adio5_bsp//libhal_bsp.a(alt_usleep.o)
 .debug_abbrev  0x000000000000065b      0x1e2 ../Adio5_bsp//libhal_bsp.a(alt_sys_init.o)
 .debug_abbrev  0x000000000000083d       0xd5 ../Adio5_bsp//libhal_bsp.a(altera_avalon_jtag_uart_write.o)
 .debug_abbrev  0x0000000000000912      0x213 ../Adio5_bsp//libhal_bsp.a(altera_up_avalon_audio.o)
 .debug_abbrev  0x0000000000000b25       0x8d ../Adio5_bsp//libhal_bsp.a(alt_busy_sleep.o)
 .debug_abbrev  0x0000000000000bb2       0x5a ../Adio5_bsp//libhal_bsp.a(alt_dcache_flush_all.o)
 .debug_abbrev  0x0000000000000c0c       0xd9 ../Adio5_bsp//libhal_bsp.a(alt_dev.o)
 .debug_abbrev  0x0000000000000ce5      0x11c ../Adio5_bsp//libhal_bsp.a(alt_dev_llist_insert.o)
 .debug_abbrev  0x0000000000000e01       0x5a ../Adio5_bsp//libhal_bsp.a(alt_errno.o)
 .debug_abbrev  0x0000000000000e5b      0x125 ../Adio5_bsp//libhal_bsp.a(alt_find_dev.o)
 .debug_abbrev  0x0000000000000f80       0x6f ../Adio5_bsp//libhal_bsp.a(alt_icache_flush_all.o)
 .debug_abbrev  0x0000000000000fef       0x67 ../Adio5_bsp//libhal_bsp.a(altera_nios2_gen2_irq.o)
 .debug_abbrev  0x0000000000001056       0x9b ../Adio5_bsp//libhal_bsp.a(alt_icache_flush.o)
 .debug_abbrev  0x00000000000010f1       0x37 /home/dylanggf/intelFPGA_lite/18.0/nios2eds/bin/gnu/H-x86_64-pc-linux-gnu/bin/../lib/gcc/nios2-elf/5.3.0/../../../../../H-x86_64-pc-linux-gnu/nios2-elf/lib/libsmallc.a(lib_a-int_errno.o)
 .debug_abbrev  0x0000000000001128       0x7f /home/dylanggf/intelFPGA_lite/18.0/nios2eds/bin/gnu/H-x86_64-pc-linux-gnu/bin/../lib/gcc/nios2-elf/5.3.0/../../../../../H-x86_64-pc-linux-gnu/nios2-elf/lib/libsmallc.a(lib_a-memcmp.o)
 .debug_abbrev  0x00000000000011a7       0x7f /home/dylanggf/intelFPGA_lite/18.0/nios2eds/bin/gnu/H-x86_64-pc-linux-gnu/bin/../lib/gcc/nios2-elf/5.3.0/../../../../../H-x86_64-pc-linux-gnu/nios2-elf/lib/libsmallc.a(lib_a-strlen.o)

.debug_line     0x0000000000000000     0x146a
 *(.debug_line)
 .debug_line    0x0000000000000000       0x72 ../Adio5_bsp//obj/HAL/src/crt0.o
 .debug_line    0x0000000000000072      0x1d5 obj/default/hello_world_small.o
 .debug_line    0x0000000000000247      0x102 /home/dylanggf/intelFPGA_lite/18.0/nios2eds/bin/gnu/H-x86_64-pc-linux-gnu/bin/../lib/gcc/nios2-elf/5.3.0/libgcc.a(lib2-divmod.o)
 .debug_line    0x0000000000000349       0xa4 ../Adio5_bsp//libhal_bsp.a(alt_load.o)
 .debug_line    0x00000000000003ed       0xea ../Adio5_bsp//libhal_bsp.a(alt_main.o)
 .debug_line    0x00000000000004d7      0x123 ../Adio5_bsp//libhal_bsp.a(alt_printf.o)
 .debug_line    0x00000000000005fa       0x55 ../Adio5_bsp//libhal_bsp.a(alt_putchar.o)
 .debug_line    0x000000000000064f       0xe0 ../Adio5_bsp//libhal_bsp.a(alt_usleep.o)
 .debug_line    0x000000000000072f      0x1a1 ../Adio5_bsp//libhal_bsp.a(alt_sys_init.o)
 .debug_line    0x00000000000008d0      0x104 ../Adio5_bsp//libhal_bsp.a(altera_avalon_jtag_uart_write.o)
 .debug_line    0x00000000000009d4      0x1b8 ../Adio5_bsp//libhal_bsp.a(altera_up_avalon_audio.o)
 .debug_line    0x0000000000000b8c       0xb3 ../Adio5_bsp//libhal_bsp.a(alt_busy_sleep.o)
 .debug_line    0x0000000000000c3f       0x5a ../Adio5_bsp//libhal_bsp.a(alt_dcache_flush_all.o)
 .debug_line    0x0000000000000c99      0x107 ../Adio5_bsp//libhal_bsp.a(alt_dev.o)
 .debug_line    0x0000000000000da0       0xd8 ../Adio5_bsp//libhal_bsp.a(alt_dev_llist_insert.o)
 .debug_line    0x0000000000000e78       0x51 ../Adio5_bsp//libhal_bsp.a(alt_errno.o)
 .debug_line    0x0000000000000ec9      0x118 ../Adio5_bsp//libhal_bsp.a(alt_find_dev.o)
 .debug_line    0x0000000000000fe1       0x6e ../Adio5_bsp//libhal_bsp.a(alt_icache_flush_all.o)
 .debug_line    0x000000000000104f       0x8c ../Adio5_bsp//libhal_bsp.a(altera_nios2_gen2_irq.o)
 .debug_line    0x00000000000010db       0x7d ../Adio5_bsp//libhal_bsp.a(alt_icache_flush.o)
 .debug_line    0x0000000000001158       0x5c /home/dylanggf/intelFPGA_lite/18.0/nios2eds/bin/gnu/H-x86_64-pc-linux-gnu/bin/../lib/gcc/nios2-elf/5.3.0/../../../../../H-x86_64-pc-linux-gnu/nios2-elf/lib/libsmallc.a(lib_a-int_errno.o)
 .debug_line    0x00000000000011b4      0x15d /home/dylanggf/intelFPGA_lite/18.0/nios2eds/bin/gnu/H-x86_64-pc-linux-gnu/bin/../lib/gcc/nios2-elf/5.3.0/../../../../../H-x86_64-pc-linux-gnu/nios2-elf/lib/libsmallc.a(lib_a-memcmp.o)
 .debug_line    0x0000000000001311      0x159 /home/dylanggf/intelFPGA_lite/18.0/nios2eds/bin/gnu/H-x86_64-pc-linux-gnu/bin/../lib/gcc/nios2-elf/5.3.0/../../../../../H-x86_64-pc-linux-gnu/nios2-elf/lib/libsmallc.a(lib_a-strlen.o)

.debug_frame    0x0000000000000000      0x4f8
 *(.debug_frame)
 .debug_frame   0x0000000000000000       0x54 obj/default/hello_world_small.o
 .debug_frame   0x0000000000000054       0x50 /home/dylanggf/intelFPGA_lite/18.0/nios2eds/bin/gnu/H-x86_64-pc-linux-gnu/bin/../lib/gcc/nios2-elf/5.3.0/libgcc.a(lib2-divmod.o)
 .debug_frame   0x00000000000000a4       0x30 ../Adio5_bsp//libhal_bsp.a(alt_load.o)
 .debug_frame   0x00000000000000d4       0x2c ../Adio5_bsp//libhal_bsp.a(alt_main.o)
 .debug_frame   0x0000000000000100       0x54 ../Adio5_bsp//libhal_bsp.a(alt_printf.o)
 .debug_frame   0x0000000000000154       0x30 ../Adio5_bsp//libhal_bsp.a(alt_putchar.o)
 .debug_frame   0x0000000000000184       0x20 ../Adio5_bsp//libhal_bsp.a(alt_usleep.o)
 .debug_frame   0x00000000000001a4       0x4c ../Adio5_bsp//libhal_bsp.a(alt_sys_init.o)
 .debug_frame   0x00000000000001f0       0x20 ../Adio5_bsp//libhal_bsp.a(altera_avalon_jtag_uart_write.o)
 .debug_frame   0x0000000000000210      0x170 ../Adio5_bsp//libhal_bsp.a(altera_up_avalon_audio.o)
 .debug_frame   0x0000000000000380       0x30 ../Adio5_bsp//libhal_bsp.a(alt_busy_sleep.o)
 .debug_frame   0x00000000000003b0       0x20 ../Adio5_bsp//libhal_bsp.a(alt_dcache_flush_all.o)
 .debug_frame   0x00000000000003d0       0x20 ../Adio5_bsp//libhal_bsp.a(alt_dev.o)
 .debug_frame   0x00000000000003f0       0x2c ../Adio5_bsp//libhal_bsp.a(alt_dev_llist_insert.o)
 .debug_frame   0x000000000000041c       0x3c ../Adio5_bsp//libhal_bsp.a(alt_find_dev.o)
 .debug_frame   0x0000000000000458       0x20 ../Adio5_bsp//libhal_bsp.a(alt_icache_flush_all.o)
 .debug_frame   0x0000000000000478       0x20 ../Adio5_bsp//libhal_bsp.a(altera_nios2_gen2_irq.o)
 .debug_frame   0x0000000000000498       0x20 ../Adio5_bsp//libhal_bsp.a(alt_icache_flush.o)
 .debug_frame   0x00000000000004b8       0x20 /home/dylanggf/intelFPGA_lite/18.0/nios2eds/bin/gnu/H-x86_64-pc-linux-gnu/bin/../lib/gcc/nios2-elf/5.3.0/../../../../../H-x86_64-pc-linux-gnu/nios2-elf/lib/libsmallc.a(lib_a-memcmp.o)
 .debug_frame   0x00000000000004d8       0x20 /home/dylanggf/intelFPGA_lite/18.0/nios2eds/bin/gnu/H-x86_64-pc-linux-gnu/bin/../lib/gcc/nios2-elf/5.3.0/../../../../../H-x86_64-pc-linux-gnu/nios2-elf/lib/libsmallc.a(lib_a-strlen.o)

.debug_str      0x0000000000000000      0xfd9
 *(.debug_str)
 .debug_str     0x0000000000000000      0x310 obj/default/hello_world_small.o
                                        0x385 (size before relaxing)
 .debug_str     0x0000000000000310      0x16e /home/dylanggf/intelFPGA_lite/18.0/nios2eds/bin/gnu/H-x86_64-pc-linux-gnu/bin/../lib/gcc/nios2-elf/5.3.0/libgcc.a(lib2-divmod.o)
                                        0x1b9 (size before relaxing)
 .debug_str     0x000000000000047e      0x174 ../Adio5_bsp//libhal_bsp.a(alt_load.o)
                                        0x258 (size before relaxing)
 .debug_str     0x00000000000005f2       0x7f ../Adio5_bsp//libhal_bsp.a(alt_main.o)
                                        0x1fa (size before relaxing)
 .debug_str     0x0000000000000671       0x59 ../Adio5_bsp//libhal_bsp.a(alt_printf.o)
                                        0x122 (size before relaxing)
 .debug_str     0x00000000000006ca       0x60 ../Adio5_bsp//libhal_bsp.a(alt_putchar.o)
                                        0x1a9 (size before relaxing)
 .debug_str     0x000000000000072a       0x2f ../Adio5_bsp//libhal_bsp.a(alt_usleep.o)
                                        0x173 (size before relaxing)
 .debug_str     0x0000000000000759      0x1ce ../Adio5_bsp//libhal_bsp.a(alt_sys_init.o)
                                        0x43d (size before relaxing)
 .debug_str     0x0000000000000927       0x2c ../Adio5_bsp//libhal_bsp.a(altera_avalon_jtag_uart_write.o)
                                        0x252 (size before relaxing)
 .debug_str     0x0000000000000953      0x1f5 ../Adio5_bsp//libhal_bsp.a(altera_up_avalon_audio.o)
                                        0x466 (size before relaxing)
 .debug_str     0x0000000000000b48       0x33 ../Adio5_bsp//libhal_bsp.a(alt_busy_sleep.o)
                                        0x187 (size before relaxing)
 .debug_str     0x0000000000000b7b       0x1f ../Adio5_bsp//libhal_bsp.a(alt_dcache_flush_all.o)
                                        0x171 (size before relaxing)
 .debug_str     0x0000000000000b9a      0x12c ../Adio5_bsp//libhal_bsp.a(alt_dev.o)
                                        0x321 (size before relaxing)
 .debug_str     0x0000000000000cc6       0x4e ../Adio5_bsp//libhal_bsp.a(alt_dev_llist_insert.o)
                                        0x1e8 (size before relaxing)
 .debug_str     0x0000000000000d14       0x14 ../Adio5_bsp//libhal_bsp.a(alt_errno.o)
                                        0x161 (size before relaxing)
 .debug_str     0x0000000000000d28       0x25 ../Adio5_bsp//libhal_bsp.a(alt_find_dev.o)
                                        0x216 (size before relaxing)
 .debug_str     0x0000000000000d4d       0x30 ../Adio5_bsp//libhal_bsp.a(alt_icache_flush_all.o)
                                        0x182 (size before relaxing)
 .debug_str     0x0000000000000d7d       0x20 ../Adio5_bsp//libhal_bsp.a(altera_nios2_gen2_irq.o)
                                        0x1a1 (size before relaxing)
 .debug_str     0x0000000000000d9d       0x1b ../Adio5_bsp//libhal_bsp.a(alt_icache_flush.o)
                                        0x177 (size before relaxing)
 .debug_str     0x0000000000000db8      0x11b /home/dylanggf/intelFPGA_lite/18.0/nios2eds/bin/gnu/H-x86_64-pc-linux-gnu/bin/../lib/gcc/nios2-elf/5.3.0/../../../../../H-x86_64-pc-linux-gnu/nios2-elf/lib/libsmallc.a(lib_a-int_errno.o)
                                        0x1bf (size before relaxing)
 .debug_str     0x0000000000000ed3       0xcc /home/dylanggf/intelFPGA_lite/18.0/nios2eds/bin/gnu/H-x86_64-pc-linux-gnu/bin/../lib/gcc/nios2-elf/5.3.0/../../../../../H-x86_64-pc-linux-gnu/nios2-elf/lib/libsmallc.a(lib_a-memcmp.o)
                                        0x1c6 (size before relaxing)
 .debug_str     0x0000000000000f9f       0x3a /home/dylanggf/intelFPGA_lite/18.0/nios2eds/bin/gnu/H-x86_64-pc-linux-gnu/bin/../lib/gcc/nios2-elf/5.3.0/../../../../../H-x86_64-pc-linux-gnu/nios2-elf/lib/libsmallc.a(lib_a-strlen.o)
                                        0x1cc (size before relaxing)

.debug_loc      0x0000000000000000     0x12ff
 *(.debug_loc)
 .debug_loc     0x0000000000000000      0x2be obj/default/hello_world_small.o
 .debug_loc     0x00000000000002be      0x4ce /home/dylanggf/intelFPGA_lite/18.0/nios2eds/bin/gnu/H-x86_64-pc-linux-gnu/bin/../lib/gcc/nios2-elf/5.3.0/libgcc.a(lib2-divmod.o)
 .debug_loc     0x000000000000078c      0x1de ../Adio5_bsp//libhal_bsp.a(alt_printf.o)
 .debug_loc     0x000000000000096a       0x2c ../Adio5_bsp//libhal_bsp.a(alt_putchar.o)
 .debug_loc     0x0000000000000996       0x21 ../Adio5_bsp//libhal_bsp.a(alt_usleep.o)
 .debug_loc     0x00000000000009b7       0x39 ../Adio5_bsp//libhal_bsp.a(alt_sys_init.o)
 .debug_loc     0x00000000000009f0       0x8b ../Adio5_bsp//libhal_bsp.a(altera_avalon_jtag_uart_write.o)
 .debug_loc     0x0000000000000a7b      0x5f0 ../Adio5_bsp//libhal_bsp.a(altera_up_avalon_audio.o)
 .debug_loc     0x000000000000106b       0x75 ../Adio5_bsp//libhal_bsp.a(alt_busy_sleep.o)
 .debug_loc     0x00000000000010e0       0x1f ../Adio5_bsp//libhal_bsp.a(alt_dcache_flush_all.o)
 .debug_loc     0x00000000000010ff       0x7e ../Adio5_bsp//libhal_bsp.a(alt_dev_llist_insert.o)
 .debug_loc     0x000000000000117d       0x7e ../Adio5_bsp//libhal_bsp.a(alt_find_dev.o)
 .debug_loc     0x00000000000011fb       0x52 ../Adio5_bsp//libhal_bsp.a(alt_icache_flush.o)
 .debug_loc     0x000000000000124d       0x94 /home/dylanggf/intelFPGA_lite/18.0/nios2eds/bin/gnu/H-x86_64-pc-linux-gnu/bin/../lib/gcc/nios2-elf/5.3.0/../../../../../H-x86_64-pc-linux-gnu/nios2-elf/lib/libsmallc.a(lib_a-memcmp.o)
 .debug_loc     0x00000000000012e1       0x1e /home/dylanggf/intelFPGA_lite/18.0/nios2eds/bin/gnu/H-x86_64-pc-linux-gnu/bin/../lib/gcc/nios2-elf/5.3.0/../../../../../H-x86_64-pc-linux-gnu/nios2-elf/lib/libsmallc.a(lib_a-strlen.o)

.debug_macinfo
 *(.debug_macinfo)

.debug_weaknames
 *(.debug_weaknames)

.debug_funcnames
 *(.debug_funcnames)

.debug_typenames
 *(.debug_typenames)

.debug_varnames
 *(.debug_varnames)

.debug_alt_sim_info
                0x0000000000000000       0x60
 *(.debug_alt_sim_info)
 .debug_alt_sim_info
                0x0000000000000000       0x30 ../Adio5_bsp//obj/HAL/src/crt0.o
 .debug_alt_sim_info
                0x0000000000000030       0x30 ../Adio5_bsp//libhal_bsp.a(alt_busy_sleep.o)
                0x0000000000002000                __alt_data_end = 0x2000
                0x0000000000002000                PROVIDE (__alt_stack_pointer, __alt_data_end)
                [!provide]                        PROVIDE (__alt_stack_limit, __alt_stack_base)
                [!provide]                        PROVIDE (__alt_heap_start, end)
                [!provide]                        PROVIDE (__alt_heap_limit, 0x2000)
OUTPUT(Adio5.elf elf32-littlenios2)

.debug_ranges   0x0000000000000000      0x188
 .debug_ranges  0x0000000000000000       0x20 ../Adio5_bsp//obj/HAL/src/crt0.o
 .debug_ranges  0x0000000000000020       0x28 obj/default/hello_world_small.o
 .debug_ranges  0x0000000000000048       0x60 /home/dylanggf/intelFPGA_lite/18.0/nios2eds/bin/gnu/H-x86_64-pc-linux-gnu/bin/../lib/gcc/nios2-elf/5.3.0/libgcc.a(lib2-divmod.o)
 .debug_ranges  0x00000000000000a8       0x48 ../Adio5_bsp//libhal_bsp.a(alt_load.o)
 .debug_ranges  0x00000000000000f0       0x18 ../Adio5_bsp//libhal_bsp.a(alt_printf.o)
 .debug_ranges  0x0000000000000108       0x30 ../Adio5_bsp//libhal_bsp.a(alt_sys_init.o)
 .debug_ranges  0x0000000000000138       0x20 ../Adio5_bsp//libhal_bsp.a(alt_dev_llist_insert.o)
 .debug_ranges  0x0000000000000158       0x10 ../Adio5_bsp//libhal_bsp.a(alt_icache_flush.o)
 .debug_ranges  0x0000000000000168       0x10 /home/dylanggf/intelFPGA_lite/18.0/nios2eds/bin/gnu/H-x86_64-pc-linux-gnu/bin/../lib/gcc/nios2-elf/5.3.0/../../../../../H-x86_64-pc-linux-gnu/nios2-elf/lib/libsmallc.a(lib_a-memcmp.o)
 .debug_ranges  0x0000000000000178       0x10 /home/dylanggf/intelFPGA_lite/18.0/nios2eds/bin/gnu/H-x86_64-pc-linux-gnu/bin/../lib/gcc/nios2-elf/5.3.0/../../../../../H-x86_64-pc-linux-gnu/nios2-elf/lib/libsmallc.a(lib_a-strlen.o)
