Archive member included to satisfy reference by file (symbol)

../audio_1_bsp//libhal_bsp.a(alt_load.o)
                              ../audio_1_bsp//obj/HAL/src/crt0.o (alt_load)
../audio_1_bsp//libhal_bsp.a(alt_main.o)
                              ../audio_1_bsp//obj/HAL/src/crt0.o (alt_main)
../audio_1_bsp//libhal_bsp.a(alt_printf.o)
                              obj/default/hello_world_small.o (alt_printf)
../audio_1_bsp//libhal_bsp.a(alt_putchar.o)
                              ../audio_1_bsp//libhal_bsp.a(alt_printf.o) (alt_putchar)
../audio_1_bsp//libhal_bsp.a(alt_putstr.o)
                              obj/default/hello_world_small.o (alt_putstr)
../audio_1_bsp//libhal_bsp.a(alt_sys_init.o)
                              ../audio_1_bsp//libhal_bsp.a(alt_main.o) (alt_irq_init)
../audio_1_bsp//libhal_bsp.a(altera_avalon_jtag_uart_write.o)
                              ../audio_1_bsp//libhal_bsp.a(alt_putchar.o) (altera_avalon_jtag_uart_write)
../audio_1_bsp//libhal_bsp.a(alt_dcache_flush_all.o)
                              ../audio_1_bsp//libhal_bsp.a(alt_load.o) (alt_dcache_flush_all)
../audio_1_bsp//libhal_bsp.a(alt_dev.o)
                              ../audio_1_bsp//libhal_bsp.a(alt_sys_init.o) (alt_dev_list)
../audio_1_bsp//libhal_bsp.a(alt_dev_llist_insert.o)
                              ../audio_1_bsp//libhal_bsp.a(alt_sys_init.o) (alt_dev_llist_insert)
../audio_1_bsp//libhal_bsp.a(alt_errno.o)
                              ../audio_1_bsp//libhal_bsp.a(alt_dev_llist_insert.o) (alt_errno)
../audio_1_bsp//libhal_bsp.a(alt_icache_flush_all.o)
                              ../audio_1_bsp//libhal_bsp.a(alt_load.o) (alt_icache_flush_all)
../audio_1_bsp//libhal_bsp.a(altera_nios2_gen2_irq.o)
                              ../audio_1_bsp//libhal_bsp.a(alt_sys_init.o) (altera_nios2_gen2_irq_init)
/home/isa/intelFPGA_lite/18.1/nios2eds/bin/gnu/H-x86_64-pc-linux-gnu/bin/../lib/gcc/nios2-elf/5.3.0/../../../../../H-x86_64-pc-linux-gnu/nios2-elf/lib/mno-hw-mul/libsmallc.a(lib_a-int_errno.o)
                              ../audio_1_bsp//libhal_bsp.a(alt_dev_llist_insert.o) (errno)
/home/isa/intelFPGA_lite/18.1/nios2eds/bin/gnu/H-x86_64-pc-linux-gnu/bin/../lib/gcc/nios2-elf/5.3.0/../../../../../H-x86_64-pc-linux-gnu/nios2-elf/lib/mno-hw-mul/libsmallc.a(lib_a-strlen.o)
                              ../audio_1_bsp//libhal_bsp.a(alt_putstr.o) (strlen)

Allocating common symbols
Common symbol       size              file

errno               0x4               /home/isa/intelFPGA_lite/18.1/nios2eds/bin/gnu/H-x86_64-pc-linux-gnu/bin/../lib/gcc/nios2-elf/5.3.0/../../../../../H-x86_64-pc-linux-gnu/nios2-elf/lib/mno-hw-mul/libsmallc.a(lib_a-int_errno.o)
elapsed_ms          0x4               obj/default/hello_world_small.o

Memory Configuration

Name             Origin             Length             Attributes
reset            0x0000000000004000 0x0000000000000020
RAM              0x0000000000004020 0x0000000000003fe0
*default*        0x0000000000000000 0xffffffffffffffff

Linker script and memory map

LOAD ../audio_1_bsp//obj/HAL/src/crt0.o
LOAD obj/default/hello_world_small.o
LOAD /home/isa/intelFPGA_lite/18.1/nios2eds/bin/gnu/H-x86_64-pc-linux-gnu/bin/../lib/gcc/nios2-elf/5.3.0/../../../../../H-x86_64-pc-linux-gnu/nios2-elf/lib/mno-hw-mul/libstdc++.a
LOAD /home/isa/intelFPGA_lite/18.1/nios2eds/bin/gnu/H-x86_64-pc-linux-gnu/bin/../lib/gcc/nios2-elf/5.3.0/../../../../../H-x86_64-pc-linux-gnu/nios2-elf/lib/mno-hw-mul/libm.a
LOAD /home/isa/intelFPGA_lite/18.1/nios2eds/bin/gnu/H-x86_64-pc-linux-gnu/bin/../lib/gcc/nios2-elf/5.3.0/mno-hw-mul/libgcc.a
START GROUP
LOAD /home/isa/intelFPGA_lite/18.1/nios2eds/bin/gnu/H-x86_64-pc-linux-gnu/bin/../lib/gcc/nios2-elf/5.3.0/../../../../../H-x86_64-pc-linux-gnu/nios2-elf/lib/mno-hw-mul/libsmallc.a
LOAD /home/isa/intelFPGA_lite/18.1/nios2eds/bin/gnu/H-x86_64-pc-linux-gnu/bin/../lib/gcc/nios2-elf/5.3.0/mno-hw-mul/libgcc.a
LOAD ../audio_1_bsp//libhal_bsp.a
LOAD /home/isa/intelFPGA_lite/18.1/nios2eds/bin/gnu/H-x86_64-pc-linux-gnu/bin/../lib/gcc/nios2-elf/5.3.0/../../../../../H-x86_64-pc-linux-gnu/nios2-elf/lib/mno-hw-mul/libm.a
END GROUP
LOAD /home/isa/intelFPGA_lite/18.1/nios2eds/bin/gnu/H-x86_64-pc-linux-gnu/bin/../lib/gcc/nios2-elf/5.3.0/mno-hw-mul/libgcc.a
                0x0000000000004000                __alt_mem_RAM = 0x4000

.entry          0x0000000000004000       0x20
 *(.entry)
 .entry         0x0000000000004000       0x20 ../audio_1_bsp//obj/HAL/src/crt0.o
                0x0000000000004000                __reset
                0x000000000000400c                _exit

.exceptions     0x0000000000004020        0x0
                0x0000000000004020                PROVIDE (__ram_exceptions_start, ABSOLUTE (.))
                0x0000000000004020                . = ALIGN (0x20)
 *(.irq)
 *(.exceptions.entry.label)
 *(.exceptions.entry.user)
 *(.exceptions.entry.ecc_fatal)
 *(.exceptions.entry)
 *(.exceptions.irqtest.user)
 *(.exceptions.irqtest)
 *(.exceptions.irqhandler.user)
 *(.exceptions.irqhandler)
 *(.exceptions.irqreturn.user)
 *(.exceptions.irqreturn)
 *(.exceptions.notirq.label)
 *(.exceptions.notirq.user)
 *(.exceptions.notirq)
 *(.exceptions.soft.user)
 *(.exceptions.soft)
 *(.exceptions.unknown.user)
 *(.exceptions.unknown)
 *(.exceptions.exit.label)
 *(.exceptions.exit.user)
 *(.exceptions.exit)
 *(.exceptions)
                0x0000000000004020                PROVIDE (__ram_exceptions_end, ABSOLUTE (.))
                0x0000000000004020                PROVIDE (__flash_exceptions_start, LOADADDR (.exceptions))

.text           0x0000000000004020      0x554
                [!provide]                        PROVIDE (stext, ABSOLUTE (.))
 *(.interp)
 *(.hash)
 *(.dynsym)
 *(.dynstr)
 *(.gnu.version)
 *(.gnu.version_d)
 *(.gnu.version_r)
 *(.rel.init)
 *(.rela.init)
 *(.rel.text .rel.text.* .rel.gnu.linkonce.t.*)
 *(.rela.text .rela.text.* .rela.gnu.linkonce.t.*)
 *(.rel.fini)
 *(.rela.fini)
 *(.rel.rodata .rel.rodata.* .rel.gnu.linkonce.r.*)
 *(.rela.rodata .rela.rodata.* .rela.gnu.linkonce.r.*)
 *(.rel.data .rel.data.* .rel.gnu.linkonce.d.*)
 *(.rela.data .rela.data.* .rela.gnu.linkonce.d.*)
 *(.rel.tdata .rel.tdata.* .rel.gnu.linkonce.td.*)
 *(.rela.tdata .rela.tdata.* .rela.gnu.linkonce.td.*)
 *(.rel.tbss .rel.tbss.* .rel.gnu.linkonce.tb.*)
 *(.rela.tbss .rela.tbss.* .rela.gnu.linkonce.tb.*)
 *(.rel.ctors)
 *(.rela.ctors)
 *(.rel.dtors)
 *(.rela.dtors)
 *(.rel.got)
 *(.rela.got)
 *(.rel.sdata .rel.sdata.* .rel.gnu.linkonce.s.*)
 *(.rela.sdata .rela.sdata.* .rela.gnu.linkonce.s.*)
 *(.rel.sbss .rel.sbss.* .rel.gnu.linkonce.sb.*)
 *(.rela.sbss .rela.sbss.* .rela.gnu.linkonce.sb.*)
 *(.rel.sdata2 .rel.sdata2.* .rel.gnu.linkonce.s2.*)
 *(.rela.sdata2 .rela.sdata2.* .rela.gnu.linkonce.s2.*)
 *(.rel.sbss2 .rel.sbss2.* .rel.gnu.linkonce.sb2.*)
 *(.rela.sbss2 .rela.sbss2.* .rela.gnu.linkonce.sb2.*)
 *(.rel.bss .rel.bss.* .rel.gnu.linkonce.b.*)
 *(.rela.bss .rela.bss.* .rela.gnu.linkonce.b.*)
 *(.rel.plt)
 *(.rela.plt)
 *(.rel.dyn)
 *(.init)
 *(.plt)
 *(.text .stub .text.* .gnu.linkonce.t.*)
 .text          0x0000000000004020       0x3c ../audio_1_bsp//obj/HAL/src/crt0.o
                0x0000000000004020                _start
 .text          0x000000000000405c       0x38 obj/default/hello_world_small.o
                0x000000000000405c                timer_ir_handler
 .text.startup  0x0000000000004094       0xb4 obj/default/hello_world_small.o
                0x0000000000004094                main
 .text          0x0000000000004148       0xe0 ../audio_1_bsp//libhal_bsp.a(alt_load.o)
                0x0000000000004148                alt_load
 .text          0x0000000000004228       0x2c ../audio_1_bsp//libhal_bsp.a(alt_main.o)
                0x0000000000004228                alt_main
 .text          0x0000000000004254      0x170 ../audio_1_bsp//libhal_bsp.a(alt_printf.o)
                0x0000000000004254                alt_printf
 .text          0x00000000000043c4       0x48 ../audio_1_bsp//libhal_bsp.a(alt_putchar.o)
                0x00000000000043c4                alt_putchar
 .text          0x000000000000440c       0x38 ../audio_1_bsp//libhal_bsp.a(alt_putstr.o)
                0x000000000000440c                alt_putstr
 .text          0x0000000000004444       0x5c ../audio_1_bsp//libhal_bsp.a(alt_sys_init.o)
                0x0000000000004444                alt_irq_init
                0x0000000000004464                alt_sys_init
 .text          0x00000000000044a0       0x34 ../audio_1_bsp//libhal_bsp.a(altera_avalon_jtag_uart_write.o)
                0x00000000000044a0                altera_avalon_jtag_uart_write
 .text          0x00000000000044d4        0x4 ../audio_1_bsp//libhal_bsp.a(alt_dcache_flush_all.o)
                0x00000000000044d4                alt_dcache_flush_all
 .text          0x00000000000044d8        0x8 ../audio_1_bsp//libhal_bsp.a(alt_dev.o)
 .text          0x00000000000044e0       0x6c ../audio_1_bsp//libhal_bsp.a(alt_dev_llist_insert.o)
                0x00000000000044e0                alt_dev_llist_insert
 .text          0x000000000000454c        0x0 ../audio_1_bsp//libhal_bsp.a(alt_errno.o)
 .text          0x000000000000454c        0x4 ../audio_1_bsp//libhal_bsp.a(alt_icache_flush_all.o)
                0x000000000000454c                alt_icache_flush_all
 .text          0x0000000000004550        0x8 ../audio_1_bsp//libhal_bsp.a(altera_nios2_gen2_irq.o)
                0x0000000000004550                altera_nios2_gen2_irq_init
 .text          0x0000000000004558        0x0 /home/isa/intelFPGA_lite/18.1/nios2eds/bin/gnu/H-x86_64-pc-linux-gnu/bin/../lib/gcc/nios2-elf/5.3.0/../../../../../H-x86_64-pc-linux-gnu/nios2-elf/lib/mno-hw-mul/libsmallc.a(lib_a-int_errno.o)
 .text          0x0000000000004558        0x0 /home/isa/intelFPGA_lite/18.1/nios2eds/bin/gnu/H-x86_64-pc-linux-gnu/bin/../lib/gcc/nios2-elf/5.3.0/../../../../../H-x86_64-pc-linux-gnu/nios2-elf/lib/mno-hw-mul/libsmallc.a(lib_a-strlen.o)
 .text.strlen   0x0000000000004558       0x1c /home/isa/intelFPGA_lite/18.1/nios2eds/bin/gnu/H-x86_64-pc-linux-gnu/bin/../lib/gcc/nios2-elf/5.3.0/../../../../../H-x86_64-pc-linux-gnu/nios2-elf/lib/mno-hw-mul/libsmallc.a(lib_a-strlen.o)
                0x0000000000004558                strlen
 *(.gnu.warning.*)
 *(.fini)
                [!provide]                        PROVIDE (__etext, ABSOLUTE (.))
                [!provide]                        PROVIDE (_etext, ABSOLUTE (.))
                [!provide]                        PROVIDE (etext, ABSOLUTE (.))
 *(.eh_frame_hdr)
                0x0000000000004574                . = ALIGN (0x4)
                [!provide]                        PROVIDE (__preinit_array_start, ABSOLUTE (.))
 *(.preinit_array)
                [!provide]                        PROVIDE (__preinit_array_end, ABSOLUTE (.))
                [!provide]                        PROVIDE (__init_array_start, ABSOLUTE (.))
 *(.init_array)
                [!provide]                        PROVIDE (__init_array_end, ABSOLUTE (.))
                [!provide]                        PROVIDE (__fini_array_start, ABSOLUTE (.))
 *(.fini_array)
                [!provide]                        PROVIDE (__fini_array_end, ABSOLUTE (.))
 *(.eh_frame)
 *(.gcc_except_table .gcc_except_table.*)
 *(.dynamic)
                [!provide]                        PROVIDE (__CTOR_LIST__, ABSOLUTE (.))
 *(.ctors)
 *(SORT(.ctors.*))
                [!provide]                        PROVIDE (__CTOR_END__, ABSOLUTE (.))
                [!provide]                        PROVIDE (__DTOR_LIST__, ABSOLUTE (.))
 *(.dtors)
 *(SORT(.dtors.*))
                [!provide]                        PROVIDE (__DTOR_END__, ABSOLUTE (.))
 *(.jcr)
                0x0000000000004574                . = ALIGN (0x4)

.rodata         0x0000000000004574       0xc0
                0x0000000000004574                PROVIDE (__ram_rodata_start, ABSOLUTE (.))
                0x0000000000004574                . = ALIGN (0x4)
 *(.rodata .rodata.* .gnu.linkonce.r.*)
 .rodata.str1.4
                0x0000000000004574       0x92 obj/default/hello_world_small.o
 *fill*         0x0000000000004606        0x2 
 .rodata.str1.4
                0x0000000000004608       0x1d ../audio_1_bsp//libhal_bsp.a(alt_sys_init.o)
 *fill*         0x0000000000004625        0x3 
 .rodata.str1.4
                0x0000000000004628        0xc ../audio_1_bsp//libhal_bsp.a(alt_dev.o)
                                          0xa (size before relaxing)
 *(.rodata1)
                0x0000000000004634                . = ALIGN (0x4)
                0x0000000000004634                PROVIDE (__ram_rodata_end, ABSOLUTE (.))
                0x0000000000004574                PROVIDE (__flash_rodata_start, LOADADDR (.rodata))

.rwdata         0x0000000000004634       0xd4 load address 0x0000000000004708
                0x0000000000004634                PROVIDE (__ram_rwdata_start, ABSOLUTE (.))
                0x0000000000004634                . = ALIGN (0x4)
 *(.got.plt)
 *(.got)
 *(.data1)
 *(.data .data.* .gnu.linkonce.d.*)
 .data          0x0000000000004634        0x0 ../audio_1_bsp//obj/HAL/src/crt0.o
 .data          0x0000000000004634        0x0 obj/default/hello_world_small.o
 .data          0x0000000000004634        0x0 ../audio_1_bsp//libhal_bsp.a(alt_load.o)
 .data          0x0000000000004634        0x0 ../audio_1_bsp//libhal_bsp.a(alt_main.o)
 .data          0x0000000000004634        0x0 ../audio_1_bsp//libhal_bsp.a(alt_printf.o)
 .data          0x0000000000004634        0x0 ../audio_1_bsp//libhal_bsp.a(alt_putchar.o)
 .data          0x0000000000004634        0x0 ../audio_1_bsp//libhal_bsp.a(alt_putstr.o)
 .data          0x0000000000004634       0x60 ../audio_1_bsp//libhal_bsp.a(alt_sys_init.o)
 .data          0x0000000000004694        0x0 ../audio_1_bsp//libhal_bsp.a(altera_avalon_jtag_uart_write.o)
 .data          0x0000000000004694        0x0 ../audio_1_bsp//libhal_bsp.a(alt_dcache_flush_all.o)
 .data          0x0000000000004694       0x58 ../audio_1_bsp//libhal_bsp.a(alt_dev.o)
                0x0000000000004694                alt_fd_list
                0x00000000000046c4                alt_dev_null
 .data          0x00000000000046ec        0x0 ../audio_1_bsp//libhal_bsp.a(alt_dev_llist_insert.o)
 .data          0x00000000000046ec        0x0 ../audio_1_bsp//libhal_bsp.a(alt_errno.o)
 .data          0x00000000000046ec        0x0 ../audio_1_bsp//libhal_bsp.a(alt_icache_flush_all.o)
 .data          0x00000000000046ec        0x0 ../audio_1_bsp//libhal_bsp.a(altera_nios2_gen2_irq.o)
 .data          0x00000000000046ec        0x0 /home/isa/intelFPGA_lite/18.1/nios2eds/bin/gnu/H-x86_64-pc-linux-gnu/bin/../lib/gcc/nios2-elf/5.3.0/../../../../../H-x86_64-pc-linux-gnu/nios2-elf/lib/mno-hw-mul/libsmallc.a(lib_a-int_errno.o)
 .data          0x00000000000046ec        0x0 /home/isa/intelFPGA_lite/18.1/nios2eds/bin/gnu/H-x86_64-pc-linux-gnu/bin/../lib/gcc/nios2-elf/5.3.0/../../../../../H-x86_64-pc-linux-gnu/nios2-elf/lib/mno-hw-mul/libsmallc.a(lib_a-strlen.o)
                0x000000000000c6ec                _gp = ABSOLUTE ((. + 0x8000))
                [!provide]                        PROVIDE (gp, _gp)
 *(.rwdata .rwdata.*)
 *(.sdata .sdata.* .gnu.linkonce.s.*)
 .sdata         0x00000000000046ec        0x4 ../audio_1_bsp//libhal_bsp.a(alt_sys_init.o)
                0x00000000000046ec                JTAG
 .sdata         0x00000000000046f0       0x14 ../audio_1_bsp//libhal_bsp.a(alt_dev.o)
                0x00000000000046f0                alt_max_fd
                0x00000000000046f4                alt_dev_list
                0x00000000000046fc                alt_fs_list
 .sdata         0x0000000000004704        0x4 ../audio_1_bsp//libhal_bsp.a(alt_errno.o)
                0x0000000000004704                alt_errno
 *(.sdata2 .sdata2.* .gnu.linkonce.s2.*)
                0x0000000000004708                . = ALIGN (0x4)
                0x0000000000004708                _edata = ABSOLUTE (.)
                [!provide]                        PROVIDE (edata, ABSOLUTE (.))
                0x0000000000004708                PROVIDE (__ram_rwdata_end, ABSOLUTE (.))
                0x0000000000004708                PROVIDE (__flash_rwdata_start, LOADADDR (.rwdata))

.bss            0x00000000000047dc       0x14
                0x00000000000047dc                __bss_start = ABSOLUTE (.)
                [!provide]                        PROVIDE (__sbss_start, ABSOLUTE (.))
                [!provide]                        PROVIDE (___sbss_start, ABSOLUTE (.))
 *(.dynsbss)
 *(.sbss .sbss.* .gnu.linkonce.sb.*)
 .sbss          0x00000000000047dc        0x4 obj/default/hello_world_small.o
                0x00000000000047dc                elapsed_ms
 .sbss          0x00000000000047e0        0xc ../audio_1_bsp//libhal_bsp.a(alt_main.o)
                0x00000000000047e0                alt_envp
                0x00000000000047e4                alt_argv
                0x00000000000047e8                alt_argc
 .sbss          0x00000000000047ec        0x4 /home/isa/intelFPGA_lite/18.1/nios2eds/bin/gnu/H-x86_64-pc-linux-gnu/bin/../lib/gcc/nios2-elf/5.3.0/../../../../../H-x86_64-pc-linux-gnu/nios2-elf/lib/mno-hw-mul/libsmallc.a(lib_a-int_errno.o)
                0x00000000000047ec                errno
 *(.sbss2 .sbss2.* .gnu.linkonce.sb2.*)
 *(.scommon)
                [!provide]                        PROVIDE (__sbss_end, ABSOLUTE (.))
                [!provide]                        PROVIDE (___sbss_end, ABSOLUTE (.))
 *(.dynbss)
 *(.bss .bss.* .gnu.linkonce.b.*)
 .bss           0x00000000000047f0        0x0 ../audio_1_bsp//obj/HAL/src/crt0.o
 .bss           0x00000000000047f0        0x0 obj/default/hello_world_small.o
 .bss           0x00000000000047f0        0x0 ../audio_1_bsp//libhal_bsp.a(alt_load.o)
 .bss           0x00000000000047f0        0x0 ../audio_1_bsp//libhal_bsp.a(alt_main.o)
 .bss           0x00000000000047f0        0x0 ../audio_1_bsp//libhal_bsp.a(alt_printf.o)
 .bss           0x00000000000047f0        0x0 ../audio_1_bsp//libhal_bsp.a(alt_putchar.o)
 .bss           0x00000000000047f0        0x0 ../audio_1_bsp//libhal_bsp.a(alt_putstr.o)
 .bss           0x00000000000047f0        0x0 ../audio_1_bsp//libhal_bsp.a(alt_sys_init.o)
 .bss           0x00000000000047f0        0x0 ../audio_1_bsp//libhal_bsp.a(altera_avalon_jtag_uart_write.o)
 .bss           0x00000000000047f0        0x0 ../audio_1_bsp//libhal_bsp.a(alt_dcache_flush_all.o)
 .bss           0x00000000000047f0        0x0 ../audio_1_bsp//libhal_bsp.a(alt_dev.o)
 .bss           0x00000000000047f0        0x0 ../audio_1_bsp//libhal_bsp.a(alt_dev_llist_insert.o)
 .bss           0x00000000000047f0        0x0 ../audio_1_bsp//libhal_bsp.a(alt_errno.o)
 .bss           0x00000000000047f0        0x0 ../audio_1_bsp//libhal_bsp.a(alt_icache_flush_all.o)
 .bss           0x00000000000047f0        0x0 ../audio_1_bsp//libhal_bsp.a(altera_nios2_gen2_irq.o)
 .bss           0x00000000000047f0        0x0 /home/isa/intelFPGA_lite/18.1/nios2eds/bin/gnu/H-x86_64-pc-linux-gnu/bin/../lib/gcc/nios2-elf/5.3.0/../../../../../H-x86_64-pc-linux-gnu/nios2-elf/lib/mno-hw-mul/libsmallc.a(lib_a-int_errno.o)
 .bss           0x00000000000047f0        0x0 /home/isa/intelFPGA_lite/18.1/nios2eds/bin/gnu/H-x86_64-pc-linux-gnu/bin/../lib/gcc/nios2-elf/5.3.0/../../../../../H-x86_64-pc-linux-gnu/nios2-elf/lib/mno-hw-mul/libsmallc.a(lib_a-strlen.o)
 *(COMMON)
                0x00000000000047f0                . = ALIGN (0x4)
                0x00000000000047f0                __bss_end = ABSOLUTE (.)

.RAM            0x00000000000047f0        0x0
                [!provide]                        PROVIDE (_alt_partition_RAM_start, ABSOLUTE (.))
 *(.RAM .RAM. RAM.*)
                0x00000000000047f0                . = ALIGN (0x4)
                [!provide]                        PROVIDE (_alt_partition_RAM_end, ABSOLUTE (.))
                0x00000000000047f0                _end = ABSOLUTE (.)
                0x00000000000047f0                end = ABSOLUTE (.)
                0x00000000000047f0                __alt_stack_base = ABSOLUTE (.)
                [!provide]                        PROVIDE (_alt_partition_RAM_load_addr, LOADADDR (.RAM))

.stab
 *(.stab)

.stabstr
 *(.stabstr)

.stab.excl
 *(.stab.excl)

.stab.exclstr
 *(.stab.exclstr)

.stab.index
 *(.stab.index)

.stab.indexstr
 *(.stab.indexstr)

.comment        0x0000000000000000       0x23
 *(.comment)
 .comment       0x0000000000000000       0x23 obj/default/hello_world_small.o
                                         0x24 (size before relaxing)
 .comment       0x0000000000000023       0x24 ../audio_1_bsp//libhal_bsp.a(alt_load.o)
 .comment       0x0000000000000023       0x24 ../audio_1_bsp//libhal_bsp.a(alt_main.o)
 .comment       0x0000000000000023       0x24 ../audio_1_bsp//libhal_bsp.a(alt_printf.o)
 .comment       0x0000000000000023       0x24 ../audio_1_bsp//libhal_bsp.a(alt_putchar.o)
 .comment       0x0000000000000023       0x24 ../audio_1_bsp//libhal_bsp.a(alt_putstr.o)
 .comment       0x0000000000000023       0x24 ../audio_1_bsp//libhal_bsp.a(alt_sys_init.o)
 .comment       0x0000000000000023       0x24 ../audio_1_bsp//libhal_bsp.a(altera_avalon_jtag_uart_write.o)
 .comment       0x0000000000000023       0x24 ../audio_1_bsp//libhal_bsp.a(alt_dcache_flush_all.o)
 .comment       0x0000000000000023       0x24 ../audio_1_bsp//libhal_bsp.a(alt_dev.o)
 .comment       0x0000000000000023       0x24 ../audio_1_bsp//libhal_bsp.a(alt_dev_llist_insert.o)
 .comment       0x0000000000000023       0x24 ../audio_1_bsp//libhal_bsp.a(alt_errno.o)
 .comment       0x0000000000000023       0x24 ../audio_1_bsp//libhal_bsp.a(alt_icache_flush_all.o)
 .comment       0x0000000000000023       0x24 ../audio_1_bsp//libhal_bsp.a(altera_nios2_gen2_irq.o)
 .comment       0x0000000000000023       0x24 /home/isa/intelFPGA_lite/18.1/nios2eds/bin/gnu/H-x86_64-pc-linux-gnu/bin/../lib/gcc/nios2-elf/5.3.0/../../../../../H-x86_64-pc-linux-gnu/nios2-elf/lib/mno-hw-mul/libsmallc.a(lib_a-int_errno.o)
 .comment       0x0000000000000023       0x24 /home/isa/intelFPGA_lite/18.1/nios2eds/bin/gnu/H-x86_64-pc-linux-gnu/bin/../lib/gcc/nios2-elf/5.3.0/../../../../../H-x86_64-pc-linux-gnu/nios2-elf/lib/mno-hw-mul/libsmallc.a(lib_a-strlen.o)

.debug
 *(.debug)

.line
 *(.line)

.debug_srcinfo
 *(.debug_srcinfo)

.debug_sfnames
 *(.debug_sfnames)

.debug_aranges  0x0000000000000000      0x220
 *(.debug_aranges)
 .debug_aranges
                0x0000000000000000       0x28 ../audio_1_bsp//obj/HAL/src/crt0.o
 .debug_aranges
                0x0000000000000028       0x28 obj/default/hello_world_small.o
 .debug_aranges
                0x0000000000000050       0x20 ../audio_1_bsp//libhal_bsp.a(alt_load.o)
 .debug_aranges
                0x0000000000000070       0x20 ../audio_1_bsp//libhal_bsp.a(alt_main.o)
 .debug_aranges
                0x0000000000000090       0x20 ../audio_1_bsp//libhal_bsp.a(alt_printf.o)
 .debug_aranges
                0x00000000000000b0       0x20 ../audio_1_bsp//libhal_bsp.a(alt_putchar.o)
 .debug_aranges
                0x00000000000000d0       0x20 ../audio_1_bsp//libhal_bsp.a(alt_putstr.o)
 .debug_aranges
                0x00000000000000f0       0x20 ../audio_1_bsp//libhal_bsp.a(alt_sys_init.o)
 .debug_aranges
                0x0000000000000110       0x20 ../audio_1_bsp//libhal_bsp.a(altera_avalon_jtag_uart_write.o)
 .debug_aranges
                0x0000000000000130       0x20 ../audio_1_bsp//libhal_bsp.a(alt_dcache_flush_all.o)
 .debug_aranges
                0x0000000000000150       0x20 ../audio_1_bsp//libhal_bsp.a(alt_dev.o)
 .debug_aranges
                0x0000000000000170       0x20 ../audio_1_bsp//libhal_bsp.a(alt_dev_llist_insert.o)
 .debug_aranges
                0x0000000000000190       0x18 ../audio_1_bsp//libhal_bsp.a(alt_errno.o)
 .debug_aranges
                0x00000000000001a8       0x20 ../audio_1_bsp//libhal_bsp.a(alt_icache_flush_all.o)
 .debug_aranges
                0x00000000000001c8       0x20 ../audio_1_bsp//libhal_bsp.a(altera_nios2_gen2_irq.o)
 .debug_aranges
                0x00000000000001e8       0x18 /home/isa/intelFPGA_lite/18.1/nios2eds/bin/gnu/H-x86_64-pc-linux-gnu/bin/../lib/gcc/nios2-elf/5.3.0/../../../../../H-x86_64-pc-linux-gnu/nios2-elf/lib/mno-hw-mul/libsmallc.a(lib_a-int_errno.o)
 .debug_aranges
                0x0000000000000200       0x20 /home/isa/intelFPGA_lite/18.1/nios2eds/bin/gnu/H-x86_64-pc-linux-gnu/bin/../lib/gcc/nios2-elf/5.3.0/../../../../../H-x86_64-pc-linux-gnu/nios2-elf/lib/mno-hw-mul/libsmallc.a(lib_a-strlen.o)

.debug_pubnames
 *(.debug_pubnames)

.debug_info     0x0000000000000000     0x1aa5
 *(.debug_info .gnu.linkonce.wi.*)
 .debug_info    0x0000000000000000       0x6d ../audio_1_bsp//obj/HAL/src/crt0.o
 .debug_info    0x000000000000006d      0x226 obj/default/hello_world_small.o
 .debug_info    0x0000000000000293      0x1c9 ../audio_1_bsp//libhal_bsp.a(alt_load.o)
 .debug_info    0x000000000000045c      0x18f ../audio_1_bsp//libhal_bsp.a(alt_main.o)
 .debug_info    0x00000000000005eb      0x14d ../audio_1_bsp//libhal_bsp.a(alt_printf.o)
 .debug_info    0x0000000000000738      0x12a ../audio_1_bsp//libhal_bsp.a(alt_putchar.o)
 .debug_info    0x0000000000000862      0x13a ../audio_1_bsp//libhal_bsp.a(alt_putstr.o)
 .debug_info    0x000000000000099c      0x53b ../audio_1_bsp//libhal_bsp.a(alt_sys_init.o)
 .debug_info    0x0000000000000ed7      0x1ad ../audio_1_bsp//libhal_bsp.a(altera_avalon_jtag_uart_write.o)
 .debug_info    0x0000000000001084       0x92 ../audio_1_bsp//libhal_bsp.a(alt_dcache_flush_all.o)
 .debug_info    0x0000000000001116      0x499 ../audio_1_bsp//libhal_bsp.a(alt_dev.o)
 .debug_info    0x00000000000015af      0x1b3 ../audio_1_bsp//libhal_bsp.a(alt_dev_llist_insert.o)
 .debug_info    0x0000000000001762       0xa6 ../audio_1_bsp//libhal_bsp.a(alt_errno.o)
 .debug_info    0x0000000000001808       0x92 ../audio_1_bsp//libhal_bsp.a(alt_icache_flush_all.o)
 .debug_info    0x000000000000189a       0xb8 ../audio_1_bsp//libhal_bsp.a(altera_nios2_gen2_irq.o)
 .debug_info    0x0000000000001952       0x8a /home/isa/intelFPGA_lite/18.1/nios2eds/bin/gnu/H-x86_64-pc-linux-gnu/bin/../lib/gcc/nios2-elf/5.3.0/../../../../../H-x86_64-pc-linux-gnu/nios2-elf/lib/mno-hw-mul/libsmallc.a(lib_a-int_errno.o)
 .debug_info    0x00000000000019dc       0xc9 /home/isa/intelFPGA_lite/18.1/nios2eds/bin/gnu/H-x86_64-pc-linux-gnu/bin/../lib/gcc/nios2-elf/5.3.0/../../../../../H-x86_64-pc-linux-gnu/nios2-elf/lib/mno-hw-mul/libsmallc.a(lib_a-strlen.o)

.debug_abbrev   0x0000000000000000      0xc0f
 *(.debug_abbrev)
 .debug_abbrev  0x0000000000000000       0x12 ../audio_1_bsp//obj/HAL/src/crt0.o
 .debug_abbrev  0x0000000000000012      0x10f obj/default/hello_world_small.o
 .debug_abbrev  0x0000000000000121       0xd8 ../audio_1_bsp//libhal_bsp.a(alt_load.o)
 .debug_abbrev  0x00000000000001f9       0xf5 ../audio_1_bsp//libhal_bsp.a(alt_main.o)
 .debug_abbrev  0x00000000000002ee       0xd5 ../audio_1_bsp//libhal_bsp.a(alt_printf.o)
 .debug_abbrev  0x00000000000003c3       0xd2 ../audio_1_bsp//libhal_bsp.a(alt_putchar.o)
 .debug_abbrev  0x0000000000000495       0xd3 ../audio_1_bsp//libhal_bsp.a(alt_putstr.o)
 .debug_abbrev  0x0000000000000568      0x1e2 ../audio_1_bsp//libhal_bsp.a(alt_sys_init.o)
 .debug_abbrev  0x000000000000074a       0xd5 ../audio_1_bsp//libhal_bsp.a(altera_avalon_jtag_uart_write.o)
 .debug_abbrev  0x000000000000081f       0x42 ../audio_1_bsp//libhal_bsp.a(alt_dcache_flush_all.o)
 .debug_abbrev  0x0000000000000861       0xd9 ../audio_1_bsp//libhal_bsp.a(alt_dev.o)
 .debug_abbrev  0x000000000000093a      0x11c ../audio_1_bsp//libhal_bsp.a(alt_dev_llist_insert.o)
 .debug_abbrev  0x0000000000000a56       0x5a ../audio_1_bsp//libhal_bsp.a(alt_errno.o)
 .debug_abbrev  0x0000000000000ab0       0x42 ../audio_1_bsp//libhal_bsp.a(alt_icache_flush_all.o)
 .debug_abbrev  0x0000000000000af2       0x67 ../audio_1_bsp//libhal_bsp.a(altera_nios2_gen2_irq.o)
 .debug_abbrev  0x0000000000000b59       0x37 /home/isa/intelFPGA_lite/18.1/nios2eds/bin/gnu/H-x86_64-pc-linux-gnu/bin/../lib/gcc/nios2-elf/5.3.0/../../../../../H-x86_64-pc-linux-gnu/nios2-elf/lib/mno-hw-mul/libsmallc.a(lib_a-int_errno.o)
 .debug_abbrev  0x0000000000000b90       0x7f /home/isa/intelFPGA_lite/18.1/nios2eds/bin/gnu/H-x86_64-pc-linux-gnu/bin/../lib/gcc/nios2-elf/5.3.0/../../../../../H-x86_64-pc-linux-gnu/nios2-elf/lib/mno-hw-mul/libsmallc.a(lib_a-strlen.o)

.debug_line     0x0000000000000000      0xcc3
 *(.debug_line)
 .debug_line    0x0000000000000000       0x66 ../audio_1_bsp//obj/HAL/src/crt0.o
 .debug_line    0x0000000000000066       0xfd obj/default/hello_world_small.o
 .debug_line    0x0000000000000163       0xa4 ../audio_1_bsp//libhal_bsp.a(alt_load.o)
 .debug_line    0x0000000000000207       0xea ../audio_1_bsp//libhal_bsp.a(alt_main.o)
 .debug_line    0x00000000000002f1      0x11e ../audio_1_bsp//libhal_bsp.a(alt_printf.o)
 .debug_line    0x000000000000040f       0x55 ../audio_1_bsp//libhal_bsp.a(alt_putchar.o)
 .debug_line    0x0000000000000464       0xac ../audio_1_bsp//libhal_bsp.a(alt_putstr.o)
 .debug_line    0x0000000000000510      0x1a1 ../audio_1_bsp//libhal_bsp.a(alt_sys_init.o)
 .debug_line    0x00000000000006b1      0x104 ../audio_1_bsp//libhal_bsp.a(altera_avalon_jtag_uart_write.o)
 .debug_line    0x00000000000007b5       0x4e ../audio_1_bsp//libhal_bsp.a(alt_dcache_flush_all.o)
 .debug_line    0x0000000000000803      0x102 ../audio_1_bsp//libhal_bsp.a(alt_dev.o)
 .debug_line    0x0000000000000905       0xd8 ../audio_1_bsp//libhal_bsp.a(alt_dev_llist_insert.o)
 .debug_line    0x00000000000009dd       0x51 ../audio_1_bsp//libhal_bsp.a(alt_errno.o)
 .debug_line    0x0000000000000a2e       0x4e ../audio_1_bsp//libhal_bsp.a(alt_icache_flush_all.o)
 .debug_line    0x0000000000000a7c       0x8c ../audio_1_bsp//libhal_bsp.a(altera_nios2_gen2_irq.o)
 .debug_line    0x0000000000000b08       0x5f /home/isa/intelFPGA_lite/18.1/nios2eds/bin/gnu/H-x86_64-pc-linux-gnu/bin/../lib/gcc/nios2-elf/5.3.0/../../../../../H-x86_64-pc-linux-gnu/nios2-elf/lib/mno-hw-mul/libsmallc.a(lib_a-int_errno.o)
 .debug_line    0x0000000000000b67      0x15c /home/isa/intelFPGA_lite/18.1/nios2eds/bin/gnu/H-x86_64-pc-linux-gnu/bin/../lib/gcc/nios2-elf/5.3.0/../../../../../H-x86_64-pc-linux-gnu/nios2-elf/lib/mno-hw-mul/libsmallc.a(lib_a-strlen.o)

.debug_frame    0x0000000000000000      0x294
 *(.debug_frame)
 .debug_frame   0x0000000000000000       0x4c obj/default/hello_world_small.o
 .debug_frame   0x000000000000004c       0x30 ../audio_1_bsp//libhal_bsp.a(alt_load.o)
 .debug_frame   0x000000000000007c       0x2c ../audio_1_bsp//libhal_bsp.a(alt_main.o)
 .debug_frame   0x00000000000000a8       0x54 ../audio_1_bsp//libhal_bsp.a(alt_printf.o)
 .debug_frame   0x00000000000000fc       0x30 ../audio_1_bsp//libhal_bsp.a(alt_putchar.o)
 .debug_frame   0x000000000000012c       0x30 ../audio_1_bsp//libhal_bsp.a(alt_putstr.o)
 .debug_frame   0x000000000000015c       0x4c ../audio_1_bsp//libhal_bsp.a(alt_sys_init.o)
 .debug_frame   0x00000000000001a8       0x20 ../audio_1_bsp//libhal_bsp.a(altera_avalon_jtag_uart_write.o)
 .debug_frame   0x00000000000001c8       0x20 ../audio_1_bsp//libhal_bsp.a(alt_dcache_flush_all.o)
 .debug_frame   0x00000000000001e8       0x20 ../audio_1_bsp//libhal_bsp.a(alt_dev.o)
 .debug_frame   0x0000000000000208       0x2c ../audio_1_bsp//libhal_bsp.a(alt_dev_llist_insert.o)
 .debug_frame   0x0000000000000234       0x20 ../audio_1_bsp//libhal_bsp.a(alt_icache_flush_all.o)
 .debug_frame   0x0000000000000254       0x20 ../audio_1_bsp//libhal_bsp.a(altera_nios2_gen2_irq.o)
 .debug_frame   0x0000000000000274       0x20 /home/isa/intelFPGA_lite/18.1/nios2eds/bin/gnu/H-x86_64-pc-linux-gnu/bin/../lib/gcc/nios2-elf/5.3.0/../../../../../H-x86_64-pc-linux-gnu/nios2-elf/lib/mno-hw-mul/libsmallc.a(lib_a-strlen.o)

.debug_str      0x0000000000000000      0xabd
 *(.debug_str)
 .debug_str     0x0000000000000000      0x1b1 obj/default/hello_world_small.o
                                        0x1ef (size before relaxing)
 .debug_str     0x00000000000001b1      0x14c ../audio_1_bsp//libhal_bsp.a(alt_load.o)
                                        0x23b (size before relaxing)
 .debug_str     0x00000000000002fd       0x8f ../audio_1_bsp//libhal_bsp.a(alt_main.o)
                                        0x1dd (size before relaxing)
 .debug_str     0x000000000000038c       0x59 ../audio_1_bsp//libhal_bsp.a(alt_printf.o)
                                        0x105 (size before relaxing)
 .debug_str     0x00000000000003e5       0x59 ../audio_1_bsp//libhal_bsp.a(alt_putchar.o)
                                        0x185 (size before relaxing)
 .debug_str     0x000000000000043e       0x1c ../audio_1_bsp//libhal_bsp.a(alt_putstr.o)
                                        0x18a (size before relaxing)
 .debug_str     0x000000000000045a      0x236 ../audio_1_bsp//libhal_bsp.a(alt_sys_init.o)
                                        0x40a (size before relaxing)
 .debug_str     0x0000000000000690       0x32 ../audio_1_bsp//libhal_bsp.a(altera_avalon_jtag_uart_write.o)
                                        0x235 (size before relaxing)
 .debug_str     0x00000000000006c2       0x1f ../audio_1_bsp//libhal_bsp.a(alt_dcache_flush_all.o)
                                        0x154 (size before relaxing)
 .debug_str     0x00000000000006e1      0x12c ../audio_1_bsp//libhal_bsp.a(alt_dev.o)
                                        0x304 (size before relaxing)
 .debug_str     0x000000000000080d       0x4e ../audio_1_bsp//libhal_bsp.a(alt_dev_llist_insert.o)
                                        0x1cb (size before relaxing)
 .debug_str     0x000000000000085b       0x14 ../audio_1_bsp//libhal_bsp.a(alt_errno.o)
                                        0x144 (size before relaxing)
 .debug_str     0x000000000000086f       0x1f ../audio_1_bsp//libhal_bsp.a(alt_icache_flush_all.o)
                                        0x154 (size before relaxing)
 .debug_str     0x000000000000088e       0x20 ../audio_1_bsp//libhal_bsp.a(altera_nios2_gen2_irq.o)
                                        0x184 (size before relaxing)
 .debug_str     0x00000000000008ae      0x135 /home/isa/intelFPGA_lite/18.1/nios2eds/bin/gnu/H-x86_64-pc-linux-gnu/bin/../lib/gcc/nios2-elf/5.3.0/../../../../../H-x86_64-pc-linux-gnu/nios2-elf/lib/mno-hw-mul/libsmallc.a(lib_a-int_errno.o)
                                        0x1d9 (size before relaxing)
 .debug_str     0x00000000000009e3       0xda /home/isa/intelFPGA_lite/18.1/nios2eds/bin/gnu/H-x86_64-pc-linux-gnu/bin/../lib/gcc/nios2-elf/5.3.0/../../../../../H-x86_64-pc-linux-gnu/nios2-elf/lib/mno-hw-mul/libsmallc.a(lib_a-strlen.o)
                                        0x1e6 (size before relaxing)

.debug_loc      0x0000000000000000      0x3c2
 *(.debug_loc)
 .debug_loc     0x0000000000000000       0x21 obj/default/hello_world_small.o
 .debug_loc     0x0000000000000021      0x1de ../audio_1_bsp//libhal_bsp.a(alt_printf.o)
 .debug_loc     0x00000000000001ff       0x2c ../audio_1_bsp//libhal_bsp.a(alt_putchar.o)
 .debug_loc     0x000000000000022b       0x37 ../audio_1_bsp//libhal_bsp.a(alt_putstr.o)
 .debug_loc     0x0000000000000262       0x39 ../audio_1_bsp//libhal_bsp.a(alt_sys_init.o)
 .debug_loc     0x000000000000029b       0x8b ../audio_1_bsp//libhal_bsp.a(altera_avalon_jtag_uart_write.o)
 .debug_loc     0x0000000000000326       0x7e ../audio_1_bsp//libhal_bsp.a(alt_dev_llist_insert.o)
 .debug_loc     0x00000000000003a4       0x1e /home/isa/intelFPGA_lite/18.1/nios2eds/bin/gnu/H-x86_64-pc-linux-gnu/bin/../lib/gcc/nios2-elf/5.3.0/../../../../../H-x86_64-pc-linux-gnu/nios2-elf/lib/mno-hw-mul/libsmallc.a(lib_a-strlen.o)

.debug_macinfo
 *(.debug_macinfo)

.debug_weaknames
 *(.debug_weaknames)

.debug_funcnames
 *(.debug_funcnames)

.debug_typenames
 *(.debug_typenames)

.debug_varnames
 *(.debug_varnames)

.debug_alt_sim_info
                0x0000000000000000       0x10
 *(.debug_alt_sim_info)
 .debug_alt_sim_info
                0x0000000000000000       0x10 ../audio_1_bsp//obj/HAL/src/crt0.o
                0x0000000000008000                __alt_data_end = 0x8000
                0x0000000000008000                PROVIDE (__alt_stack_pointer, __alt_data_end)
                [!provide]                        PROVIDE (__alt_stack_limit, __alt_stack_base)
                [!provide]                        PROVIDE (__alt_heap_start, end)
                [!provide]                        PROVIDE (__alt_heap_limit, 0x8000)
OUTPUT(audio_1.elf elf32-littlenios2)

.debug_ranges   0x0000000000000000       0xf8
 .debug_ranges  0x0000000000000000       0x20 ../audio_1_bsp//obj/HAL/src/crt0.o
 .debug_ranges  0x0000000000000020       0x18 obj/default/hello_world_small.o
 .debug_ranges  0x0000000000000038       0x48 ../audio_1_bsp//libhal_bsp.a(alt_load.o)
 .debug_ranges  0x0000000000000080       0x18 ../audio_1_bsp//libhal_bsp.a(alt_printf.o)
 .debug_ranges  0x0000000000000098       0x30 ../audio_1_bsp//libhal_bsp.a(alt_sys_init.o)
 .debug_ranges  0x00000000000000c8       0x20 ../audio_1_bsp//libhal_bsp.a(alt_dev_llist_insert.o)
 .debug_ranges  0x00000000000000e8       0x10 /home/isa/intelFPGA_lite/18.1/nios2eds/bin/gnu/H-x86_64-pc-linux-gnu/bin/../lib/gcc/nios2-elf/5.3.0/../../../../../H-x86_64-pc-linux-gnu/nios2-elf/lib/mno-hw-mul/libsmallc.a(lib_a-strlen.o)
