Archive member included to satisfy reference by file (symbol)

/home/dylanggf/intelFPGA_lite/18.1/nios2eds/bin/gnu/H-x86_64-pc-linux-gnu/bin/../lib/gcc/nios2-elf/5.3.0/mno-hw-mul/libgcc.a(lib2-divmod.o)
                              obj/default/hello_world_small.o (__udivsi3)
/home/dylanggf/intelFPGA_lite/18.1/nios2eds/bin/gnu/H-x86_64-pc-linux-gnu/bin/../lib/gcc/nios2-elf/5.3.0/mno-hw-mul/libgcc.a(lib2-mul.o)
                              obj/default/hello_world_small.o (__mulsi3)
/home/dylanggf/intelFPGA_lite/18.1/nios2eds/bin/gnu/H-x86_64-pc-linux-gnu/bin/../lib/gcc/nios2-elf/5.3.0/../../../../../H-x86_64-pc-linux-gnu/nios2-elf/lib/mno-hw-mul/libsmallc.a(lib_a-strlen.o)
                              obj/default/hello_world_small.o (strlen)
../AudioReproductor_bsp//libhal_bsp.a(alt_irq_register.o)
                              obj/default/hello_world_small.o (alt_irq_register)
../AudioReproductor_bsp//libhal_bsp.a(alt_irq_vars.o)
                              ../AudioReproductor_bsp//libhal_bsp.a(alt_irq_register.o) (alt_irq_active)
../AudioReproductor_bsp//libhal_bsp.a(alt_load.o)
                              ../AudioReproductor_bsp//obj/HAL/src/crt0.o (alt_load)
../AudioReproductor_bsp//libhal_bsp.a(alt_main.o)
                              ../AudioReproductor_bsp//obj/HAL/src/crt0.o (alt_main)
../AudioReproductor_bsp//libhal_bsp.a(alt_printf.o)
                              obj/default/hello_world_small.o (alt_printf)
../AudioReproductor_bsp//libhal_bsp.a(alt_putchar.o)
                              ../AudioReproductor_bsp//libhal_bsp.a(alt_printf.o) (alt_putchar)
../AudioReproductor_bsp//libhal_bsp.a(alt_sys_init.o)
                              ../AudioReproductor_bsp//libhal_bsp.a(alt_main.o) (alt_irq_init)
../AudioReproductor_bsp//libhal_bsp.a(altera_avalon_jtag_uart_write.o)
                              ../AudioReproductor_bsp//libhal_bsp.a(alt_putchar.o) (altera_avalon_jtag_uart_write)
../AudioReproductor_bsp//libhal_bsp.a(altera_up_avalon_video_character_buffer_with_dma.o)
                              ../AudioReproductor_bsp//libhal_bsp.a(alt_sys_init.o) (alt_up_char_buffer_init)
../AudioReproductor_bsp//libhal_bsp.a(alt_dcache_flush_all.o)
                              ../AudioReproductor_bsp//libhal_bsp.a(alt_load.o) (alt_dcache_flush_all)
../AudioReproductor_bsp//libhal_bsp.a(alt_dev.o)
                              ../AudioReproductor_bsp//libhal_bsp.a(alt_sys_init.o) (alt_dev_list)
../AudioReproductor_bsp//libhal_bsp.a(alt_dev_llist_insert.o)
                              ../AudioReproductor_bsp//libhal_bsp.a(alt_sys_init.o) (alt_dev_llist_insert)
../AudioReproductor_bsp//libhal_bsp.a(alt_errno.o)
                              ../AudioReproductor_bsp//libhal_bsp.a(alt_dev_llist_insert.o) (alt_errno)
../AudioReproductor_bsp//libhal_bsp.a(alt_find_dev.o)
                              ../AudioReproductor_bsp//libhal_bsp.a(altera_up_avalon_video_character_buffer_with_dma.o) (alt_find_dev)
../AudioReproductor_bsp//libhal_bsp.a(alt_icache_flush_all.o)
                              ../AudioReproductor_bsp//libhal_bsp.a(alt_load.o) (alt_icache_flush_all)
../AudioReproductor_bsp//libhal_bsp.a(alt_irq_entry.o)
                              ../AudioReproductor_bsp//libhal_bsp.a(alt_irq_register.o) (alt_irq_entry)
../AudioReproductor_bsp//libhal_bsp.a(alt_irq_handler.o)
                              ../AudioReproductor_bsp//libhal_bsp.a(alt_irq_register.o) (alt_irq_handler)
../AudioReproductor_bsp//libhal_bsp.a(altera_nios2_gen2_irq.o)
                              ../AudioReproductor_bsp//libhal_bsp.a(alt_sys_init.o) (altera_nios2_gen2_irq_init)
../AudioReproductor_bsp//libhal_bsp.a(alt_exception_entry.o)
                              ../AudioReproductor_bsp//libhal_bsp.a(alt_irq_entry.o) (alt_exception)
../AudioReproductor_bsp//libhal_bsp.a(alt_instruction_exception_entry.o)
                              ../AudioReproductor_bsp//libhal_bsp.a(alt_exception_entry.o) (alt_instruction_exception_entry)
/home/dylanggf/intelFPGA_lite/18.1/nios2eds/bin/gnu/H-x86_64-pc-linux-gnu/bin/../lib/gcc/nios2-elf/5.3.0/../../../../../H-x86_64-pc-linux-gnu/nios2-elf/lib/mno-hw-mul/libsmallc.a(lib_a-int_errno.o)
                              ../AudioReproductor_bsp//libhal_bsp.a(alt_dev_llist_insert.o) (errno)
/home/dylanggf/intelFPGA_lite/18.1/nios2eds/bin/gnu/H-x86_64-pc-linux-gnu/bin/../lib/gcc/nios2-elf/5.3.0/../../../../../H-x86_64-pc-linux-gnu/nios2-elf/lib/mno-hw-mul/libsmallc.a(lib_a-memcmp.o)
                              ../AudioReproductor_bsp//libhal_bsp.a(alt_find_dev.o) (memcmp)
/home/dylanggf/intelFPGA_lite/18.1/nios2eds/bin/gnu/H-x86_64-pc-linux-gnu/bin/../lib/gcc/nios2-elf/5.3.0/../../../../../H-x86_64-pc-linux-gnu/nios2-elf/lib/mno-hw-mul/libsmallc.a(lib_a-strcmp.o)
                              ../AudioReproductor_bsp//libhal_bsp.a(altera_up_avalon_video_character_buffer_with_dma.o) (strcmp)

Allocating common symbols
Common symbol       size              file

alt_irq             0x100             ../AudioReproductor_bsp//libhal_bsp.a(alt_irq_handler.o)
errno               0x4               /home/dylanggf/intelFPGA_lite/18.1/nios2eds/bin/gnu/H-x86_64-pc-linux-gnu/bin/../lib/gcc/nios2-elf/5.3.0/../../../../../H-x86_64-pc-linux-gnu/nios2-elf/lib/mno-hw-mul/libsmallc.a(lib_a-int_errno.o)
elapsed_ms          0x4               obj/default/hello_world_small.o

Memory Configuration

Name             Origin             Length             Attributes
reset            0x0000000000008000 0x0000000000000020
RAM              0x0000000000008020 0x0000000000007fe0
*default*        0x0000000000000000 0xffffffffffffffff

Linker script and memory map

LOAD ../AudioReproductor_bsp//obj/HAL/src/crt0.o
LOAD obj/default/hello_world_small.o
LOAD /home/dylanggf/intelFPGA_lite/18.1/nios2eds/bin/gnu/H-x86_64-pc-linux-gnu/bin/../lib/gcc/nios2-elf/5.3.0/../../../../../H-x86_64-pc-linux-gnu/nios2-elf/lib/mno-hw-mul/libstdc++.a
LOAD /home/dylanggf/intelFPGA_lite/18.1/nios2eds/bin/gnu/H-x86_64-pc-linux-gnu/bin/../lib/gcc/nios2-elf/5.3.0/../../../../../H-x86_64-pc-linux-gnu/nios2-elf/lib/mno-hw-mul/libm.a
LOAD /home/dylanggf/intelFPGA_lite/18.1/nios2eds/bin/gnu/H-x86_64-pc-linux-gnu/bin/../lib/gcc/nios2-elf/5.3.0/mno-hw-mul/libgcc.a
START GROUP
LOAD /home/dylanggf/intelFPGA_lite/18.1/nios2eds/bin/gnu/H-x86_64-pc-linux-gnu/bin/../lib/gcc/nios2-elf/5.3.0/../../../../../H-x86_64-pc-linux-gnu/nios2-elf/lib/mno-hw-mul/libsmallc.a
LOAD /home/dylanggf/intelFPGA_lite/18.1/nios2eds/bin/gnu/H-x86_64-pc-linux-gnu/bin/../lib/gcc/nios2-elf/5.3.0/mno-hw-mul/libgcc.a
LOAD ../AudioReproductor_bsp//libhal_bsp.a
LOAD /home/dylanggf/intelFPGA_lite/18.1/nios2eds/bin/gnu/H-x86_64-pc-linux-gnu/bin/../lib/gcc/nios2-elf/5.3.0/../../../../../H-x86_64-pc-linux-gnu/nios2-elf/lib/mno-hw-mul/libm.a
END GROUP
LOAD /home/dylanggf/intelFPGA_lite/18.1/nios2eds/bin/gnu/H-x86_64-pc-linux-gnu/bin/../lib/gcc/nios2-elf/5.3.0/mno-hw-mul/libgcc.a
                0x0000000000008000                __alt_mem_RAM = 0x8000

.entry          0x0000000000008000       0x20
 *(.entry)
 .entry         0x0000000000008000       0x20 ../AudioReproductor_bsp//obj/HAL/src/crt0.o
                0x0000000000008000                __reset
                0x000000000000800c                _exit

.exceptions     0x0000000000008020      0x160
                0x0000000000008020                PROVIDE (__ram_exceptions_start, ABSOLUTE (.))
                0x0000000000008020                . = ALIGN (0x20)
 *(.irq)
 *(.exceptions.entry.label)
 .exceptions.entry.label
                0x0000000000008020        0x0 ../AudioReproductor_bsp//libhal_bsp.a(alt_irq_entry.o)
                0x0000000000008020                alt_irq_entry
 .exceptions.entry.label
                0x0000000000008020        0x0 ../AudioReproductor_bsp//libhal_bsp.a(alt_exception_entry.o)
                0x0000000000008020                alt_exception
 *(.exceptions.entry.user)
 *(.exceptions.entry.ecc_fatal)
 *(.exceptions.entry)
 .exceptions.entry
                0x0000000000008020       0x54 ../AudioReproductor_bsp//libhal_bsp.a(alt_exception_entry.o)
 *(.exceptions.irqtest.user)
 *(.exceptions.irqtest)
 .exceptions.irqtest
                0x0000000000008074       0x10 ../AudioReproductor_bsp//libhal_bsp.a(alt_irq_entry.o)
 *(.exceptions.irqhandler.user)
 *(.exceptions.irqhandler)
 .exceptions.irqhandler
                0x0000000000008084        0x4 ../AudioReproductor_bsp//libhal_bsp.a(alt_irq_entry.o)
 *(.exceptions.irqreturn.user)
 *(.exceptions.irqreturn)
 .exceptions.irqreturn
                0x0000000000008088        0x4 ../AudioReproductor_bsp//libhal_bsp.a(alt_irq_entry.o)
 *(.exceptions.notirq.label)
 .exceptions.notirq.label
                0x000000000000808c        0x0 ../AudioReproductor_bsp//libhal_bsp.a(alt_irq_entry.o)
 *(.exceptions.notirq.user)
 *(.exceptions.notirq)
 .exceptions.notirq
                0x000000000000808c        0x8 ../AudioReproductor_bsp//libhal_bsp.a(alt_exception_entry.o)
 *(.exceptions.soft.user)
 *(.exceptions.soft)
 *(.exceptions.unknown.user)
 *(.exceptions.unknown)
 .exceptions.unknown
                0x0000000000008094       0x14 ../AudioReproductor_bsp//libhal_bsp.a(alt_exception_entry.o)
 *(.exceptions.exit.label)
 .exceptions.exit.label
                0x00000000000080a8        0x0 ../AudioReproductor_bsp//libhal_bsp.a(alt_irq_entry.o)
 .exceptions.exit.label
                0x00000000000080a8        0x0 ../AudioReproductor_bsp//libhal_bsp.a(alt_exception_entry.o)
 *(.exceptions.exit.user)
 *(.exceptions.exit)
 .exceptions.exit
                0x00000000000080a8       0x54 ../AudioReproductor_bsp//libhal_bsp.a(alt_exception_entry.o)
 *(.exceptions)
 .exceptions    0x00000000000080fc       0x60 ../AudioReproductor_bsp//libhal_bsp.a(alt_irq_handler.o)
                0x00000000000080fc                alt_irq_handler
 .exceptions    0x000000000000815c       0x24 ../AudioReproductor_bsp//libhal_bsp.a(alt_instruction_exception_entry.o)
                0x000000000000815c                alt_instruction_exception_entry
                0x0000000000008180                PROVIDE (__ram_exceptions_end, ABSOLUTE (.))
                0x0000000000008020                PROVIDE (__flash_exceptions_start, LOADADDR (.exceptions))

.text           0x0000000000008180      0xfa4
                [!provide]                        PROVIDE (stext, ABSOLUTE (.))
 *(.interp)
 *(.hash)
 *(.dynsym)
 *(.dynstr)
 *(.gnu.version)
 *(.gnu.version_d)
 *(.gnu.version_r)
 *(.rel.init)
 *(.rela.init)
 *(.rel.text .rel.text.* .rel.gnu.linkonce.t.*)
 *(.rela.text .rela.text.* .rela.gnu.linkonce.t.*)
 *(.rel.fini)
 *(.rela.fini)
 *(.rel.rodata .rel.rodata.* .rel.gnu.linkonce.r.*)
 *(.rela.rodata .rela.rodata.* .rela.gnu.linkonce.r.*)
 *(.rel.data .rel.data.* .rel.gnu.linkonce.d.*)
 *(.rela.data .rela.data.* .rela.gnu.linkonce.d.*)
 *(.rel.tdata .rel.tdata.* .rel.gnu.linkonce.td.*)
 *(.rela.tdata .rela.tdata.* .rela.gnu.linkonce.td.*)
 *(.rel.tbss .rel.tbss.* .rel.gnu.linkonce.tb.*)
 *(.rela.tbss .rela.tbss.* .rela.gnu.linkonce.tb.*)
 *(.rel.ctors)
 *(.rela.ctors)
 *(.rel.dtors)
 *(.rela.dtors)
 *(.rel.got)
 *(.rela.got)
 *(.rel.sdata .rel.sdata.* .rel.gnu.linkonce.s.*)
 *(.rela.sdata .rela.sdata.* .rela.gnu.linkonce.s.*)
 *(.rel.sbss .rel.sbss.* .rel.gnu.linkonce.sb.*)
 *(.rela.sbss .rela.sbss.* .rela.gnu.linkonce.sb.*)
 *(.rel.sdata2 .rel.sdata2.* .rel.gnu.linkonce.s2.*)
 *(.rela.sdata2 .rela.sdata2.* .rela.gnu.linkonce.s2.*)
 *(.rel.sbss2 .rel.sbss2.* .rel.gnu.linkonce.sb2.*)
 *(.rela.sbss2 .rela.sbss2.* .rela.gnu.linkonce.sb2.*)
 *(.rel.bss .rel.bss.* .rel.gnu.linkonce.b.*)
 *(.rela.bss .rela.bss.* .rela.gnu.linkonce.b.*)
 *(.rel.plt)
 *(.rela.plt)
 *(.rel.dyn)
 *(.init)
 *(.plt)
 *(.text .stub .text.* .gnu.linkonce.t.*)
 .text          0x0000000000008180       0x3c ../AudioReproductor_bsp//obj/HAL/src/crt0.o
                0x0000000000008180                _start
 .text          0x00000000000081bc      0x454 obj/default/hello_world_small.o
                0x00000000000081bc                decoder7seg
                0x00000000000081e0                update_display
                0x00000000000082c0                timer_ir_handler
                0x0000000000008334                init_audio
                0x0000000000008350                get_fifo_space
                0x0000000000008360                write_audio_sample
                0x00000000000083a4                write_audio_sample_from_buf
                0x00000000000083f4                fill_wave_buffer
                0x00000000000084f0                init_message_ram
                0x0000000000008540                vga_show_from_ram
 .text.startup  0x0000000000008610      0x1d8 obj/default/hello_world_small.o
                0x0000000000008610                main
 .text          0x00000000000087e8      0x1b4 /home/dylanggf/intelFPGA_lite/18.1/nios2eds/bin/gnu/H-x86_64-pc-linux-gnu/bin/../lib/gcc/nios2-elf/5.3.0/mno-hw-mul/libgcc.a(lib2-divmod.o)
                0x00000000000087e8                __divsi3
                0x000000000000886c                __modsi3
                0x00000000000088e0                __udivsi3
                0x0000000000008944                __umodsi3
 .text          0x000000000000899c       0x28 /home/dylanggf/intelFPGA_lite/18.1/nios2eds/bin/gnu/H-x86_64-pc-linux-gnu/bin/../lib/gcc/nios2-elf/5.3.0/mno-hw-mul/libgcc.a(lib2-mul.o)
                0x000000000000899c                __mulsi3
 .text          0x00000000000089c4        0x0 /home/dylanggf/intelFPGA_lite/18.1/nios2eds/bin/gnu/H-x86_64-pc-linux-gnu/bin/../lib/gcc/nios2-elf/5.3.0/../../../../../H-x86_64-pc-linux-gnu/nios2-elf/lib/mno-hw-mul/libsmallc.a(lib_a-strlen.o)
 .text.strlen   0x00000000000089c4       0x1c /home/dylanggf/intelFPGA_lite/18.1/nios2eds/bin/gnu/H-x86_64-pc-linux-gnu/bin/../lib/gcc/nios2-elf/5.3.0/../../../../../H-x86_64-pc-linux-gnu/nios2-elf/lib/mno-hw-mul/libsmallc.a(lib_a-strlen.o)
                0x00000000000089c4                strlen
 .text          0x00000000000089e0       0x94 ../AudioReproductor_bsp//libhal_bsp.a(alt_irq_register.o)
                0x00000000000089e0                alt_irq_register
 .text          0x0000000000008a74        0x0 ../AudioReproductor_bsp//libhal_bsp.a(alt_irq_vars.o)
 .text          0x0000000000008a74       0xe0 ../AudioReproductor_bsp//libhal_bsp.a(alt_load.o)
                0x0000000000008a74                alt_load
 .text          0x0000000000008b54       0x2c ../AudioReproductor_bsp//libhal_bsp.a(alt_main.o)
                0x0000000000008b54                alt_main
 .text          0x0000000000008b80      0x170 ../AudioReproductor_bsp//libhal_bsp.a(alt_printf.o)
                0x0000000000008b80                alt_printf
 .text          0x0000000000008cf0       0x48 ../AudioReproductor_bsp//libhal_bsp.a(alt_putchar.o)
                0x0000000000008cf0                alt_putchar
 .text          0x0000000000008d38       0xb4 ../AudioReproductor_bsp//libhal_bsp.a(alt_sys_init.o)
                0x0000000000008d38                alt_irq_init
                0x0000000000008d58                alt_sys_init
 .text          0x0000000000008dec       0x34 ../AudioReproductor_bsp//libhal_bsp.a(altera_avalon_jtag_uart_write.o)
                0x0000000000008dec                altera_avalon_jtag_uart_write
 .text          0x0000000000008e20      0x130 ../AudioReproductor_bsp//libhal_bsp.a(altera_up_avalon_video_character_buffer_with_dma.o)
                0x0000000000008e20                alt_up_char_buffer_init
                0x0000000000008e6c                alt_up_char_buffer_open_dev
                0x0000000000008e74                alt_up_char_buffer_draw
                0x0000000000008ec4                alt_up_char_buffer_string
                0x0000000000008f30                alt_up_char_buffer_clear
 .text          0x0000000000008f50        0x4 ../AudioReproductor_bsp//libhal_bsp.a(alt_dcache_flush_all.o)
                0x0000000000008f50                alt_dcache_flush_all
 .text          0x0000000000008f54        0x8 ../AudioReproductor_bsp//libhal_bsp.a(alt_dev.o)
 .text          0x0000000000008f5c       0x6c ../AudioReproductor_bsp//libhal_bsp.a(alt_dev_llist_insert.o)
                0x0000000000008f5c                alt_dev_llist_insert
 .text          0x0000000000008fc8        0x0 ../AudioReproductor_bsp//libhal_bsp.a(alt_errno.o)
 .text          0x0000000000008fc8       0x74 ../AudioReproductor_bsp//libhal_bsp.a(alt_find_dev.o)
                0x0000000000008fc8                alt_find_dev
 .text          0x000000000000903c        0x4 ../AudioReproductor_bsp//libhal_bsp.a(alt_icache_flush_all.o)
                0x000000000000903c                alt_icache_flush_all
 .text          0x0000000000009040        0x0 ../AudioReproductor_bsp//libhal_bsp.a(alt_irq_entry.o)
 .text          0x0000000000009040        0x0 ../AudioReproductor_bsp//libhal_bsp.a(alt_irq_handler.o)
 .text          0x0000000000009040        0x8 ../AudioReproductor_bsp//libhal_bsp.a(altera_nios2_gen2_irq.o)
                0x0000000000009040                altera_nios2_gen2_irq_init
 .text          0x0000000000009048        0x0 ../AudioReproductor_bsp//libhal_bsp.a(alt_exception_entry.o)
 .text          0x0000000000009048       0x74 ../AudioReproductor_bsp//libhal_bsp.a(alt_instruction_exception_entry.o)
                0x0000000000009048                alt_exception_cause_generated_bad_addr
 .text          0x00000000000090bc        0x0 /home/dylanggf/intelFPGA_lite/18.1/nios2eds/bin/gnu/H-x86_64-pc-linux-gnu/bin/../lib/gcc/nios2-elf/5.3.0/../../../../../H-x86_64-pc-linux-gnu/nios2-elf/lib/mno-hw-mul/libsmallc.a(lib_a-int_errno.o)
 .text          0x00000000000090bc        0x0 /home/dylanggf/intelFPGA_lite/18.1/nios2eds/bin/gnu/H-x86_64-pc-linux-gnu/bin/../lib/gcc/nios2-elf/5.3.0/../../../../../H-x86_64-pc-linux-gnu/nios2-elf/lib/mno-hw-mul/libsmallc.a(lib_a-memcmp.o)
 .text.memcmp   0x00000000000090bc       0x30 /home/dylanggf/intelFPGA_lite/18.1/nios2eds/bin/gnu/H-x86_64-pc-linux-gnu/bin/../lib/gcc/nios2-elf/5.3.0/../../../../../H-x86_64-pc-linux-gnu/nios2-elf/lib/mno-hw-mul/libsmallc.a(lib_a-memcmp.o)
                0x00000000000090bc                memcmp
 .text          0x00000000000090ec        0x0 /home/dylanggf/intelFPGA_lite/18.1/nios2eds/bin/gnu/H-x86_64-pc-linux-gnu/bin/../lib/gcc/nios2-elf/5.3.0/../../../../../H-x86_64-pc-linux-gnu/nios2-elf/lib/mno-hw-mul/libsmallc.a(lib_a-strcmp.o)
 .text.strcmp   0x00000000000090ec       0x38 /home/dylanggf/intelFPGA_lite/18.1/nios2eds/bin/gnu/H-x86_64-pc-linux-gnu/bin/../lib/gcc/nios2-elf/5.3.0/../../../../../H-x86_64-pc-linux-gnu/nios2-elf/lib/mno-hw-mul/libsmallc.a(lib_a-strcmp.o)
                0x00000000000090ec                strcmp
 *(.gnu.warning.*)
 *(.fini)
                [!provide]                        PROVIDE (__etext, ABSOLUTE (.))
                [!provide]                        PROVIDE (_etext, ABSOLUTE (.))
                [!provide]                        PROVIDE (etext, ABSOLUTE (.))
 *(.eh_frame_hdr)
                0x0000000000009124                . = ALIGN (0x4)
                [!provide]                        PROVIDE (__preinit_array_start, ABSOLUTE (.))
 *(.preinit_array)
                [!provide]                        PROVIDE (__preinit_array_end, ABSOLUTE (.))
                [!provide]                        PROVIDE (__init_array_start, ABSOLUTE (.))
 *(.init_array)
                [!provide]                        PROVIDE (__init_array_end, ABSOLUTE (.))
                [!provide]                        PROVIDE (__fini_array_start, ABSOLUTE (.))
 *(.fini_array)
                [!provide]                        PROVIDE (__fini_array_end, ABSOLUTE (.))
 *(.eh_frame)
 *(.gcc_except_table .gcc_except_table.*)
 *(.dynamic)
                [!provide]                        PROVIDE (__CTOR_LIST__, ABSOLUTE (.))
 *(.ctors)
 *(SORT(.ctors.*))
                [!provide]                        PROVIDE (__CTOR_END__, ABSOLUTE (.))
                [!provide]                        PROVIDE (__DTOR_LIST__, ABSOLUTE (.))
 *(.dtors)
 *(SORT(.dtors.*))
                [!provide]                        PROVIDE (__DTOR_END__, ABSOLUTE (.))
 *(.jcr)
                0x0000000000009124                . = ALIGN (0x4)

.rodata         0x0000000000009124       0xc4
                0x0000000000009124                PROVIDE (__ram_rodata_start, ABSOLUTE (.))
                0x0000000000009124                . = ALIGN (0x4)
 *(.rodata .rodata.* .gnu.linkonce.r.*)
 .rodata.str1.4
                0x0000000000009124       0x5d obj/default/hello_world_small.o
 .rodata        0x0000000000009181        0xa obj/default/hello_world_small.o
 *fill*         0x000000000000918b        0x1 
 .rodata.str1.4
                0x000000000000918c       0x4d ../AudioReproductor_bsp//libhal_bsp.a(alt_sys_init.o)
 .rodata.str1.4
                0x00000000000091d9       0x4d ../AudioReproductor_bsp//libhal_bsp.a(altera_up_avalon_video_character_buffer_with_dma.o)
                                         0x1a (size before relaxing)
 *fill*         0x00000000000091d9        0x3 
 .rodata.str1.4
                0x00000000000091dc        0xc ../AudioReproductor_bsp//libhal_bsp.a(alt_dev.o)
                                          0xa (size before relaxing)
 *(.rodata1)
                0x00000000000091e8                . = ALIGN (0x4)
                0x00000000000091e8                PROVIDE (__ram_rodata_end, ABSOLUTE (.))
                0x0000000000009124                PROVIDE (__flash_rodata_start, LOADADDR (.rodata))

.rwdata         0x00000000000091e8      0x140 load address 0x0000000000009328
                0x00000000000091e8                PROVIDE (__ram_rwdata_start, ABSOLUTE (.))
                0x00000000000091e8                . = ALIGN (0x4)
 *(.got.plt)
 *(.got)
 *(.data1)
 *(.data .data.* .gnu.linkonce.d.*)
 .data          0x00000000000091e8        0x0 ../AudioReproductor_bsp//obj/HAL/src/crt0.o
 .data          0x00000000000091e8        0xc obj/default/hello_world_small.o
                0x00000000000091e8                song_msgs
 .data          0x00000000000091f4        0x0 /home/dylanggf/intelFPGA_lite/18.1/nios2eds/bin/gnu/H-x86_64-pc-linux-gnu/bin/../lib/gcc/nios2-elf/5.3.0/mno-hw-mul/libgcc.a(lib2-divmod.o)
 .data          0x00000000000091f4        0x0 /home/dylanggf/intelFPGA_lite/18.1/nios2eds/bin/gnu/H-x86_64-pc-linux-gnu/bin/../lib/gcc/nios2-elf/5.3.0/mno-hw-mul/libgcc.a(lib2-mul.o)
 .data          0x00000000000091f4        0x0 /home/dylanggf/intelFPGA_lite/18.1/nios2eds/bin/gnu/H-x86_64-pc-linux-gnu/bin/../lib/gcc/nios2-elf/5.3.0/../../../../../H-x86_64-pc-linux-gnu/nios2-elf/lib/mno-hw-mul/libsmallc.a(lib_a-strlen.o)
 .data          0x00000000000091f4        0x0 ../AudioReproductor_bsp//libhal_bsp.a(alt_irq_register.o)
 .data          0x00000000000091f4        0x0 ../AudioReproductor_bsp//libhal_bsp.a(alt_irq_vars.o)
 .data          0x00000000000091f4        0x0 ../AudioReproductor_bsp//libhal_bsp.a(alt_load.o)
 .data          0x00000000000091f4        0x0 ../AudioReproductor_bsp//libhal_bsp.a(alt_main.o)
 .data          0x00000000000091f4        0x0 ../AudioReproductor_bsp//libhal_bsp.a(alt_printf.o)
 .data          0x00000000000091f4        0x0 ../AudioReproductor_bsp//libhal_bsp.a(alt_putchar.o)
 .data          0x00000000000091f4       0xa8 ../AudioReproductor_bsp//libhal_bsp.a(alt_sys_init.o)
 .data          0x000000000000929c        0x0 ../AudioReproductor_bsp//libhal_bsp.a(altera_avalon_jtag_uart_write.o)
 .data          0x000000000000929c        0x0 ../AudioReproductor_bsp//libhal_bsp.a(altera_up_avalon_video_character_buffer_with_dma.o)
 .data          0x000000000000929c        0x0 ../AudioReproductor_bsp//libhal_bsp.a(alt_dcache_flush_all.o)
 .data          0x000000000000929c       0x58 ../AudioReproductor_bsp//libhal_bsp.a(alt_dev.o)
                0x000000000000929c                alt_fd_list
                0x00000000000092cc                alt_dev_null
 .data          0x00000000000092f4        0x0 ../AudioReproductor_bsp//libhal_bsp.a(alt_dev_llist_insert.o)
 .data          0x00000000000092f4        0x0 ../AudioReproductor_bsp//libhal_bsp.a(alt_errno.o)
 .data          0x00000000000092f4        0x0 ../AudioReproductor_bsp//libhal_bsp.a(alt_find_dev.o)
 .data          0x00000000000092f4        0x0 ../AudioReproductor_bsp//libhal_bsp.a(alt_icache_flush_all.o)
 .data          0x00000000000092f4        0x0 ../AudioReproductor_bsp//libhal_bsp.a(alt_irq_entry.o)
 .data          0x00000000000092f4        0x0 ../AudioReproductor_bsp//libhal_bsp.a(alt_irq_handler.o)
 .data          0x00000000000092f4        0x0 ../AudioReproductor_bsp//libhal_bsp.a(altera_nios2_gen2_irq.o)
 .data          0x00000000000092f4        0x0 ../AudioReproductor_bsp//libhal_bsp.a(alt_exception_entry.o)
 .data          0x00000000000092f4        0x0 ../AudioReproductor_bsp//libhal_bsp.a(alt_instruction_exception_entry.o)
 .data          0x00000000000092f4        0x0 /home/dylanggf/intelFPGA_lite/18.1/nios2eds/bin/gnu/H-x86_64-pc-linux-gnu/bin/../lib/gcc/nios2-elf/5.3.0/../../../../../H-x86_64-pc-linux-gnu/nios2-elf/lib/mno-hw-mul/libsmallc.a(lib_a-int_errno.o)
 .data          0x00000000000092f4        0x0 /home/dylanggf/intelFPGA_lite/18.1/nios2eds/bin/gnu/H-x86_64-pc-linux-gnu/bin/../lib/gcc/nios2-elf/5.3.0/../../../../../H-x86_64-pc-linux-gnu/nios2-elf/lib/mno-hw-mul/libsmallc.a(lib_a-memcmp.o)
 .data          0x00000000000092f4        0x0 /home/dylanggf/intelFPGA_lite/18.1/nios2eds/bin/gnu/H-x86_64-pc-linux-gnu/bin/../lib/gcc/nios2-elf/5.3.0/../../../../../H-x86_64-pc-linux-gnu/nios2-elf/lib/mno-hw-mul/libsmallc.a(lib_a-strcmp.o)
                0x00000000000112f4                _gp = ABSOLUTE ((. + 0x8000))
                [!provide]                        PROVIDE (gp, _gp)
 *(.rwdata .rwdata.*)
 *(.sdata .sdata.* .gnu.linkonce.s.*)
 .sdata         0x00000000000092f4       0x14 obj/default/hello_world_small.o
                0x00000000000092f4                audio_right_ptr
                0x00000000000092f8                audio_left_ptr
                0x00000000000092fc                audio_fifospace_ptr
                0x0000000000009300                audio_control_ptr
                0x0000000000009304                audio_buf
 .sdata         0x0000000000009308        0x4 ../AudioReproductor_bsp//libhal_bsp.a(alt_irq_vars.o)
                0x0000000000009308                alt_priority_mask
 .sdata         0x000000000000930c        0x4 ../AudioReproductor_bsp//libhal_bsp.a(alt_sys_init.o)
                0x000000000000930c                JTAG
 .sdata         0x0000000000009310       0x14 ../AudioReproductor_bsp//libhal_bsp.a(alt_dev.o)
                0x0000000000009310                alt_max_fd
                0x0000000000009314                alt_dev_list
                0x000000000000931c                alt_fs_list
 .sdata         0x0000000000009324        0x4 ../AudioReproductor_bsp//libhal_bsp.a(alt_errno.o)
                0x0000000000009324                alt_errno
 *(.sdata2 .sdata2.* .gnu.linkonce.s2.*)
                0x0000000000009328                . = ALIGN (0x4)
                0x0000000000009328                _edata = ABSOLUTE (.)
                [!provide]                        PROVIDE (edata, ABSOLUTE (.))
                0x0000000000009328                PROVIDE (__ram_rwdata_end, ABSOLUTE (.))
                0x0000000000009328                PROVIDE (__flash_rwdata_start, LOADADDR (.rwdata))

.bss            0x0000000000009468      0x128
                0x0000000000009468                __bss_start = ABSOLUTE (.)
                [!provide]                        PROVIDE (__sbss_start, ABSOLUTE (.))
                [!provide]                        PROVIDE (___sbss_start, ABSOLUTE (.))
 *(.dynsbss)
 *(.sbss .sbss.* .gnu.linkonce.sb.*)
 .sbss          0x0000000000009468        0x9 obj/default/hello_world_small.o
                0x000000000000946c                audio_pos
                0x0000000000009470                paused
 *fill*         0x0000000000009471        0x3 
 .sbss          0x0000000000009474        0x4 obj/default/hello_world_small.o
                0x0000000000009474                elapsed_ms
 .sbss          0x0000000000009478        0x4 ../AudioReproductor_bsp//libhal_bsp.a(alt_irq_vars.o)
                0x0000000000009478                alt_irq_active
 .sbss          0x000000000000947c        0xc ../AudioReproductor_bsp//libhal_bsp.a(alt_main.o)
                0x000000000000947c                alt_envp
                0x0000000000009480                alt_argv
                0x0000000000009484                alt_argc
 .sbss          0x0000000000009488        0x4 ../AudioReproductor_bsp//libhal_bsp.a(alt_instruction_exception_entry.o)
                0x0000000000009488                alt_instruction_exception_handler
 .sbss          0x000000000000948c        0x4 /home/dylanggf/intelFPGA_lite/18.1/nios2eds/bin/gnu/H-x86_64-pc-linux-gnu/bin/../lib/gcc/nios2-elf/5.3.0/../../../../../H-x86_64-pc-linux-gnu/nios2-elf/lib/mno-hw-mul/libsmallc.a(lib_a-int_errno.o)
                0x000000000000948c                errno
 *(.sbss2 .sbss2.* .gnu.linkonce.sb2.*)
 *(.scommon)
                [!provide]                        PROVIDE (__sbss_end, ABSOLUTE (.))
                [!provide]                        PROVIDE (___sbss_end, ABSOLUTE (.))
 *(.dynbss)
 *(.bss .bss.* .gnu.linkonce.b.*)
 .bss           0x0000000000009490        0x0 ../AudioReproductor_bsp//obj/HAL/src/crt0.o
 .bss           0x0000000000009490        0x0 obj/default/hello_world_small.o
 .bss           0x0000000000009490        0x0 /home/dylanggf/intelFPGA_lite/18.1/nios2eds/bin/gnu/H-x86_64-pc-linux-gnu/bin/../lib/gcc/nios2-elf/5.3.0/mno-hw-mul/libgcc.a(lib2-divmod.o)
 .bss           0x0000000000009490        0x0 /home/dylanggf/intelFPGA_lite/18.1/nios2eds/bin/gnu/H-x86_64-pc-linux-gnu/bin/../lib/gcc/nios2-elf/5.3.0/mno-hw-mul/libgcc.a(lib2-mul.o)
 .bss           0x0000000000009490        0x0 /home/dylanggf/intelFPGA_lite/18.1/nios2eds/bin/gnu/H-x86_64-pc-linux-gnu/bin/../lib/gcc/nios2-elf/5.3.0/../../../../../H-x86_64-pc-linux-gnu/nios2-elf/lib/mno-hw-mul/libsmallc.a(lib_a-strlen.o)
 .bss           0x0000000000009490        0x0 ../AudioReproductor_bsp//libhal_bsp.a(alt_irq_register.o)
 .bss           0x0000000000009490        0x0 ../AudioReproductor_bsp//libhal_bsp.a(alt_irq_vars.o)
 .bss           0x0000000000009490        0x0 ../AudioReproductor_bsp//libhal_bsp.a(alt_load.o)
 .bss           0x0000000000009490        0x0 ../AudioReproductor_bsp//libhal_bsp.a(alt_main.o)
 .bss           0x0000000000009490        0x0 ../AudioReproductor_bsp//libhal_bsp.a(alt_printf.o)
 .bss           0x0000000000009490        0x0 ../AudioReproductor_bsp//libhal_bsp.a(alt_putchar.o)
 .bss           0x0000000000009490        0x0 ../AudioReproductor_bsp//libhal_bsp.a(alt_sys_init.o)
 .bss           0x0000000000009490        0x0 ../AudioReproductor_bsp//libhal_bsp.a(altera_avalon_jtag_uart_write.o)
 .bss           0x0000000000009490        0x0 ../AudioReproductor_bsp//libhal_bsp.a(altera_up_avalon_video_character_buffer_with_dma.o)
 .bss           0x0000000000009490        0x0 ../AudioReproductor_bsp//libhal_bsp.a(alt_dcache_flush_all.o)
 .bss           0x0000000000009490        0x0 ../AudioReproductor_bsp//libhal_bsp.a(alt_dev.o)
 .bss           0x0000000000009490        0x0 ../AudioReproductor_bsp//libhal_bsp.a(alt_dev_llist_insert.o)
 .bss           0x0000000000009490        0x0 ../AudioReproductor_bsp//libhal_bsp.a(alt_errno.o)
 .bss           0x0000000000009490        0x0 ../AudioReproductor_bsp//libhal_bsp.a(alt_find_dev.o)
 .bss           0x0000000000009490        0x0 ../AudioReproductor_bsp//libhal_bsp.a(alt_icache_flush_all.o)
 .bss           0x0000000000009490        0x0 ../AudioReproductor_bsp//libhal_bsp.a(alt_irq_entry.o)
 .bss           0x0000000000009490        0x0 ../AudioReproductor_bsp//libhal_bsp.a(alt_irq_handler.o)
 .bss           0x0000000000009490        0x0 ../AudioReproductor_bsp//libhal_bsp.a(altera_nios2_gen2_irq.o)
 .bss           0x0000000000009490        0x0 ../AudioReproductor_bsp//libhal_bsp.a(alt_exception_entry.o)
 .bss           0x0000000000009490        0x0 ../AudioReproductor_bsp//libhal_bsp.a(alt_instruction_exception_entry.o)
 .bss           0x0000000000009490        0x0 /home/dylanggf/intelFPGA_lite/18.1/nios2eds/bin/gnu/H-x86_64-pc-linux-gnu/bin/../lib/gcc/nios2-elf/5.3.0/../../../../../H-x86_64-pc-linux-gnu/nios2-elf/lib/mno-hw-mul/libsmallc.a(lib_a-int_errno.o)
 .bss           0x0000000000009490        0x0 /home/dylanggf/intelFPGA_lite/18.1/nios2eds/bin/gnu/H-x86_64-pc-linux-gnu/bin/../lib/gcc/nios2-elf/5.3.0/../../../../../H-x86_64-pc-linux-gnu/nios2-elf/lib/mno-hw-mul/libsmallc.a(lib_a-memcmp.o)
 .bss           0x0000000000009490        0x0 /home/dylanggf/intelFPGA_lite/18.1/nios2eds/bin/gnu/H-x86_64-pc-linux-gnu/bin/../lib/gcc/nios2-elf/5.3.0/../../../../../H-x86_64-pc-linux-gnu/nios2-elf/lib/mno-hw-mul/libsmallc.a(lib_a-strcmp.o)
 *(COMMON)
 COMMON         0x0000000000009490      0x100 ../AudioReproductor_bsp//libhal_bsp.a(alt_irq_handler.o)
                0x0000000000009490                alt_irq
                0x0000000000009590                . = ALIGN (0x4)
                0x0000000000009590                __bss_end = ABSOLUTE (.)

.RAM            0x0000000000009590        0x0
                [!provide]                        PROVIDE (_alt_partition_RAM_start, ABSOLUTE (.))
 *(.RAM .RAM. RAM.*)
                0x0000000000009590                . = ALIGN (0x4)
                [!provide]                        PROVIDE (_alt_partition_RAM_end, ABSOLUTE (.))
                0x0000000000009590                _end = ABSOLUTE (.)
                0x0000000000009590                end = ABSOLUTE (.)
                0x0000000000009590                __alt_stack_base = ABSOLUTE (.)
                [!provide]                        PROVIDE (_alt_partition_RAM_load_addr, LOADADDR (.RAM))

.stab
 *(.stab)

.stabstr
 *(.stabstr)

.stab.excl
 *(.stab.excl)

.stab.exclstr
 *(.stab.exclstr)

.stab.index
 *(.stab.index)

.stab.indexstr
 *(.stab.indexstr)

.comment        0x0000000000000000       0x23
 *(.comment)
 .comment       0x0000000000000000       0x23 obj/default/hello_world_small.o
                                         0x24 (size before relaxing)
 .comment       0x0000000000000023       0x24 /home/dylanggf/intelFPGA_lite/18.1/nios2eds/bin/gnu/H-x86_64-pc-linux-gnu/bin/../lib/gcc/nios2-elf/5.3.0/mno-hw-mul/libgcc.a(lib2-divmod.o)
 .comment       0x0000000000000023       0x24 /home/dylanggf/intelFPGA_lite/18.1/nios2eds/bin/gnu/H-x86_64-pc-linux-gnu/bin/../lib/gcc/nios2-elf/5.3.0/mno-hw-mul/libgcc.a(lib2-mul.o)
 .comment       0x0000000000000023       0x24 /home/dylanggf/intelFPGA_lite/18.1/nios2eds/bin/gnu/H-x86_64-pc-linux-gnu/bin/../lib/gcc/nios2-elf/5.3.0/../../../../../H-x86_64-pc-linux-gnu/nios2-elf/lib/mno-hw-mul/libsmallc.a(lib_a-strlen.o)
 .comment       0x0000000000000023       0x24 ../AudioReproductor_bsp//libhal_bsp.a(alt_irq_register.o)
 .comment       0x0000000000000023       0x24 ../AudioReproductor_bsp//libhal_bsp.a(alt_irq_vars.o)
 .comment       0x0000000000000023       0x24 ../AudioReproductor_bsp//libhal_bsp.a(alt_load.o)
 .comment       0x0000000000000023       0x24 ../AudioReproductor_bsp//libhal_bsp.a(alt_main.o)
 .comment       0x0000000000000023       0x24 ../AudioReproductor_bsp//libhal_bsp.a(alt_printf.o)
 .comment       0x0000000000000023       0x24 ../AudioReproductor_bsp//libhal_bsp.a(alt_putchar.o)
 .comment       0x0000000000000023       0x24 ../AudioReproductor_bsp//libhal_bsp.a(alt_sys_init.o)
 .comment       0x0000000000000023       0x24 ../AudioReproductor_bsp//libhal_bsp.a(altera_avalon_jtag_uart_write.o)
 .comment       0x0000000000000023       0x24 ../AudioReproductor_bsp//libhal_bsp.a(altera_up_avalon_video_character_buffer_with_dma.o)
 .comment       0x0000000000000023       0x24 ../AudioReproductor_bsp//libhal_bsp.a(alt_dcache_flush_all.o)
 .comment       0x0000000000000023       0x24 ../AudioReproductor_bsp//libhal_bsp.a(alt_dev.o)
 .comment       0x0000000000000023       0x24 ../AudioReproductor_bsp//libhal_bsp.a(alt_dev_llist_insert.o)
 .comment       0x0000000000000023       0x24 ../AudioReproductor_bsp//libhal_bsp.a(alt_errno.o)
 .comment       0x0000000000000023       0x24 ../AudioReproductor_bsp//libhal_bsp.a(alt_find_dev.o)
 .comment       0x0000000000000023       0x24 ../AudioReproductor_bsp//libhal_bsp.a(alt_icache_flush_all.o)
 .comment       0x0000000000000023       0x24 ../AudioReproductor_bsp//libhal_bsp.a(alt_irq_handler.o)
 .comment       0x0000000000000023       0x24 ../AudioReproductor_bsp//libhal_bsp.a(altera_nios2_gen2_irq.o)
 .comment       0x0000000000000023       0x24 ../AudioReproductor_bsp//libhal_bsp.a(alt_instruction_exception_entry.o)
 .comment       0x0000000000000023       0x24 /home/dylanggf/intelFPGA_lite/18.1/nios2eds/bin/gnu/H-x86_64-pc-linux-gnu/bin/../lib/gcc/nios2-elf/5.3.0/../../../../../H-x86_64-pc-linux-gnu/nios2-elf/lib/mno-hw-mul/libsmallc.a(lib_a-int_errno.o)
 .comment       0x0000000000000023       0x24 /home/dylanggf/intelFPGA_lite/18.1/nios2eds/bin/gnu/H-x86_64-pc-linux-gnu/bin/../lib/gcc/nios2-elf/5.3.0/../../../../../H-x86_64-pc-linux-gnu/nios2-elf/lib/mno-hw-mul/libsmallc.a(lib_a-memcmp.o)
 .comment       0x0000000000000023       0x24 /home/dylanggf/intelFPGA_lite/18.1/nios2eds/bin/gnu/H-x86_64-pc-linux-gnu/bin/../lib/gcc/nios2-elf/5.3.0/../../../../../H-x86_64-pc-linux-gnu/nios2-elf/lib/mno-hw-mul/libsmallc.a(lib_a-strcmp.o)

.debug
 *(.debug)

.line
 *(.line)

.debug_srcinfo
 *(.debug_srcinfo)

.debug_sfnames
 *(.debug_sfnames)

.debug_aranges  0x0000000000000000      0x3a8
 *(.debug_aranges)
 .debug_aranges
                0x0000000000000000       0x28 ../AudioReproductor_bsp//obj/HAL/src/crt0.o
 .debug_aranges
                0x0000000000000028       0x28 obj/default/hello_world_small.o
 .debug_aranges
                0x0000000000000050       0x20 /home/dylanggf/intelFPGA_lite/18.1/nios2eds/bin/gnu/H-x86_64-pc-linux-gnu/bin/../lib/gcc/nios2-elf/5.3.0/mno-hw-mul/libgcc.a(lib2-divmod.o)
 .debug_aranges
                0x0000000000000070       0x20 /home/dylanggf/intelFPGA_lite/18.1/nios2eds/bin/gnu/H-x86_64-pc-linux-gnu/bin/../lib/gcc/nios2-elf/5.3.0/mno-hw-mul/libgcc.a(lib2-mul.o)
 .debug_aranges
                0x0000000000000090       0x20 /home/dylanggf/intelFPGA_lite/18.1/nios2eds/bin/gnu/H-x86_64-pc-linux-gnu/bin/../lib/gcc/nios2-elf/5.3.0/../../../../../H-x86_64-pc-linux-gnu/nios2-elf/lib/mno-hw-mul/libsmallc.a(lib_a-strlen.o)
 .debug_aranges
                0x00000000000000b0       0x20 ../AudioReproductor_bsp//libhal_bsp.a(alt_irq_register.o)
 .debug_aranges
                0x00000000000000d0       0x18 ../AudioReproductor_bsp//libhal_bsp.a(alt_irq_vars.o)
 .debug_aranges
                0x00000000000000e8       0x20 ../AudioReproductor_bsp//libhal_bsp.a(alt_load.o)
 .debug_aranges
                0x0000000000000108       0x20 ../AudioReproductor_bsp//libhal_bsp.a(alt_main.o)
 .debug_aranges
                0x0000000000000128       0x20 ../AudioReproductor_bsp//libhal_bsp.a(alt_printf.o)
 .debug_aranges
                0x0000000000000148       0x20 ../AudioReproductor_bsp//libhal_bsp.a(alt_putchar.o)
 .debug_aranges
                0x0000000000000168       0x20 ../AudioReproductor_bsp//libhal_bsp.a(alt_sys_init.o)
 .debug_aranges
                0x0000000000000188       0x20 ../AudioReproductor_bsp//libhal_bsp.a(altera_avalon_jtag_uart_write.o)
 .debug_aranges
                0x00000000000001a8       0x20 ../AudioReproductor_bsp//libhal_bsp.a(altera_up_avalon_video_character_buffer_with_dma.o)
 .debug_aranges
                0x00000000000001c8       0x20 ../AudioReproductor_bsp//libhal_bsp.a(alt_dcache_flush_all.o)
 .debug_aranges
                0x00000000000001e8       0x20 ../AudioReproductor_bsp//libhal_bsp.a(alt_dev.o)
 .debug_aranges
                0x0000000000000208       0x20 ../AudioReproductor_bsp//libhal_bsp.a(alt_dev_llist_insert.o)
 .debug_aranges
                0x0000000000000228       0x18 ../AudioReproductor_bsp//libhal_bsp.a(alt_errno.o)
 .debug_aranges
                0x0000000000000240       0x20 ../AudioReproductor_bsp//libhal_bsp.a(alt_find_dev.o)
 .debug_aranges
                0x0000000000000260       0x20 ../AudioReproductor_bsp//libhal_bsp.a(alt_icache_flush_all.o)
 .debug_aranges
                0x0000000000000280       0x30 ../AudioReproductor_bsp//libhal_bsp.a(alt_irq_entry.o)
 .debug_aranges
                0x00000000000002b0       0x20 ../AudioReproductor_bsp//libhal_bsp.a(alt_irq_handler.o)
 .debug_aranges
                0x00000000000002d0       0x20 ../AudioReproductor_bsp//libhal_bsp.a(altera_nios2_gen2_irq.o)
 .debug_aranges
                0x00000000000002f0       0x38 ../AudioReproductor_bsp//libhal_bsp.a(alt_exception_entry.o)
 .debug_aranges
                0x0000000000000328       0x28 ../AudioReproductor_bsp//libhal_bsp.a(alt_instruction_exception_entry.o)
 .debug_aranges
                0x0000000000000350       0x18 /home/dylanggf/intelFPGA_lite/18.1/nios2eds/bin/gnu/H-x86_64-pc-linux-gnu/bin/../lib/gcc/nios2-elf/5.3.0/../../../../../H-x86_64-pc-linux-gnu/nios2-elf/lib/mno-hw-mul/libsmallc.a(lib_a-int_errno.o)
 .debug_aranges
                0x0000000000000368       0x20 /home/dylanggf/intelFPGA_lite/18.1/nios2eds/bin/gnu/H-x86_64-pc-linux-gnu/bin/../lib/gcc/nios2-elf/5.3.0/../../../../../H-x86_64-pc-linux-gnu/nios2-elf/lib/mno-hw-mul/libsmallc.a(lib_a-memcmp.o)
 .debug_aranges
                0x0000000000000388       0x20 /home/dylanggf/intelFPGA_lite/18.1/nios2eds/bin/gnu/H-x86_64-pc-linux-gnu/bin/../lib/gcc/nios2-elf/5.3.0/../../../../../H-x86_64-pc-linux-gnu/nios2-elf/lib/mno-hw-mul/libsmallc.a(lib_a-strcmp.o)

.debug_pubnames
 *(.debug_pubnames)

.debug_info     0x0000000000000000     0x349a
 *(.debug_info .gnu.linkonce.wi.*)
 .debug_info    0x0000000000000000       0x88 ../AudioReproductor_bsp//obj/HAL/src/crt0.o
 .debug_info    0x0000000000000088      0x6e8 obj/default/hello_world_small.o
 .debug_info    0x0000000000000770      0x2c6 /home/dylanggf/intelFPGA_lite/18.1/nios2eds/bin/gnu/H-x86_64-pc-linux-gnu/bin/../lib/gcc/nios2-elf/5.3.0/mno-hw-mul/libgcc.a(lib2-divmod.o)
 .debug_info    0x0000000000000a36       0xb4 /home/dylanggf/intelFPGA_lite/18.1/nios2eds/bin/gnu/H-x86_64-pc-linux-gnu/bin/../lib/gcc/nios2-elf/5.3.0/mno-hw-mul/libgcc.a(lib2-mul.o)
 .debug_info    0x0000000000000aea       0xc9 /home/dylanggf/intelFPGA_lite/18.1/nios2eds/bin/gnu/H-x86_64-pc-linux-gnu/bin/../lib/gcc/nios2-elf/5.3.0/../../../../../H-x86_64-pc-linux-gnu/nios2-elf/lib/mno-hw-mul/libsmallc.a(lib_a-strlen.o)
 .debug_info    0x0000000000000bb3      0x30d ../AudioReproductor_bsp//libhal_bsp.a(alt_irq_register.o)
 .debug_info    0x0000000000000ec0       0x88 ../AudioReproductor_bsp//libhal_bsp.a(alt_irq_vars.o)
 .debug_info    0x0000000000000f48      0x1c9 ../AudioReproductor_bsp//libhal_bsp.a(alt_load.o)
 .debug_info    0x0000000000001111      0x18f ../AudioReproductor_bsp//libhal_bsp.a(alt_main.o)
 .debug_info    0x00000000000012a0      0x14d ../AudioReproductor_bsp//libhal_bsp.a(alt_printf.o)
 .debug_info    0x00000000000013ed      0x12a ../AudioReproductor_bsp//libhal_bsp.a(alt_putchar.o)
 .debug_info    0x0000000000001517      0x62b ../AudioReproductor_bsp//libhal_bsp.a(alt_sys_init.o)
 .debug_info    0x0000000000001b42      0x1ad ../AudioReproductor_bsp//libhal_bsp.a(altera_avalon_jtag_uart_write.o)
 .debug_info    0x0000000000001cef      0x4ab ../AudioReproductor_bsp//libhal_bsp.a(altera_up_avalon_video_character_buffer_with_dma.o)
 .debug_info    0x000000000000219a       0x92 ../AudioReproductor_bsp//libhal_bsp.a(alt_dcache_flush_all.o)
 .debug_info    0x000000000000222c      0x499 ../AudioReproductor_bsp//libhal_bsp.a(alt_dev.o)
 .debug_info    0x00000000000026c5      0x1b3 ../AudioReproductor_bsp//libhal_bsp.a(alt_dev_llist_insert.o)
 .debug_info    0x0000000000002878       0xa6 ../AudioReproductor_bsp//libhal_bsp.a(alt_errno.o)
 .debug_info    0x000000000000291e      0x32d ../AudioReproductor_bsp//libhal_bsp.a(alt_find_dev.o)
 .debug_info    0x0000000000002c4b       0x92 ../AudioReproductor_bsp//libhal_bsp.a(alt_icache_flush_all.o)
 .debug_info    0x0000000000002cdd       0x91 ../AudioReproductor_bsp//libhal_bsp.a(alt_irq_entry.o)
 .debug_info    0x0000000000002d6e      0x1a4 ../AudioReproductor_bsp//libhal_bsp.a(alt_irq_handler.o)
 .debug_info    0x0000000000002f12       0xb8 ../AudioReproductor_bsp//libhal_bsp.a(altera_nios2_gen2_irq.o)
 .debug_info    0x0000000000002fca       0x97 ../AudioReproductor_bsp//libhal_bsp.a(alt_exception_entry.o)
 .debug_info    0x0000000000003061      0x1fd ../AudioReproductor_bsp//libhal_bsp.a(alt_instruction_exception_entry.o)
 .debug_info    0x000000000000325e       0x8a /home/dylanggf/intelFPGA_lite/18.1/nios2eds/bin/gnu/H-x86_64-pc-linux-gnu/bin/../lib/gcc/nios2-elf/5.3.0/../../../../../H-x86_64-pc-linux-gnu/nios2-elf/lib/mno-hw-mul/libsmallc.a(lib_a-int_errno.o)
 .debug_info    0x00000000000032e8       0xf4 /home/dylanggf/intelFPGA_lite/18.1/nios2eds/bin/gnu/H-x86_64-pc-linux-gnu/bin/../lib/gcc/nios2-elf/5.3.0/../../../../../H-x86_64-pc-linux-gnu/nios2-elf/lib/mno-hw-mul/libsmallc.a(lib_a-memcmp.o)
 .debug_info    0x00000000000033dc       0xbe /home/dylanggf/intelFPGA_lite/18.1/nios2eds/bin/gnu/H-x86_64-pc-linux-gnu/bin/../lib/gcc/nios2-elf/5.3.0/../../../../../H-x86_64-pc-linux-gnu/nios2-elf/lib/mno-hw-mul/libsmallc.a(lib_a-strcmp.o)

.debug_abbrev   0x0000000000000000     0x15c4
 *(.debug_abbrev)
 .debug_abbrev  0x0000000000000000       0x12 ../AudioReproductor_bsp//obj/HAL/src/crt0.o
 .debug_abbrev  0x0000000000000012      0x275 obj/default/hello_world_small.o
 .debug_abbrev  0x0000000000000287      0x10e /home/dylanggf/intelFPGA_lite/18.1/nios2eds/bin/gnu/H-x86_64-pc-linux-gnu/bin/../lib/gcc/nios2-elf/5.3.0/mno-hw-mul/libgcc.a(lib2-divmod.o)
 .debug_abbrev  0x0000000000000395       0x6f /home/dylanggf/intelFPGA_lite/18.1/nios2eds/bin/gnu/H-x86_64-pc-linux-gnu/bin/../lib/gcc/nios2-elf/5.3.0/mno-hw-mul/libgcc.a(lib2-mul.o)
 .debug_abbrev  0x0000000000000404       0x7f /home/dylanggf/intelFPGA_lite/18.1/nios2eds/bin/gnu/H-x86_64-pc-linux-gnu/bin/../lib/gcc/nios2-elf/5.3.0/../../../../../H-x86_64-pc-linux-gnu/nios2-elf/lib/mno-hw-mul/libsmallc.a(lib_a-strlen.o)
 .debug_abbrev  0x0000000000000483      0x1a5 ../AudioReproductor_bsp//libhal_bsp.a(alt_irq_register.o)
 .debug_abbrev  0x0000000000000628       0x40 ../AudioReproductor_bsp//libhal_bsp.a(alt_irq_vars.o)
 .debug_abbrev  0x0000000000000668       0xd8 ../AudioReproductor_bsp//libhal_bsp.a(alt_load.o)
 .debug_abbrev  0x0000000000000740       0xf5 ../AudioReproductor_bsp//libhal_bsp.a(alt_main.o)
 .debug_abbrev  0x0000000000000835       0xd5 ../AudioReproductor_bsp//libhal_bsp.a(alt_printf.o)
 .debug_abbrev  0x000000000000090a       0xd2 ../AudioReproductor_bsp//libhal_bsp.a(alt_putchar.o)
 .debug_abbrev  0x00000000000009dc      0x1ed ../AudioReproductor_bsp//libhal_bsp.a(alt_sys_init.o)
 .debug_abbrev  0x0000000000000bc9       0xd5 ../AudioReproductor_bsp//libhal_bsp.a(altera_avalon_jtag_uart_write.o)
 .debug_abbrev  0x0000000000000c9e      0x16b ../AudioReproductor_bsp//libhal_bsp.a(altera_up_avalon_video_character_buffer_with_dma.o)
 .debug_abbrev  0x0000000000000e09       0x42 ../AudioReproductor_bsp//libhal_bsp.a(alt_dcache_flush_all.o)
 .debug_abbrev  0x0000000000000e4b       0xd9 ../AudioReproductor_bsp//libhal_bsp.a(alt_dev.o)
 .debug_abbrev  0x0000000000000f24      0x11c ../AudioReproductor_bsp//libhal_bsp.a(alt_dev_llist_insert.o)
 .debug_abbrev  0x0000000000001040       0x5a ../AudioReproductor_bsp//libhal_bsp.a(alt_errno.o)
 .debug_abbrev  0x000000000000109a      0x125 ../AudioReproductor_bsp//libhal_bsp.a(alt_find_dev.o)
 .debug_abbrev  0x00000000000011bf       0x42 ../AudioReproductor_bsp//libhal_bsp.a(alt_icache_flush_all.o)
 .debug_abbrev  0x0000000000001201       0x12 ../AudioReproductor_bsp//libhal_bsp.a(alt_irq_entry.o)
 .debug_abbrev  0x0000000000001213      0x138 ../AudioReproductor_bsp//libhal_bsp.a(alt_irq_handler.o)
 .debug_abbrev  0x000000000000134b       0x67 ../AudioReproductor_bsp//libhal_bsp.a(altera_nios2_gen2_irq.o)
 .debug_abbrev  0x00000000000013b2       0x12 ../AudioReproductor_bsp//libhal_bsp.a(alt_exception_entry.o)
 .debug_abbrev  0x00000000000013c4       0xe7 ../AudioReproductor_bsp//libhal_bsp.a(alt_instruction_exception_entry.o)
 .debug_abbrev  0x00000000000014ab       0x37 /home/dylanggf/intelFPGA_lite/18.1/nios2eds/bin/gnu/H-x86_64-pc-linux-gnu/bin/../lib/gcc/nios2-elf/5.3.0/../../../../../H-x86_64-pc-linux-gnu/nios2-elf/lib/mno-hw-mul/libsmallc.a(lib_a-int_errno.o)
 .debug_abbrev  0x00000000000014e2       0x7f /home/dylanggf/intelFPGA_lite/18.1/nios2eds/bin/gnu/H-x86_64-pc-linux-gnu/bin/../lib/gcc/nios2-elf/5.3.0/../../../../../H-x86_64-pc-linux-gnu/nios2-elf/lib/mno-hw-mul/libsmallc.a(lib_a-memcmp.o)
 .debug_abbrev  0x0000000000001561       0x63 /home/dylanggf/intelFPGA_lite/18.1/nios2eds/bin/gnu/H-x86_64-pc-linux-gnu/bin/../lib/gcc/nios2-elf/5.3.0/../../../../../H-x86_64-pc-linux-gnu/nios2-elf/lib/mno-hw-mul/libsmallc.a(lib_a-strcmp.o)

.debug_line     0x0000000000000000     0x19a2
 *(.debug_line)
 .debug_line    0x0000000000000000       0x66 ../AudioReproductor_bsp//obj/HAL/src/crt0.o
 .debug_line    0x0000000000000066      0x399 obj/default/hello_world_small.o
 .debug_line    0x00000000000003ff      0x105 /home/dylanggf/intelFPGA_lite/18.1/nios2eds/bin/gnu/H-x86_64-pc-linux-gnu/bin/../lib/gcc/nios2-elf/5.3.0/mno-hw-mul/libgcc.a(lib2-divmod.o)
 .debug_line    0x0000000000000504       0x80 /home/dylanggf/intelFPGA_lite/18.1/nios2eds/bin/gnu/H-x86_64-pc-linux-gnu/bin/../lib/gcc/nios2-elf/5.3.0/mno-hw-mul/libgcc.a(lib2-mul.o)
 .debug_line    0x0000000000000584      0x15c /home/dylanggf/intelFPGA_lite/18.1/nios2eds/bin/gnu/H-x86_64-pc-linux-gnu/bin/../lib/gcc/nios2-elf/5.3.0/../../../../../H-x86_64-pc-linux-gnu/nios2-elf/lib/mno-hw-mul/libsmallc.a(lib_a-strlen.o)
 .debug_line    0x00000000000006e0       0xed ../AudioReproductor_bsp//libhal_bsp.a(alt_irq_register.o)
 .debug_line    0x00000000000007cd       0x50 ../AudioReproductor_bsp//libhal_bsp.a(alt_irq_vars.o)
 .debug_line    0x000000000000081d       0xa4 ../AudioReproductor_bsp//libhal_bsp.a(alt_load.o)
 .debug_line    0x00000000000008c1       0xea ../AudioReproductor_bsp//libhal_bsp.a(alt_main.o)
 .debug_line    0x00000000000009ab      0x123 ../AudioReproductor_bsp//libhal_bsp.a(alt_printf.o)
 .debug_line    0x0000000000000ace       0x55 ../AudioReproductor_bsp//libhal_bsp.a(alt_putchar.o)
 .debug_line    0x0000000000000b23      0x20a ../AudioReproductor_bsp//libhal_bsp.a(alt_sys_init.o)
 .debug_line    0x0000000000000d2d      0x104 ../AudioReproductor_bsp//libhal_bsp.a(altera_avalon_jtag_uart_write.o)
 .debug_line    0x0000000000000e31      0x1b6 ../AudioReproductor_bsp//libhal_bsp.a(altera_up_avalon_video_character_buffer_with_dma.o)
 .debug_line    0x0000000000000fe7       0x4e ../AudioReproductor_bsp//libhal_bsp.a(alt_dcache_flush_all.o)
 .debug_line    0x0000000000001035      0x107 ../AudioReproductor_bsp//libhal_bsp.a(alt_dev.o)
 .debug_line    0x000000000000113c       0xd8 ../AudioReproductor_bsp//libhal_bsp.a(alt_dev_llist_insert.o)
 .debug_line    0x0000000000001214       0x51 ../AudioReproductor_bsp//libhal_bsp.a(alt_errno.o)
 .debug_line    0x0000000000001265      0x118 ../AudioReproductor_bsp//libhal_bsp.a(alt_find_dev.o)
 .debug_line    0x000000000000137d       0x4e ../AudioReproductor_bsp//libhal_bsp.a(alt_icache_flush_all.o)
 .debug_line    0x00000000000013cb       0x6b ../AudioReproductor_bsp//libhal_bsp.a(alt_irq_entry.o)
 .debug_line    0x0000000000001436       0xc8 ../AudioReproductor_bsp//libhal_bsp.a(alt_irq_handler.o)
 .debug_line    0x00000000000014fe       0x8c ../AudioReproductor_bsp//libhal_bsp.a(altera_nios2_gen2_irq.o)
 .debug_line    0x000000000000158a       0xb3 ../AudioReproductor_bsp//libhal_bsp.a(alt_exception_entry.o)
 .debug_line    0x000000000000163d       0xbf ../AudioReproductor_bsp//libhal_bsp.a(alt_instruction_exception_entry.o)
 .debug_line    0x00000000000016fc       0x5f /home/dylanggf/intelFPGA_lite/18.1/nios2eds/bin/gnu/H-x86_64-pc-linux-gnu/bin/../lib/gcc/nios2-elf/5.3.0/../../../../../H-x86_64-pc-linux-gnu/nios2-elf/lib/mno-hw-mul/libsmallc.a(lib_a-int_errno.o)
 .debug_line    0x000000000000175b      0x160 /home/dylanggf/intelFPGA_lite/18.1/nios2eds/bin/gnu/H-x86_64-pc-linux-gnu/bin/../lib/gcc/nios2-elf/5.3.0/../../../../../H-x86_64-pc-linux-gnu/nios2-elf/lib/mno-hw-mul/libsmallc.a(lib_a-memcmp.o)
 .debug_line    0x00000000000018bb       0xe7 /home/dylanggf/intelFPGA_lite/18.1/nios2eds/bin/gnu/H-x86_64-pc-linux-gnu/bin/../lib/gcc/nios2-elf/5.3.0/../../../../../H-x86_64-pc-linux-gnu/nios2-elf/lib/mno-hw-mul/libsmallc.a(lib_a-strcmp.o)

.debug_frame    0x0000000000000000      0x55c
 *(.debug_frame)
 .debug_frame   0x0000000000000000      0x168 obj/default/hello_world_small.o
 .debug_frame   0x0000000000000168       0x50 /home/dylanggf/intelFPGA_lite/18.1/nios2eds/bin/gnu/H-x86_64-pc-linux-gnu/bin/../lib/gcc/nios2-elf/5.3.0/mno-hw-mul/libgcc.a(lib2-divmod.o)
 .debug_frame   0x00000000000001b8       0x20 /home/dylanggf/intelFPGA_lite/18.1/nios2eds/bin/gnu/H-x86_64-pc-linux-gnu/bin/../lib/gcc/nios2-elf/5.3.0/mno-hw-mul/libgcc.a(lib2-mul.o)
 .debug_frame   0x00000000000001d8       0x20 /home/dylanggf/intelFPGA_lite/18.1/nios2eds/bin/gnu/H-x86_64-pc-linux-gnu/bin/../lib/gcc/nios2-elf/5.3.0/../../../../../H-x86_64-pc-linux-gnu/nios2-elf/lib/mno-hw-mul/libsmallc.a(lib_a-strlen.o)
 .debug_frame   0x00000000000001f8       0x20 ../AudioReproductor_bsp//libhal_bsp.a(alt_irq_register.o)
 .debug_frame   0x0000000000000218       0x30 ../AudioReproductor_bsp//libhal_bsp.a(alt_load.o)
 .debug_frame   0x0000000000000248       0x2c ../AudioReproductor_bsp//libhal_bsp.a(alt_main.o)
 .debug_frame   0x0000000000000274       0x54 ../AudioReproductor_bsp//libhal_bsp.a(alt_printf.o)
 .debug_frame   0x00000000000002c8       0x30 ../AudioReproductor_bsp//libhal_bsp.a(alt_putchar.o)
 .debug_frame   0x00000000000002f8       0x48 ../AudioReproductor_bsp//libhal_bsp.a(alt_sys_init.o)
 .debug_frame   0x0000000000000340       0x20 ../AudioReproductor_bsp//libhal_bsp.a(altera_avalon_jtag_uart_write.o)
 .debug_frame   0x0000000000000360       0x70 ../AudioReproductor_bsp//libhal_bsp.a(altera_up_avalon_video_character_buffer_with_dma.o)
 .debug_frame   0x00000000000003d0       0x20 ../AudioReproductor_bsp//libhal_bsp.a(alt_dcache_flush_all.o)
 .debug_frame   0x00000000000003f0       0x20 ../AudioReproductor_bsp//libhal_bsp.a(alt_dev.o)
 .debug_frame   0x0000000000000410       0x2c ../AudioReproductor_bsp//libhal_bsp.a(alt_dev_llist_insert.o)
 .debug_frame   0x000000000000043c       0x3c ../AudioReproductor_bsp//libhal_bsp.a(alt_find_dev.o)
 .debug_frame   0x0000000000000478       0x20 ../AudioReproductor_bsp//libhal_bsp.a(alt_icache_flush_all.o)
 .debug_frame   0x0000000000000498       0x34 ../AudioReproductor_bsp//libhal_bsp.a(alt_irq_handler.o)
 .debug_frame   0x00000000000004cc       0x20 ../AudioReproductor_bsp//libhal_bsp.a(altera_nios2_gen2_irq.o)
 .debug_frame   0x00000000000004ec       0x30 ../AudioReproductor_bsp//libhal_bsp.a(alt_instruction_exception_entry.o)
 .debug_frame   0x000000000000051c       0x20 /home/dylanggf/intelFPGA_lite/18.1/nios2eds/bin/gnu/H-x86_64-pc-linux-gnu/bin/../lib/gcc/nios2-elf/5.3.0/../../../../../H-x86_64-pc-linux-gnu/nios2-elf/lib/mno-hw-mul/libsmallc.a(lib_a-memcmp.o)
 .debug_frame   0x000000000000053c       0x20 /home/dylanggf/intelFPGA_lite/18.1/nios2eds/bin/gnu/H-x86_64-pc-linux-gnu/bin/../lib/gcc/nios2-elf/5.3.0/../../../../../H-x86_64-pc-linux-gnu/nios2-elf/lib/mno-hw-mul/libsmallc.a(lib_a-strcmp.o)

.debug_str      0x0000000000000000     0x1562
 *(.debug_str)
 .debug_str     0x0000000000000000      0x32b obj/default/hello_world_small.o
                                        0x39b (size before relaxing)
 .debug_str     0x000000000000032b      0x188 /home/dylanggf/intelFPGA_lite/18.1/nios2eds/bin/gnu/H-x86_64-pc-linux-gnu/bin/../lib/gcc/nios2-elf/5.3.0/mno-hw-mul/libgcc.a(lib2-divmod.o)
                                        0x1d3 (size before relaxing)
 .debug_str     0x00000000000004b3       0x40 /home/dylanggf/intelFPGA_lite/18.1/nios2eds/bin/gnu/H-x86_64-pc-linux-gnu/bin/../lib/gcc/nios2-elf/5.3.0/mno-hw-mul/libgcc.a(lib2-mul.o)
                                        0x194 (size before relaxing)
 .debug_str     0x00000000000004f3      0x134 /home/dylanggf/intelFPGA_lite/18.1/nios2eds/bin/gnu/H-x86_64-pc-linux-gnu/bin/../lib/gcc/nios2-elf/5.3.0/../../../../../H-x86_64-pc-linux-gnu/nios2-elf/lib/mno-hw-mul/libsmallc.a(lib_a-strlen.o)
                                        0x1e6 (size before relaxing)
 .debug_str     0x0000000000000627       0xf1 ../AudioReproductor_bsp//libhal_bsp.a(alt_irq_register.o)
                                        0x222 (size before relaxing)
 .debug_str     0x0000000000000718       0x17 ../AudioReproductor_bsp//libhal_bsp.a(alt_irq_vars.o)
                                        0x154 (size before relaxing)
 .debug_str     0x000000000000072f      0x113 ../AudioReproductor_bsp//libhal_bsp.a(alt_load.o)
                                        0x256 (size before relaxing)
 .debug_str     0x0000000000000842       0x8a ../AudioReproductor_bsp//libhal_bsp.a(alt_main.o)
                                        0x1f8 (size before relaxing)
 .debug_str     0x00000000000008cc       0x59 ../AudioReproductor_bsp//libhal_bsp.a(alt_printf.o)
                                        0x120 (size before relaxing)
 .debug_str     0x0000000000000925       0x59 ../AudioReproductor_bsp//libhal_bsp.a(alt_putchar.o)
                                        0x1a0 (size before relaxing)
 .debug_str     0x000000000000097e      0x2e1 ../AudioReproductor_bsp//libhal_bsp.a(alt_sys_init.o)
                                        0x4d0 (size before relaxing)
 .debug_str     0x0000000000000c5f       0x32 ../AudioReproductor_bsp//libhal_bsp.a(altera_avalon_jtag_uart_write.o)
                                        0x250 (size before relaxing)
 .debug_str     0x0000000000000c91       0xba ../AudioReproductor_bsp//libhal_bsp.a(altera_up_avalon_video_character_buffer_with_dma.o)
                                        0x350 (size before relaxing)
 .debug_str     0x0000000000000d4b       0x1f ../AudioReproductor_bsp//libhal_bsp.a(alt_dcache_flush_all.o)
                                        0x16f (size before relaxing)
 .debug_str     0x0000000000000d6a      0x12c ../AudioReproductor_bsp//libhal_bsp.a(alt_dev.o)
                                        0x31f (size before relaxing)
 .debug_str     0x0000000000000e96       0x48 ../AudioReproductor_bsp//libhal_bsp.a(alt_dev_llist_insert.o)
                                        0x1e6 (size before relaxing)
 .debug_str     0x0000000000000ede       0x14 ../AudioReproductor_bsp//libhal_bsp.a(alt_errno.o)
                                        0x15f (size before relaxing)
 .debug_str     0x0000000000000ef2       0x1e ../AudioReproductor_bsp//libhal_bsp.a(alt_find_dev.o)
                                        0x214 (size before relaxing)
 .debug_str     0x0000000000000f10       0x1f ../AudioReproductor_bsp//libhal_bsp.a(alt_icache_flush_all.o)
                                        0x16f (size before relaxing)
 .debug_str     0x0000000000000f2f       0x3a ../AudioReproductor_bsp//libhal_bsp.a(alt_irq_handler.o)
                                        0x1d2 (size before relaxing)
 .debug_str     0x0000000000000f69       0x20 ../AudioReproductor_bsp//libhal_bsp.a(altera_nios2_gen2_irq.o)
                                        0x19f (size before relaxing)
 .debug_str     0x0000000000000f89      0x48b ../AudioReproductor_bsp//libhal_bsp.a(alt_instruction_exception_entry.o)
                                        0x5ba (size before relaxing)
 .debug_str     0x0000000000001414       0xd4 /home/dylanggf/intelFPGA_lite/18.1/nios2eds/bin/gnu/H-x86_64-pc-linux-gnu/bin/../lib/gcc/nios2-elf/5.3.0/../../../../../H-x86_64-pc-linux-gnu/nios2-elf/lib/mno-hw-mul/libsmallc.a(lib_a-int_errno.o)
                                        0x1d9 (size before relaxing)
 .debug_str     0x00000000000014e8       0x3d /home/dylanggf/intelFPGA_lite/18.1/nios2eds/bin/gnu/H-x86_64-pc-linux-gnu/bin/../lib/gcc/nios2-elf/5.3.0/../../../../../H-x86_64-pc-linux-gnu/nios2-elf/lib/mno-hw-mul/libsmallc.a(lib_a-memcmp.o)
                                        0x1e0 (size before relaxing)
 .debug_str     0x0000000000001525       0x3d /home/dylanggf/intelFPGA_lite/18.1/nios2eds/bin/gnu/H-x86_64-pc-linux-gnu/bin/../lib/gcc/nios2-elf/5.3.0/../../../../../H-x86_64-pc-linux-gnu/nios2-elf/lib/mno-hw-mul/libsmallc.a(lib_a-strcmp.o)
                                        0x1d9 (size before relaxing)

.debug_loc      0x0000000000000000     0x11d5
 *(.debug_loc)
 .debug_loc     0x0000000000000000      0x3ec obj/default/hello_world_small.o
 .debug_loc     0x00000000000003ec      0x4ce /home/dylanggf/intelFPGA_lite/18.1/nios2eds/bin/gnu/H-x86_64-pc-linux-gnu/bin/../lib/gcc/nios2-elf/5.3.0/mno-hw-mul/libgcc.a(lib2-divmod.o)
 .debug_loc     0x00000000000008ba       0x93 /home/dylanggf/intelFPGA_lite/18.1/nios2eds/bin/gnu/H-x86_64-pc-linux-gnu/bin/../lib/gcc/nios2-elf/5.3.0/mno-hw-mul/libgcc.a(lib2-mul.o)
 .debug_loc     0x000000000000094d       0x1e /home/dylanggf/intelFPGA_lite/18.1/nios2eds/bin/gnu/H-x86_64-pc-linux-gnu/bin/../lib/gcc/nios2-elf/5.3.0/../../../../../H-x86_64-pc-linux-gnu/nios2-elf/lib/mno-hw-mul/libsmallc.a(lib_a-strlen.o)
 .debug_loc     0x000000000000096b       0xfa ../AudioReproductor_bsp//libhal_bsp.a(alt_irq_register.o)
 .debug_loc     0x0000000000000a65      0x1de ../AudioReproductor_bsp//libhal_bsp.a(alt_printf.o)
 .debug_loc     0x0000000000000c43       0x2c ../AudioReproductor_bsp//libhal_bsp.a(alt_putchar.o)
 .debug_loc     0x0000000000000c6f       0x51 ../AudioReproductor_bsp//libhal_bsp.a(alt_sys_init.o)
 .debug_loc     0x0000000000000cc0       0x8b ../AudioReproductor_bsp//libhal_bsp.a(altera_avalon_jtag_uart_write.o)
 .debug_loc     0x0000000000000d4b      0x1e7 ../AudioReproductor_bsp//libhal_bsp.a(altera_up_avalon_video_character_buffer_with_dma.o)
 .debug_loc     0x0000000000000f32       0x7e ../AudioReproductor_bsp//libhal_bsp.a(alt_dev_llist_insert.o)
 .debug_loc     0x0000000000000fb0       0x7e ../AudioReproductor_bsp//libhal_bsp.a(alt_find_dev.o)
 .debug_loc     0x000000000000102e       0x72 ../AudioReproductor_bsp//libhal_bsp.a(alt_irq_handler.o)
 .debug_loc     0x00000000000010a0       0x65 ../AudioReproductor_bsp//libhal_bsp.a(alt_instruction_exception_entry.o)
 .debug_loc     0x0000000000001105       0x94 /home/dylanggf/intelFPGA_lite/18.1/nios2eds/bin/gnu/H-x86_64-pc-linux-gnu/bin/../lib/gcc/nios2-elf/5.3.0/../../../../../H-x86_64-pc-linux-gnu/nios2-elf/lib/mno-hw-mul/libsmallc.a(lib_a-memcmp.o)
 .debug_loc     0x0000000000001199       0x3c /home/dylanggf/intelFPGA_lite/18.1/nios2eds/bin/gnu/H-x86_64-pc-linux-gnu/bin/../lib/gcc/nios2-elf/5.3.0/../../../../../H-x86_64-pc-linux-gnu/nios2-elf/lib/mno-hw-mul/libsmallc.a(lib_a-strcmp.o)

.debug_macinfo
 *(.debug_macinfo)

.debug_weaknames
 *(.debug_weaknames)

.debug_funcnames
 *(.debug_funcnames)

.debug_typenames
 *(.debug_typenames)

.debug_varnames
 *(.debug_varnames)

.debug_alt_sim_info
                0x0000000000000000       0x10
 *(.debug_alt_sim_info)
 .debug_alt_sim_info
                0x0000000000000000       0x10 ../AudioReproductor_bsp//obj/HAL/src/crt0.o
                0x0000000000010000                __alt_data_end = 0x10000
                0x0000000000010000                PROVIDE (__alt_stack_pointer, __alt_data_end)
                [!provide]                        PROVIDE (__alt_stack_limit, __alt_stack_base)
                [!provide]                        PROVIDE (__alt_heap_start, end)
                [!provide]                        PROVIDE (__alt_heap_limit, 0x10000)
OUTPUT(AudioReproductor.elf elf32-littlenios2)

.debug_ranges   0x0000000000000000      0x298
 .debug_ranges  0x0000000000000000       0x20 ../AudioReproductor_bsp//obj/HAL/src/crt0.o
 .debug_ranges  0x0000000000000020       0xb0 obj/default/hello_world_small.o
 .debug_ranges  0x00000000000000d0       0x60 /home/dylanggf/intelFPGA_lite/18.1/nios2eds/bin/gnu/H-x86_64-pc-linux-gnu/bin/../lib/gcc/nios2-elf/5.3.0/mno-hw-mul/libgcc.a(lib2-divmod.o)
 .debug_ranges  0x0000000000000130       0x10 /home/dylanggf/intelFPGA_lite/18.1/nios2eds/bin/gnu/H-x86_64-pc-linux-gnu/bin/../lib/gcc/nios2-elf/5.3.0/../../../../../H-x86_64-pc-linux-gnu/nios2-elf/lib/mno-hw-mul/libsmallc.a(lib_a-strlen.o)
 .debug_ranges  0x0000000000000140       0x48 ../AudioReproductor_bsp//libhal_bsp.a(alt_load.o)
 .debug_ranges  0x0000000000000188       0x18 ../AudioReproductor_bsp//libhal_bsp.a(alt_printf.o)
 .debug_ranges  0x00000000000001a0       0x38 ../AudioReproductor_bsp//libhal_bsp.a(alt_sys_init.o)
 .debug_ranges  0x00000000000001d8       0x20 ../AudioReproductor_bsp//libhal_bsp.a(alt_dev_llist_insert.o)
 .debug_ranges  0x00000000000001f8       0x28 ../AudioReproductor_bsp//libhal_bsp.a(alt_irq_entry.o)
 .debug_ranges  0x0000000000000220       0x10 ../AudioReproductor_bsp//libhal_bsp.a(alt_irq_handler.o)
 .debug_ranges  0x0000000000000230       0x30 ../AudioReproductor_bsp//libhal_bsp.a(alt_exception_entry.o)
 .debug_ranges  0x0000000000000260       0x18 ../AudioReproductor_bsp//libhal_bsp.a(alt_instruction_exception_entry.o)
 .debug_ranges  0x0000000000000278       0x10 /home/dylanggf/intelFPGA_lite/18.1/nios2eds/bin/gnu/H-x86_64-pc-linux-gnu/bin/../lib/gcc/nios2-elf/5.3.0/../../../../../H-x86_64-pc-linux-gnu/nios2-elf/lib/mno-hw-mul/libsmallc.a(lib_a-memcmp.o)
 .debug_ranges  0x0000000000000288       0x10 /home/dylanggf/intelFPGA_lite/18.1/nios2eds/bin/gnu/H-x86_64-pc-linux-gnu/bin/../lib/gcc/nios2-elf/5.3.0/../../../../../H-x86_64-pc-linux-gnu/nios2-elf/lib/mno-hw-mul/libsmallc.a(lib_a-strcmp.o)
