Archive member included to satisfy reference by file (symbol)

/home/isa/intelFPGA_lite/18.1/nios2eds/bin/gnu/H-x86_64-pc-linux-gnu/bin/../lib/gcc/nios2-elf/5.3.0/mno-hw-mul/libgcc.a(lib2-divmod.o)
                              obj/default/hello_world_small.o (__modsi3)
/home/isa/intelFPGA_lite/18.1/nios2eds/bin/gnu/H-x86_64-pc-linux-gnu/bin/../lib/gcc/nios2-elf/5.3.0/mno-hw-mul/libgcc.a(addsf3.o)
                              obj/default/hello_world_small.o (__addsf3)
/home/isa/intelFPGA_lite/18.1/nios2eds/bin/gnu/H-x86_64-pc-linux-gnu/bin/../lib/gcc/nios2-elf/5.3.0/mno-hw-mul/libgcc.a(mulsf3.o)
                              obj/default/hello_world_small.o (__mulsf3)
/home/isa/intelFPGA_lite/18.1/nios2eds/bin/gnu/H-x86_64-pc-linux-gnu/bin/../lib/gcc/nios2-elf/5.3.0/mno-hw-mul/libgcc.a(subsf3.o)
                              obj/default/hello_world_small.o (__subsf3)
/home/isa/intelFPGA_lite/18.1/nios2eds/bin/gnu/H-x86_64-pc-linux-gnu/bin/../lib/gcc/nios2-elf/5.3.0/mno-hw-mul/libgcc.a(fixsfsi.o)
                              obj/default/hello_world_small.o (__fixsfsi)
/home/isa/intelFPGA_lite/18.1/nios2eds/bin/gnu/H-x86_64-pc-linux-gnu/bin/../lib/gcc/nios2-elf/5.3.0/mno-hw-mul/libgcc.a(floatsisf.o)
                              obj/default/hello_world_small.o (__floatsisf)
/home/isa/intelFPGA_lite/18.1/nios2eds/bin/gnu/H-x86_64-pc-linux-gnu/bin/../lib/gcc/nios2-elf/5.3.0/mno-hw-mul/libgcc.a(_clzsi2.o)
                              /home/isa/intelFPGA_lite/18.1/nios2eds/bin/gnu/H-x86_64-pc-linux-gnu/bin/../lib/gcc/nios2-elf/5.3.0/mno-hw-mul/libgcc.a(addsf3.o) (__clzsi2)
/home/isa/intelFPGA_lite/18.1/nios2eds/bin/gnu/H-x86_64-pc-linux-gnu/bin/../lib/gcc/nios2-elf/5.3.0/mno-hw-mul/libgcc.a(lib2-mul.o)
                              /home/isa/intelFPGA_lite/18.1/nios2eds/bin/gnu/H-x86_64-pc-linux-gnu/bin/../lib/gcc/nios2-elf/5.3.0/mno-hw-mul/libgcc.a(mulsf3.o) (__mulsi3)
/home/isa/intelFPGA_lite/18.1/nios2eds/bin/gnu/H-x86_64-pc-linux-gnu/bin/../lib/gcc/nios2-elf/5.3.0/mno-hw-mul/libgcc.a(_clz.o)
                              /home/isa/intelFPGA_lite/18.1/nios2eds/bin/gnu/H-x86_64-pc-linux-gnu/bin/../lib/gcc/nios2-elf/5.3.0/mno-hw-mul/libgcc.a(_clzsi2.o) (__clz_tab)
/home/isa/intelFPGA_lite/18.1/nios2eds/bin/gnu/H-x86_64-pc-linux-gnu/bin/../lib/gcc/nios2-elf/5.3.0/../../../../../H-x86_64-pc-linux-gnu/nios2-elf/lib/mno-hw-mul/libsmallc.a(lib_a-strlen.o)
                              obj/default/hello_world_small.o (strlen)
../reproductor_bsp//libhal_bsp.a(alt_irq_register.o)
                              obj/default/hello_world_small.o (alt_irq_register)
../reproductor_bsp//libhal_bsp.a(alt_irq_vars.o)
                              ../reproductor_bsp//libhal_bsp.a(alt_irq_register.o) (alt_irq_active)
../reproductor_bsp//libhal_bsp.a(alt_load.o)
                              ../reproductor_bsp//obj/HAL/src/crt0.o (alt_load)
../reproductor_bsp//libhal_bsp.a(alt_main.o)
                              ../reproductor_bsp//obj/HAL/src/crt0.o (alt_main)
../reproductor_bsp//libhal_bsp.a(alt_printf.o)
                              obj/default/hello_world_small.o (alt_printf)
../reproductor_bsp//libhal_bsp.a(alt_putchar.o)
                              ../reproductor_bsp//libhal_bsp.a(alt_printf.o) (alt_putchar)
../reproductor_bsp//libhal_bsp.a(alt_sys_init.o)
                              ../reproductor_bsp//libhal_bsp.a(alt_main.o) (alt_irq_init)
../reproductor_bsp//libhal_bsp.a(altera_avalon_jtag_uart_write.o)
                              ../reproductor_bsp//libhal_bsp.a(alt_putchar.o) (altera_avalon_jtag_uart_write)
../reproductor_bsp//libhal_bsp.a(altera_up_avalon_video_character_buffer_with_dma.o)
                              ../reproductor_bsp//libhal_bsp.a(alt_sys_init.o) (alt_up_char_buffer_init)
../reproductor_bsp//libhal_bsp.a(alt_dcache_flush_all.o)
                              ../reproductor_bsp//libhal_bsp.a(alt_load.o) (alt_dcache_flush_all)
../reproductor_bsp//libhal_bsp.a(alt_dev.o)
                              ../reproductor_bsp//libhal_bsp.a(alt_sys_init.o) (alt_dev_list)
../reproductor_bsp//libhal_bsp.a(alt_dev_llist_insert.o)
                              ../reproductor_bsp//libhal_bsp.a(alt_sys_init.o) (alt_dev_llist_insert)
../reproductor_bsp//libhal_bsp.a(alt_errno.o)
                              ../reproductor_bsp//libhal_bsp.a(alt_dev_llist_insert.o) (alt_errno)
../reproductor_bsp//libhal_bsp.a(alt_find_dev.o)
                              ../reproductor_bsp//libhal_bsp.a(altera_up_avalon_video_character_buffer_with_dma.o) (alt_find_dev)
../reproductor_bsp//libhal_bsp.a(alt_icache_flush_all.o)
                              ../reproductor_bsp//libhal_bsp.a(alt_load.o) (alt_icache_flush_all)
../reproductor_bsp//libhal_bsp.a(alt_irq_entry.o)
                              ../reproductor_bsp//libhal_bsp.a(alt_irq_register.o) (alt_irq_entry)
../reproductor_bsp//libhal_bsp.a(alt_irq_handler.o)
                              ../reproductor_bsp//libhal_bsp.a(alt_irq_register.o) (alt_irq_handler)
../reproductor_bsp//libhal_bsp.a(altera_nios2_gen2_irq.o)
                              ../reproductor_bsp//libhal_bsp.a(alt_sys_init.o) (altera_nios2_gen2_irq_init)
../reproductor_bsp//libhal_bsp.a(alt_exception_entry.o)
                              ../reproductor_bsp//libhal_bsp.a(alt_irq_entry.o) (alt_exception)
../reproductor_bsp//libhal_bsp.a(alt_instruction_exception_entry.o)
                              ../reproductor_bsp//libhal_bsp.a(alt_exception_entry.o) (alt_instruction_exception_entry)
/home/isa/intelFPGA_lite/18.1/nios2eds/bin/gnu/H-x86_64-pc-linux-gnu/bin/../lib/gcc/nios2-elf/5.3.0/../../../../../H-x86_64-pc-linux-gnu/nios2-elf/lib/mno-hw-mul/libsmallc.a(lib_a-int_errno.o)
                              ../reproductor_bsp//libhal_bsp.a(alt_dev_llist_insert.o) (errno)
/home/isa/intelFPGA_lite/18.1/nios2eds/bin/gnu/H-x86_64-pc-linux-gnu/bin/../lib/gcc/nios2-elf/5.3.0/../../../../../H-x86_64-pc-linux-gnu/nios2-elf/lib/mno-hw-mul/libsmallc.a(lib_a-memcmp.o)
                              ../reproductor_bsp//libhal_bsp.a(alt_find_dev.o) (memcmp)
/home/isa/intelFPGA_lite/18.1/nios2eds/bin/gnu/H-x86_64-pc-linux-gnu/bin/../lib/gcc/nios2-elf/5.3.0/../../../../../H-x86_64-pc-linux-gnu/nios2-elf/lib/mno-hw-mul/libsmallc.a(lib_a-strcmp.o)
                              ../reproductor_bsp//libhal_bsp.a(altera_up_avalon_video_character_buffer_with_dma.o) (strcmp)

Allocating common symbols
Common symbol       size              file

alt_irq             0x100             ../reproductor_bsp//libhal_bsp.a(alt_irq_handler.o)
errno               0x4               /home/isa/intelFPGA_lite/18.1/nios2eds/bin/gnu/H-x86_64-pc-linux-gnu/bin/../lib/gcc/nios2-elf/5.3.0/../../../../../H-x86_64-pc-linux-gnu/nios2-elf/lib/mno-hw-mul/libsmallc.a(lib_a-int_errno.o)
elapsed_ms          0x4               obj/default/hello_world_small.o

Memory Configuration

Name             Origin             Length             Attributes
reset            0x0000000000020000 0x0000000000000020
RAM              0x0000000000020020 0x000000000001ffe0
*default*        0x0000000000000000 0xffffffffffffffff

Linker script and memory map

LOAD ../reproductor_bsp//obj/HAL/src/crt0.o
LOAD obj/default/hello_world_small.o
LOAD /home/isa/intelFPGA_lite/18.1/nios2eds/bin/gnu/H-x86_64-pc-linux-gnu/bin/../lib/gcc/nios2-elf/5.3.0/../../../../../H-x86_64-pc-linux-gnu/nios2-elf/lib/mno-hw-mul/libstdc++.a
LOAD /home/isa/intelFPGA_lite/18.1/nios2eds/bin/gnu/H-x86_64-pc-linux-gnu/bin/../lib/gcc/nios2-elf/5.3.0/../../../../../H-x86_64-pc-linux-gnu/nios2-elf/lib/mno-hw-mul/libm.a
LOAD /home/isa/intelFPGA_lite/18.1/nios2eds/bin/gnu/H-x86_64-pc-linux-gnu/bin/../lib/gcc/nios2-elf/5.3.0/mno-hw-mul/libgcc.a
START GROUP
LOAD /home/isa/intelFPGA_lite/18.1/nios2eds/bin/gnu/H-x86_64-pc-linux-gnu/bin/../lib/gcc/nios2-elf/5.3.0/../../../../../H-x86_64-pc-linux-gnu/nios2-elf/lib/mno-hw-mul/libsmallc.a
LOAD /home/isa/intelFPGA_lite/18.1/nios2eds/bin/gnu/H-x86_64-pc-linux-gnu/bin/../lib/gcc/nios2-elf/5.3.0/mno-hw-mul/libgcc.a
LOAD ../reproductor_bsp//libhal_bsp.a
LOAD /home/isa/intelFPGA_lite/18.1/nios2eds/bin/gnu/H-x86_64-pc-linux-gnu/bin/../lib/gcc/nios2-elf/5.3.0/../../../../../H-x86_64-pc-linux-gnu/nios2-elf/lib/mno-hw-mul/libm.a
END GROUP
LOAD /home/isa/intelFPGA_lite/18.1/nios2eds/bin/gnu/H-x86_64-pc-linux-gnu/bin/../lib/gcc/nios2-elf/5.3.0/mno-hw-mul/libgcc.a
                0x0000000000020000                __alt_mem_RAM = 0x20000

.entry          0x0000000000020000       0x20
 *(.entry)
 .entry         0x0000000000020000       0x20 ../reproductor_bsp//obj/HAL/src/crt0.o
                0x0000000000020000                __reset
                0x000000000002000c                _exit

.exceptions     0x0000000000020020      0x160
                0x0000000000020020                PROVIDE (__ram_exceptions_start, ABSOLUTE (.))
                0x0000000000020020                . = ALIGN (0x20)
 *(.irq)
 *(.exceptions.entry.label)
 .exceptions.entry.label
                0x0000000000020020        0x0 ../reproductor_bsp//libhal_bsp.a(alt_irq_entry.o)
                0x0000000000020020                alt_irq_entry
 .exceptions.entry.label
                0x0000000000020020        0x0 ../reproductor_bsp//libhal_bsp.a(alt_exception_entry.o)
                0x0000000000020020                alt_exception
 *(.exceptions.entry.user)
 *(.exceptions.entry.ecc_fatal)
 *(.exceptions.entry)
 .exceptions.entry
                0x0000000000020020       0x54 ../reproductor_bsp//libhal_bsp.a(alt_exception_entry.o)
 *(.exceptions.irqtest.user)
 *(.exceptions.irqtest)
 .exceptions.irqtest
                0x0000000000020074       0x10 ../reproductor_bsp//libhal_bsp.a(alt_irq_entry.o)
 *(.exceptions.irqhandler.user)
 *(.exceptions.irqhandler)
 .exceptions.irqhandler
                0x0000000000020084        0x4 ../reproductor_bsp//libhal_bsp.a(alt_irq_entry.o)
 *(.exceptions.irqreturn.user)
 *(.exceptions.irqreturn)
 .exceptions.irqreturn
                0x0000000000020088        0x4 ../reproductor_bsp//libhal_bsp.a(alt_irq_entry.o)
 *(.exceptions.notirq.label)
 .exceptions.notirq.label
                0x000000000002008c        0x0 ../reproductor_bsp//libhal_bsp.a(alt_irq_entry.o)
 *(.exceptions.notirq.user)
 *(.exceptions.notirq)
 .exceptions.notirq
                0x000000000002008c        0x8 ../reproductor_bsp//libhal_bsp.a(alt_exception_entry.o)
 *(.exceptions.soft.user)
 *(.exceptions.soft)
 *(.exceptions.unknown.user)
 *(.exceptions.unknown)
 .exceptions.unknown
                0x0000000000020094       0x14 ../reproductor_bsp//libhal_bsp.a(alt_exception_entry.o)
 *(.exceptions.exit.label)
 .exceptions.exit.label
                0x00000000000200a8        0x0 ../reproductor_bsp//libhal_bsp.a(alt_irq_entry.o)
 .exceptions.exit.label
                0x00000000000200a8        0x0 ../reproductor_bsp//libhal_bsp.a(alt_exception_entry.o)
 *(.exceptions.exit.user)
 *(.exceptions.exit)
 .exceptions.exit
                0x00000000000200a8       0x54 ../reproductor_bsp//libhal_bsp.a(alt_exception_entry.o)
 *(.exceptions)
 .exceptions    0x00000000000200fc       0x60 ../reproductor_bsp//libhal_bsp.a(alt_irq_handler.o)
                0x00000000000200fc                alt_irq_handler
 .exceptions    0x000000000002015c       0x24 ../reproductor_bsp//libhal_bsp.a(alt_instruction_exception_entry.o)
                0x000000000002015c                alt_instruction_exception_entry
                0x0000000000020180                PROVIDE (__ram_exceptions_end, ABSOLUTE (.))
                0x0000000000020020                PROVIDE (__flash_exceptions_start, LOADADDR (.exceptions))

.text           0x0000000000020180     0x227c
                [!provide]                        PROVIDE (stext, ABSOLUTE (.))
 *(.interp)
 *(.hash)
 *(.dynsym)
 *(.dynstr)
 *(.gnu.version)
 *(.gnu.version_d)
 *(.gnu.version_r)
 *(.rel.init)
 *(.rela.init)
 *(.rel.text .rel.text.* .rel.gnu.linkonce.t.*)
 *(.rela.text .rela.text.* .rela.gnu.linkonce.t.*)
 *(.rel.fini)
 *(.rela.fini)
 *(.rel.rodata .rel.rodata.* .rel.gnu.linkonce.r.*)
 *(.rela.rodata .rela.rodata.* .rela.gnu.linkonce.r.*)
 *(.rel.data .rel.data.* .rel.gnu.linkonce.d.*)
 *(.rela.data .rela.data.* .rela.gnu.linkonce.d.*)
 *(.rel.tdata .rel.tdata.* .rel.gnu.linkonce.td.*)
 *(.rela.tdata .rela.tdata.* .rela.gnu.linkonce.td.*)
 *(.rel.tbss .rel.tbss.* .rel.gnu.linkonce.tb.*)
 *(.rela.tbss .rela.tbss.* .rela.gnu.linkonce.tb.*)
 *(.rel.ctors)
 *(.rela.ctors)
 *(.rel.dtors)
 *(.rela.dtors)
 *(.rel.got)
 *(.rela.got)
 *(.rel.sdata .rel.sdata.* .rel.gnu.linkonce.s.*)
 *(.rela.sdata .rela.sdata.* .rela.gnu.linkonce.s.*)
 *(.rel.sbss .rel.sbss.* .rel.gnu.linkonce.sb.*)
 *(.rela.sbss .rela.sbss.* .rela.gnu.linkonce.sb.*)
 *(.rel.sdata2 .rel.sdata2.* .rel.gnu.linkonce.s2.*)
 *(.rela.sdata2 .rela.sdata2.* .rela.gnu.linkonce.s2.*)
 *(.rel.sbss2 .rel.sbss2.* .rel.gnu.linkonce.sb2.*)
 *(.rela.sbss2 .rela.sbss2.* .rela.gnu.linkonce.sb2.*)
 *(.rel.bss .rel.bss.* .rel.gnu.linkonce.b.*)
 *(.rela.bss .rela.bss.* .rela.gnu.linkonce.b.*)
 *(.rel.plt)
 *(.rela.plt)
 *(.rel.dyn)
 *(.init)
 *(.plt)
 *(.text .stub .text.* .gnu.linkonce.t.*)
 .text          0x0000000000020180       0x3c ../reproductor_bsp//obj/HAL/src/crt0.o
                0x0000000000020180                _start
 .text          0x00000000000201bc      0x598 obj/default/hello_world_small.o
                0x00000000000201bc                apply_filter
                0x00000000000202d0                decoder7seg
                0x00000000000202f4                update_display
                0x00000000000203d4                timer_ir_handler
                0x00000000000204ac                init_audio
                0x00000000000204c8                get_fifo_space
                0x00000000000204d8                write_audio_sample
                0x000000000002051c                read_audio_from_fifo
                0x0000000000020574                add_to_buffer
                0x00000000000205d0                get_from_buffer
                0x0000000000020630                init_message_ram
                0x0000000000020680                vga_show_from_ram
 .text.startup  0x0000000000020754      0x398 obj/default/hello_world_small.o
                0x0000000000020754                main
 .text          0x0000000000020aec      0x1b4 /home/isa/intelFPGA_lite/18.1/nios2eds/bin/gnu/H-x86_64-pc-linux-gnu/bin/../lib/gcc/nios2-elf/5.3.0/mno-hw-mul/libgcc.a(lib2-divmod.o)
                0x0000000000020aec                __divsi3
                0x0000000000020b70                __modsi3
                0x0000000000020be4                __udivsi3
                0x0000000000020c48                __umodsi3
 .text          0x0000000000020ca0      0x4c8 /home/isa/intelFPGA_lite/18.1/nios2eds/bin/gnu/H-x86_64-pc-linux-gnu/bin/../lib/gcc/nios2-elf/5.3.0/mno-hw-mul/libgcc.a(addsf3.o)
                0x0000000000020ca0                __addsf3
 .text          0x0000000000021168      0x430 /home/isa/intelFPGA_lite/18.1/nios2eds/bin/gnu/H-x86_64-pc-linux-gnu/bin/../lib/gcc/nios2-elf/5.3.0/mno-hw-mul/libgcc.a(mulsf3.o)
                0x0000000000021168                __mulsf3
 .text          0x0000000000021598      0x4e4 /home/isa/intelFPGA_lite/18.1/nios2eds/bin/gnu/H-x86_64-pc-linux-gnu/bin/../lib/gcc/nios2-elf/5.3.0/mno-hw-mul/libgcc.a(subsf3.o)
                0x0000000000021598                __subsf3
 .text          0x0000000000021a7c       0x70 /home/isa/intelFPGA_lite/18.1/nios2eds/bin/gnu/H-x86_64-pc-linux-gnu/bin/../lib/gcc/nios2-elf/5.3.0/mno-hw-mul/libgcc.a(fixsfsi.o)
                0x0000000000021a7c                __fixsfsi
 .text          0x0000000000021aec      0x124 /home/isa/intelFPGA_lite/18.1/nios2eds/bin/gnu/H-x86_64-pc-linux-gnu/bin/../lib/gcc/nios2-elf/5.3.0/mno-hw-mul/libgcc.a(floatsisf.o)
                0x0000000000021aec                __floatsisf
 .text          0x0000000000021c10       0x64 /home/isa/intelFPGA_lite/18.1/nios2eds/bin/gnu/H-x86_64-pc-linux-gnu/bin/../lib/gcc/nios2-elf/5.3.0/mno-hw-mul/libgcc.a(_clzsi2.o)
                0x0000000000021c10                __clzsi2
 .text          0x0000000000021c74       0x28 /home/isa/intelFPGA_lite/18.1/nios2eds/bin/gnu/H-x86_64-pc-linux-gnu/bin/../lib/gcc/nios2-elf/5.3.0/mno-hw-mul/libgcc.a(lib2-mul.o)
                0x0000000000021c74                __mulsi3
 .text          0x0000000000021c9c        0x0 /home/isa/intelFPGA_lite/18.1/nios2eds/bin/gnu/H-x86_64-pc-linux-gnu/bin/../lib/gcc/nios2-elf/5.3.0/mno-hw-mul/libgcc.a(_clz.o)
 .text          0x0000000000021c9c        0x0 /home/isa/intelFPGA_lite/18.1/nios2eds/bin/gnu/H-x86_64-pc-linux-gnu/bin/../lib/gcc/nios2-elf/5.3.0/../../../../../H-x86_64-pc-linux-gnu/nios2-elf/lib/mno-hw-mul/libsmallc.a(lib_a-strlen.o)
 .text.strlen   0x0000000000021c9c       0x1c /home/isa/intelFPGA_lite/18.1/nios2eds/bin/gnu/H-x86_64-pc-linux-gnu/bin/../lib/gcc/nios2-elf/5.3.0/../../../../../H-x86_64-pc-linux-gnu/nios2-elf/lib/mno-hw-mul/libsmallc.a(lib_a-strlen.o)
                0x0000000000021c9c                strlen
 .text          0x0000000000021cb8       0x94 ../reproductor_bsp//libhal_bsp.a(alt_irq_register.o)
                0x0000000000021cb8                alt_irq_register
 .text          0x0000000000021d4c        0x0 ../reproductor_bsp//libhal_bsp.a(alt_irq_vars.o)
 .text          0x0000000000021d4c       0xe0 ../reproductor_bsp//libhal_bsp.a(alt_load.o)
                0x0000000000021d4c                alt_load
 .text          0x0000000000021e2c       0x2c ../reproductor_bsp//libhal_bsp.a(alt_main.o)
                0x0000000000021e2c                alt_main
 .text          0x0000000000021e58      0x170 ../reproductor_bsp//libhal_bsp.a(alt_printf.o)
                0x0000000000021e58                alt_printf
 .text          0x0000000000021fc8       0x48 ../reproductor_bsp//libhal_bsp.a(alt_putchar.o)
                0x0000000000021fc8                alt_putchar
 .text          0x0000000000022010       0xb4 ../reproductor_bsp//libhal_bsp.a(alt_sys_init.o)
                0x0000000000022010                alt_irq_init
                0x0000000000022030                alt_sys_init
 .text          0x00000000000220c4       0x34 ../reproductor_bsp//libhal_bsp.a(altera_avalon_jtag_uart_write.o)
                0x00000000000220c4                altera_avalon_jtag_uart_write
 .text          0x00000000000220f8      0x130 ../reproductor_bsp//libhal_bsp.a(altera_up_avalon_video_character_buffer_with_dma.o)
                0x00000000000220f8                alt_up_char_buffer_init
                0x0000000000022144                alt_up_char_buffer_open_dev
                0x000000000002214c                alt_up_char_buffer_draw
                0x000000000002219c                alt_up_char_buffer_string
                0x0000000000022208                alt_up_char_buffer_clear
 .text          0x0000000000022228        0x4 ../reproductor_bsp//libhal_bsp.a(alt_dcache_flush_all.o)
                0x0000000000022228                alt_dcache_flush_all
 .text          0x000000000002222c        0x8 ../reproductor_bsp//libhal_bsp.a(alt_dev.o)
 .text          0x0000000000022234       0x6c ../reproductor_bsp//libhal_bsp.a(alt_dev_llist_insert.o)
                0x0000000000022234                alt_dev_llist_insert
 .text          0x00000000000222a0        0x0 ../reproductor_bsp//libhal_bsp.a(alt_errno.o)
 .text          0x00000000000222a0       0x74 ../reproductor_bsp//libhal_bsp.a(alt_find_dev.o)
                0x00000000000222a0                alt_find_dev
 .text          0x0000000000022314        0x4 ../reproductor_bsp//libhal_bsp.a(alt_icache_flush_all.o)
                0x0000000000022314                alt_icache_flush_all
 .text          0x0000000000022318        0x0 ../reproductor_bsp//libhal_bsp.a(alt_irq_entry.o)
 .text          0x0000000000022318        0x0 ../reproductor_bsp//libhal_bsp.a(alt_irq_handler.o)
 .text          0x0000000000022318        0x8 ../reproductor_bsp//libhal_bsp.a(altera_nios2_gen2_irq.o)
                0x0000000000022318                altera_nios2_gen2_irq_init
 .text          0x0000000000022320        0x0 ../reproductor_bsp//libhal_bsp.a(alt_exception_entry.o)
 .text          0x0000000000022320       0x74 ../reproductor_bsp//libhal_bsp.a(alt_instruction_exception_entry.o)
                0x0000000000022320                alt_exception_cause_generated_bad_addr
 .text          0x0000000000022394        0x0 /home/isa/intelFPGA_lite/18.1/nios2eds/bin/gnu/H-x86_64-pc-linux-gnu/bin/../lib/gcc/nios2-elf/5.3.0/../../../../../H-x86_64-pc-linux-gnu/nios2-elf/lib/mno-hw-mul/libsmallc.a(lib_a-int_errno.o)
 .text          0x0000000000022394        0x0 /home/isa/intelFPGA_lite/18.1/nios2eds/bin/gnu/H-x86_64-pc-linux-gnu/bin/../lib/gcc/nios2-elf/5.3.0/../../../../../H-x86_64-pc-linux-gnu/nios2-elf/lib/mno-hw-mul/libsmallc.a(lib_a-memcmp.o)
 .text.memcmp   0x0000000000022394       0x30 /home/isa/intelFPGA_lite/18.1/nios2eds/bin/gnu/H-x86_64-pc-linux-gnu/bin/../lib/gcc/nios2-elf/5.3.0/../../../../../H-x86_64-pc-linux-gnu/nios2-elf/lib/mno-hw-mul/libsmallc.a(lib_a-memcmp.o)
                0x0000000000022394                memcmp
 .text          0x00000000000223c4        0x0 /home/isa/intelFPGA_lite/18.1/nios2eds/bin/gnu/H-x86_64-pc-linux-gnu/bin/../lib/gcc/nios2-elf/5.3.0/../../../../../H-x86_64-pc-linux-gnu/nios2-elf/lib/mno-hw-mul/libsmallc.a(lib_a-strcmp.o)
 .text.strcmp   0x00000000000223c4       0x38 /home/isa/intelFPGA_lite/18.1/nios2eds/bin/gnu/H-x86_64-pc-linux-gnu/bin/../lib/gcc/nios2-elf/5.3.0/../../../../../H-x86_64-pc-linux-gnu/nios2-elf/lib/mno-hw-mul/libsmallc.a(lib_a-strcmp.o)
                0x00000000000223c4                strcmp
 *(.gnu.warning.*)
 *(.fini)
                [!provide]                        PROVIDE (__etext, ABSOLUTE (.))
                [!provide]                        PROVIDE (_etext, ABSOLUTE (.))
                [!provide]                        PROVIDE (etext, ABSOLUTE (.))
 *(.eh_frame_hdr)
                0x00000000000223fc                . = ALIGN (0x4)
                [!provide]                        PROVIDE (__preinit_array_start, ABSOLUTE (.))
 *(.preinit_array)
                [!provide]                        PROVIDE (__preinit_array_end, ABSOLUTE (.))
                [!provide]                        PROVIDE (__init_array_start, ABSOLUTE (.))
 *(.init_array)
                [!provide]                        PROVIDE (__init_array_end, ABSOLUTE (.))
                [!provide]                        PROVIDE (__fini_array_start, ABSOLUTE (.))
 *(.fini_array)
                [!provide]                        PROVIDE (__fini_array_end, ABSOLUTE (.))
 *(.eh_frame)
 *(.gcc_except_table .gcc_except_table.*)
 *(.dynamic)
                [!provide]                        PROVIDE (__CTOR_LIST__, ABSOLUTE (.))
 *(.ctors)
 *(SORT(.ctors.*))
                [!provide]                        PROVIDE (__CTOR_END__, ABSOLUTE (.))
                [!provide]                        PROVIDE (__DTOR_LIST__, ABSOLUTE (.))
 *(.dtors)
 *(SORT(.dtors.*))
                [!provide]                        PROVIDE (__DTOR_END__, ABSOLUTE (.))
 *(.jcr)
                0x00000000000223fc                . = ALIGN (0x4)

.rodata         0x00000000000223fc      0x218
                0x00000000000223fc                PROVIDE (__ram_rodata_start, ABSOLUTE (.))
                0x00000000000223fc                . = ALIGN (0x4)
 *(.rodata .rodata.* .gnu.linkonce.r.*)
 .rodata.str1.4
                0x00000000000223fc       0xb2 obj/default/hello_world_small.o
 .rodata        0x00000000000224ae        0xa obj/default/hello_world_small.o
 .rodata        0x00000000000224b8      0x100 /home/isa/intelFPGA_lite/18.1/nios2eds/bin/gnu/H-x86_64-pc-linux-gnu/bin/../lib/gcc/nios2-elf/5.3.0/mno-hw-mul/libgcc.a(_clz.o)
                0x00000000000224b8                __clz_tab
 .rodata.str1.4
                0x00000000000225b8       0x4d ../reproductor_bsp//libhal_bsp.a(alt_sys_init.o)
 .rodata.str1.4
                0x0000000000022605       0x4d ../reproductor_bsp//libhal_bsp.a(altera_up_avalon_video_character_buffer_with_dma.o)
                                         0x1a (size before relaxing)
 *fill*         0x0000000000022605        0x3 
 .rodata.str1.4
                0x0000000000022608        0xc ../reproductor_bsp//libhal_bsp.a(alt_dev.o)
                                          0xa (size before relaxing)
 *(.rodata1)
                0x0000000000022614                . = ALIGN (0x4)
                0x0000000000022614                PROVIDE (__ram_rodata_end, ABSOLUTE (.))
                0x00000000000223fc                PROVIDE (__flash_rodata_start, LOADADDR (.rodata))

.rwdata         0x0000000000022614      0x264 load address 0x0000000000022878
                0x0000000000022614                PROVIDE (__ram_rwdata_start, ABSOLUTE (.))
                0x0000000000022614                . = ALIGN (0x4)
 *(.got.plt)
 *(.got)
 *(.data1)
 *(.data .data.* .gnu.linkonce.d.*)
 .data          0x0000000000022614        0x0 ../reproductor_bsp//obj/HAL/src/crt0.o
 .data          0x0000000000022614      0x12c obj/default/hello_world_small.o
                0x0000000000022614                song_msgs
                0x0000000000022620                a4
                0x0000000000022644                b4
                0x0000000000022668                a3
                0x000000000002268c                b3
                0x00000000000226b0                a2
                0x00000000000226d4                b2
                0x00000000000226f8                a1
                0x000000000002271c                b1
 .data          0x0000000000022740        0x0 /home/isa/intelFPGA_lite/18.1/nios2eds/bin/gnu/H-x86_64-pc-linux-gnu/bin/../lib/gcc/nios2-elf/5.3.0/mno-hw-mul/libgcc.a(lib2-divmod.o)
 .data          0x0000000000022740        0x0 /home/isa/intelFPGA_lite/18.1/nios2eds/bin/gnu/H-x86_64-pc-linux-gnu/bin/../lib/gcc/nios2-elf/5.3.0/mno-hw-mul/libgcc.a(addsf3.o)
 .data          0x0000000000022740        0x0 /home/isa/intelFPGA_lite/18.1/nios2eds/bin/gnu/H-x86_64-pc-linux-gnu/bin/../lib/gcc/nios2-elf/5.3.0/mno-hw-mul/libgcc.a(mulsf3.o)
 .data          0x0000000000022740        0x0 /home/isa/intelFPGA_lite/18.1/nios2eds/bin/gnu/H-x86_64-pc-linux-gnu/bin/../lib/gcc/nios2-elf/5.3.0/mno-hw-mul/libgcc.a(subsf3.o)
 .data          0x0000000000022740        0x0 /home/isa/intelFPGA_lite/18.1/nios2eds/bin/gnu/H-x86_64-pc-linux-gnu/bin/../lib/gcc/nios2-elf/5.3.0/mno-hw-mul/libgcc.a(fixsfsi.o)
 .data          0x0000000000022740        0x0 /home/isa/intelFPGA_lite/18.1/nios2eds/bin/gnu/H-x86_64-pc-linux-gnu/bin/../lib/gcc/nios2-elf/5.3.0/mno-hw-mul/libgcc.a(floatsisf.o)
 .data          0x0000000000022740        0x0 /home/isa/intelFPGA_lite/18.1/nios2eds/bin/gnu/H-x86_64-pc-linux-gnu/bin/../lib/gcc/nios2-elf/5.3.0/mno-hw-mul/libgcc.a(_clzsi2.o)
 .data          0x0000000000022740        0x0 /home/isa/intelFPGA_lite/18.1/nios2eds/bin/gnu/H-x86_64-pc-linux-gnu/bin/../lib/gcc/nios2-elf/5.3.0/mno-hw-mul/libgcc.a(lib2-mul.o)
 .data          0x0000000000022740        0x0 /home/isa/intelFPGA_lite/18.1/nios2eds/bin/gnu/H-x86_64-pc-linux-gnu/bin/../lib/gcc/nios2-elf/5.3.0/mno-hw-mul/libgcc.a(_clz.o)
 .data          0x0000000000022740        0x0 /home/isa/intelFPGA_lite/18.1/nios2eds/bin/gnu/H-x86_64-pc-linux-gnu/bin/../lib/gcc/nios2-elf/5.3.0/../../../../../H-x86_64-pc-linux-gnu/nios2-elf/lib/mno-hw-mul/libsmallc.a(lib_a-strlen.o)
 .data          0x0000000000022740        0x0 ../reproductor_bsp//libhal_bsp.a(alt_irq_register.o)
 .data          0x0000000000022740        0x0 ../reproductor_bsp//libhal_bsp.a(alt_irq_vars.o)
 .data          0x0000000000022740        0x0 ../reproductor_bsp//libhal_bsp.a(alt_load.o)
 .data          0x0000000000022740        0x0 ../reproductor_bsp//libhal_bsp.a(alt_main.o)
 .data          0x0000000000022740        0x0 ../reproductor_bsp//libhal_bsp.a(alt_printf.o)
 .data          0x0000000000022740        0x0 ../reproductor_bsp//libhal_bsp.a(alt_putchar.o)
 .data          0x0000000000022740       0xa8 ../reproductor_bsp//libhal_bsp.a(alt_sys_init.o)
 .data          0x00000000000227e8        0x0 ../reproductor_bsp//libhal_bsp.a(altera_avalon_jtag_uart_write.o)
 .data          0x00000000000227e8        0x0 ../reproductor_bsp//libhal_bsp.a(altera_up_avalon_video_character_buffer_with_dma.o)
 .data          0x00000000000227e8        0x0 ../reproductor_bsp//libhal_bsp.a(alt_dcache_flush_all.o)
 .data          0x00000000000227e8       0x58 ../reproductor_bsp//libhal_bsp.a(alt_dev.o)
                0x00000000000227e8                alt_fd_list
                0x0000000000022818                alt_dev_null
 .data          0x0000000000022840        0x0 ../reproductor_bsp//libhal_bsp.a(alt_dev_llist_insert.o)
 .data          0x0000000000022840        0x0 ../reproductor_bsp//libhal_bsp.a(alt_errno.o)
 .data          0x0000000000022840        0x0 ../reproductor_bsp//libhal_bsp.a(alt_find_dev.o)
 .data          0x0000000000022840        0x0 ../reproductor_bsp//libhal_bsp.a(alt_icache_flush_all.o)
 .data          0x0000000000022840        0x0 ../reproductor_bsp//libhal_bsp.a(alt_irq_entry.o)
 .data          0x0000000000022840        0x0 ../reproductor_bsp//libhal_bsp.a(alt_irq_handler.o)
 .data          0x0000000000022840        0x0 ../reproductor_bsp//libhal_bsp.a(altera_nios2_gen2_irq.o)
 .data          0x0000000000022840        0x0 ../reproductor_bsp//libhal_bsp.a(alt_exception_entry.o)
 .data          0x0000000000022840        0x0 ../reproductor_bsp//libhal_bsp.a(alt_instruction_exception_entry.o)
 .data          0x0000000000022840        0x0 /home/isa/intelFPGA_lite/18.1/nios2eds/bin/gnu/H-x86_64-pc-linux-gnu/bin/../lib/gcc/nios2-elf/5.3.0/../../../../../H-x86_64-pc-linux-gnu/nios2-elf/lib/mno-hw-mul/libsmallc.a(lib_a-int_errno.o)
 .data          0x0000000000022840        0x0 /home/isa/intelFPGA_lite/18.1/nios2eds/bin/gnu/H-x86_64-pc-linux-gnu/bin/../lib/gcc/nios2-elf/5.3.0/../../../../../H-x86_64-pc-linux-gnu/nios2-elf/lib/mno-hw-mul/libsmallc.a(lib_a-memcmp.o)
 .data          0x0000000000022840        0x0 /home/isa/intelFPGA_lite/18.1/nios2eds/bin/gnu/H-x86_64-pc-linux-gnu/bin/../lib/gcc/nios2-elf/5.3.0/../../../../../H-x86_64-pc-linux-gnu/nios2-elf/lib/mno-hw-mul/libsmallc.a(lib_a-strcmp.o)
                0x000000000002a840                _gp = ABSOLUTE ((. + 0x8000))
                [!provide]                        PROVIDE (gp, _gp)
 *(.rwdata .rwdata.*)
 *(.sdata .sdata.* .gnu.linkonce.s.*)
 .sdata         0x0000000000022840       0x18 obj/default/hello_world_small.o
                0x0000000000022840                audio_right_ptr
                0x0000000000022844                audio_left_ptr
                0x0000000000022848                audio_fifospace_ptr
                0x000000000002284c                audio_control_ptr
                0x0000000000022850                fifo_out_ptr
                0x0000000000022854                fifo_in_ptr
 .sdata         0x0000000000022858        0x4 ../reproductor_bsp//libhal_bsp.a(alt_irq_vars.o)
                0x0000000000022858                alt_priority_mask
 .sdata         0x000000000002285c        0x4 ../reproductor_bsp//libhal_bsp.a(alt_sys_init.o)
                0x000000000002285c                JTAG
 .sdata         0x0000000000022860       0x14 ../reproductor_bsp//libhal_bsp.a(alt_dev.o)
                0x0000000000022860                alt_max_fd
                0x0000000000022864                alt_dev_list
                0x000000000002286c                alt_fs_list
 .sdata         0x0000000000022874        0x4 ../reproductor_bsp//libhal_bsp.a(alt_errno.o)
                0x0000000000022874                alt_errno
 *(.sdata2 .sdata2.* .gnu.linkonce.s2.*)
                0x0000000000022878                . = ALIGN (0x4)
                0x0000000000022878                _edata = ABSOLUTE (.)
                [!provide]                        PROVIDE (edata, ABSOLUTE (.))
                0x0000000000022878                PROVIDE (__ram_rwdata_end, ABSOLUTE (.))
                0x0000000000022878                PROVIDE (__flash_rwdata_start, LOADADDR (.rwdata))

.bss            0x0000000000022adc     0x125c
                0x0000000000022adc                __bss_start = ABSOLUTE (.)
                [!provide]                        PROVIDE (__sbss_start, ABSOLUTE (.))
                [!provide]                        PROVIDE (___sbss_start, ABSOLUTE (.))
 *(.dynsbss)
 *(.sbss .sbss.* .gnu.linkonce.sb.*)
 .sbss          0x0000000000022adc       0x1f obj/default/hello_world_small.o
                0x0000000000022af6                eq4
                0x0000000000022af7                eq3
                0x0000000000022af8                eq2
                0x0000000000022af9                eq1
                0x0000000000022afa                paused
 *fill*         0x0000000000022afb        0x1 
 .sbss          0x0000000000022afc        0x4 obj/default/hello_world_small.o
                0x0000000000022afc                elapsed_ms
 .sbss          0x0000000000022b00        0x4 ../reproductor_bsp//libhal_bsp.a(alt_irq_vars.o)
                0x0000000000022b00                alt_irq_active
 .sbss          0x0000000000022b04        0xc ../reproductor_bsp//libhal_bsp.a(alt_main.o)
                0x0000000000022b04                alt_envp
                0x0000000000022b08                alt_argv
                0x0000000000022b0c                alt_argc
 .sbss          0x0000000000022b10        0x4 ../reproductor_bsp//libhal_bsp.a(alt_instruction_exception_entry.o)
                0x0000000000022b10                alt_instruction_exception_handler
 .sbss          0x0000000000022b14        0x4 /home/isa/intelFPGA_lite/18.1/nios2eds/bin/gnu/H-x86_64-pc-linux-gnu/bin/../lib/gcc/nios2-elf/5.3.0/../../../../../H-x86_64-pc-linux-gnu/nios2-elf/lib/mno-hw-mul/libsmallc.a(lib_a-int_errno.o)
                0x0000000000022b14                errno
 *(.sbss2 .sbss2.* .gnu.linkonce.sb2.*)
 *(.scommon)
                [!provide]                        PROVIDE (__sbss_end, ABSOLUTE (.))
                [!provide]                        PROVIDE (___sbss_end, ABSOLUTE (.))
 *(.dynbss)
 *(.bss .bss.* .gnu.linkonce.b.*)
 .bss           0x0000000000022b18        0x0 ../reproductor_bsp//obj/HAL/src/crt0.o
 .bss           0x0000000000022b18     0x1120 obj/default/hello_world_small.o
                0x0000000000022b18                y_hist_4
                0x0000000000022b3c                x_hist_4
                0x0000000000022b60                y_hist_3
                0x0000000000022b84                x_hist_3
                0x0000000000022ba8                y_hist_2
                0x0000000000022bcc                x_hist_2
                0x0000000000022bf0                y_hist_1
                0x0000000000022c14                x_hist_1
 .bss           0x0000000000023c38        0x0 /home/isa/intelFPGA_lite/18.1/nios2eds/bin/gnu/H-x86_64-pc-linux-gnu/bin/../lib/gcc/nios2-elf/5.3.0/mno-hw-mul/libgcc.a(lib2-divmod.o)
 .bss           0x0000000000023c38        0x0 /home/isa/intelFPGA_lite/18.1/nios2eds/bin/gnu/H-x86_64-pc-linux-gnu/bin/../lib/gcc/nios2-elf/5.3.0/mno-hw-mul/libgcc.a(addsf3.o)
 .bss           0x0000000000023c38        0x0 /home/isa/intelFPGA_lite/18.1/nios2eds/bin/gnu/H-x86_64-pc-linux-gnu/bin/../lib/gcc/nios2-elf/5.3.0/mno-hw-mul/libgcc.a(mulsf3.o)
 .bss           0x0000000000023c38        0x0 /home/isa/intelFPGA_lite/18.1/nios2eds/bin/gnu/H-x86_64-pc-linux-gnu/bin/../lib/gcc/nios2-elf/5.3.0/mno-hw-mul/libgcc.a(subsf3.o)
 .bss           0x0000000000023c38        0x0 /home/isa/intelFPGA_lite/18.1/nios2eds/bin/gnu/H-x86_64-pc-linux-gnu/bin/../lib/gcc/nios2-elf/5.3.0/mno-hw-mul/libgcc.a(fixsfsi.o)
 .bss           0x0000000000023c38        0x0 /home/isa/intelFPGA_lite/18.1/nios2eds/bin/gnu/H-x86_64-pc-linux-gnu/bin/../lib/gcc/nios2-elf/5.3.0/mno-hw-mul/libgcc.a(floatsisf.o)
 .bss           0x0000000000023c38        0x0 /home/isa/intelFPGA_lite/18.1/nios2eds/bin/gnu/H-x86_64-pc-linux-gnu/bin/../lib/gcc/nios2-elf/5.3.0/mno-hw-mul/libgcc.a(_clzsi2.o)
 .bss           0x0000000000023c38        0x0 /home/isa/intelFPGA_lite/18.1/nios2eds/bin/gnu/H-x86_64-pc-linux-gnu/bin/../lib/gcc/nios2-elf/5.3.0/mno-hw-mul/libgcc.a(lib2-mul.o)
 .bss           0x0000000000023c38        0x0 /home/isa/intelFPGA_lite/18.1/nios2eds/bin/gnu/H-x86_64-pc-linux-gnu/bin/../lib/gcc/nios2-elf/5.3.0/mno-hw-mul/libgcc.a(_clz.o)
 .bss           0x0000000000023c38        0x0 /home/isa/intelFPGA_lite/18.1/nios2eds/bin/gnu/H-x86_64-pc-linux-gnu/bin/../lib/gcc/nios2-elf/5.3.0/../../../../../H-x86_64-pc-linux-gnu/nios2-elf/lib/mno-hw-mul/libsmallc.a(lib_a-strlen.o)
 .bss           0x0000000000023c38        0x0 ../reproductor_bsp//libhal_bsp.a(alt_irq_register.o)
 .bss           0x0000000000023c38        0x0 ../reproductor_bsp//libhal_bsp.a(alt_irq_vars.o)
 .bss           0x0000000000023c38        0x0 ../reproductor_bsp//libhal_bsp.a(alt_load.o)
 .bss           0x0000000000023c38        0x0 ../reproductor_bsp//libhal_bsp.a(alt_main.o)
 .bss           0x0000000000023c38        0x0 ../reproductor_bsp//libhal_bsp.a(alt_printf.o)
 .bss           0x0000000000023c38        0x0 ../reproductor_bsp//libhal_bsp.a(alt_putchar.o)
 .bss           0x0000000000023c38        0x0 ../reproductor_bsp//libhal_bsp.a(alt_sys_init.o)
 .bss           0x0000000000023c38        0x0 ../reproductor_bsp//libhal_bsp.a(altera_avalon_jtag_uart_write.o)
 .bss           0x0000000000023c38        0x0 ../reproductor_bsp//libhal_bsp.a(altera_up_avalon_video_character_buffer_with_dma.o)
 .bss           0x0000000000023c38        0x0 ../reproductor_bsp//libhal_bsp.a(alt_dcache_flush_all.o)
 .bss           0x0000000000023c38        0x0 ../reproductor_bsp//libhal_bsp.a(alt_dev.o)
 .bss           0x0000000000023c38        0x0 ../reproductor_bsp//libhal_bsp.a(alt_dev_llist_insert.o)
 .bss           0x0000000000023c38        0x0 ../reproductor_bsp//libhal_bsp.a(alt_errno.o)
 .bss           0x0000000000023c38        0x0 ../reproductor_bsp//libhal_bsp.a(alt_find_dev.o)
 .bss           0x0000000000023c38        0x0 ../reproductor_bsp//libhal_bsp.a(alt_icache_flush_all.o)
 .bss           0x0000000000023c38        0x0 ../reproductor_bsp//libhal_bsp.a(alt_irq_entry.o)
 .bss           0x0000000000023c38        0x0 ../reproductor_bsp//libhal_bsp.a(alt_irq_handler.o)
 .bss           0x0000000000023c38        0x0 ../reproductor_bsp//libhal_bsp.a(altera_nios2_gen2_irq.o)
 .bss           0x0000000000023c38        0x0 ../reproductor_bsp//libhal_bsp.a(alt_exception_entry.o)
 .bss           0x0000000000023c38        0x0 ../reproductor_bsp//libhal_bsp.a(alt_instruction_exception_entry.o)
 .bss           0x0000000000023c38        0x0 /home/isa/intelFPGA_lite/18.1/nios2eds/bin/gnu/H-x86_64-pc-linux-gnu/bin/../lib/gcc/nios2-elf/5.3.0/../../../../../H-x86_64-pc-linux-gnu/nios2-elf/lib/mno-hw-mul/libsmallc.a(lib_a-int_errno.o)
 .bss           0x0000000000023c38        0x0 /home/isa/intelFPGA_lite/18.1/nios2eds/bin/gnu/H-x86_64-pc-linux-gnu/bin/../lib/gcc/nios2-elf/5.3.0/../../../../../H-x86_64-pc-linux-gnu/nios2-elf/lib/mno-hw-mul/libsmallc.a(lib_a-memcmp.o)
 .bss           0x0000000000023c38        0x0 /home/isa/intelFPGA_lite/18.1/nios2eds/bin/gnu/H-x86_64-pc-linux-gnu/bin/../lib/gcc/nios2-elf/5.3.0/../../../../../H-x86_64-pc-linux-gnu/nios2-elf/lib/mno-hw-mul/libsmallc.a(lib_a-strcmp.o)
 *(COMMON)
 COMMON         0x0000000000023c38      0x100 ../reproductor_bsp//libhal_bsp.a(alt_irq_handler.o)
                0x0000000000023c38                alt_irq
                0x0000000000023d38                . = ALIGN (0x4)
                0x0000000000023d38                __bss_end = ABSOLUTE (.)

.RAM            0x0000000000023d38        0x0
                [!provide]                        PROVIDE (_alt_partition_RAM_start, ABSOLUTE (.))
 *(.RAM .RAM. RAM.*)
                0x0000000000023d38                . = ALIGN (0x4)
                [!provide]                        PROVIDE (_alt_partition_RAM_end, ABSOLUTE (.))
                0x0000000000023d38                _end = ABSOLUTE (.)
                0x0000000000023d38                end = ABSOLUTE (.)
                0x0000000000023d38                __alt_stack_base = ABSOLUTE (.)
                [!provide]                        PROVIDE (_alt_partition_RAM_load_addr, LOADADDR (.RAM))

.stab
 *(.stab)

.stabstr
 *(.stabstr)

.stab.excl
 *(.stab.excl)

.stab.exclstr
 *(.stab.exclstr)

.stab.index
 *(.stab.index)

.stab.indexstr
 *(.stab.indexstr)

.comment        0x0000000000000000       0x23
 *(.comment)
 .comment       0x0000000000000000       0x23 obj/default/hello_world_small.o
                                         0x24 (size before relaxing)
 .comment       0x0000000000000023       0x24 /home/isa/intelFPGA_lite/18.1/nios2eds/bin/gnu/H-x86_64-pc-linux-gnu/bin/../lib/gcc/nios2-elf/5.3.0/mno-hw-mul/libgcc.a(lib2-divmod.o)
 .comment       0x0000000000000023       0x24 /home/isa/intelFPGA_lite/18.1/nios2eds/bin/gnu/H-x86_64-pc-linux-gnu/bin/../lib/gcc/nios2-elf/5.3.0/mno-hw-mul/libgcc.a(addsf3.o)
 .comment       0x0000000000000023       0x24 /home/isa/intelFPGA_lite/18.1/nios2eds/bin/gnu/H-x86_64-pc-linux-gnu/bin/../lib/gcc/nios2-elf/5.3.0/mno-hw-mul/libgcc.a(mulsf3.o)
 .comment       0x0000000000000023       0x24 /home/isa/intelFPGA_lite/18.1/nios2eds/bin/gnu/H-x86_64-pc-linux-gnu/bin/../lib/gcc/nios2-elf/5.3.0/mno-hw-mul/libgcc.a(subsf3.o)
 .comment       0x0000000000000023       0x24 /home/isa/intelFPGA_lite/18.1/nios2eds/bin/gnu/H-x86_64-pc-linux-gnu/bin/../lib/gcc/nios2-elf/5.3.0/mno-hw-mul/libgcc.a(fixsfsi.o)
 .comment       0x0000000000000023       0x24 /home/isa/intelFPGA_lite/18.1/nios2eds/bin/gnu/H-x86_64-pc-linux-gnu/bin/../lib/gcc/nios2-elf/5.3.0/mno-hw-mul/libgcc.a(floatsisf.o)
 .comment       0x0000000000000023       0x24 /home/isa/intelFPGA_lite/18.1/nios2eds/bin/gnu/H-x86_64-pc-linux-gnu/bin/../lib/gcc/nios2-elf/5.3.0/mno-hw-mul/libgcc.a(_clzsi2.o)
 .comment       0x0000000000000023       0x24 /home/isa/intelFPGA_lite/18.1/nios2eds/bin/gnu/H-x86_64-pc-linux-gnu/bin/../lib/gcc/nios2-elf/5.3.0/mno-hw-mul/libgcc.a(lib2-mul.o)
 .comment       0x0000000000000023       0x24 /home/isa/intelFPGA_lite/18.1/nios2eds/bin/gnu/H-x86_64-pc-linux-gnu/bin/../lib/gcc/nios2-elf/5.3.0/mno-hw-mul/libgcc.a(_clz.o)
 .comment       0x0000000000000023       0x24 /home/isa/intelFPGA_lite/18.1/nios2eds/bin/gnu/H-x86_64-pc-linux-gnu/bin/../lib/gcc/nios2-elf/5.3.0/../../../../../H-x86_64-pc-linux-gnu/nios2-elf/lib/mno-hw-mul/libsmallc.a(lib_a-strlen.o)
 .comment       0x0000000000000023       0x24 ../reproductor_bsp//libhal_bsp.a(alt_irq_register.o)
 .comment       0x0000000000000023       0x24 ../reproductor_bsp//libhal_bsp.a(alt_irq_vars.o)
 .comment       0x0000000000000023       0x24 ../reproductor_bsp//libhal_bsp.a(alt_load.o)
 .comment       0x0000000000000023       0x24 ../reproductor_bsp//libhal_bsp.a(alt_main.o)
 .comment       0x0000000000000023       0x24 ../reproductor_bsp//libhal_bsp.a(alt_printf.o)
 .comment       0x0000000000000023       0x24 ../reproductor_bsp//libhal_bsp.a(alt_putchar.o)
 .comment       0x0000000000000023       0x24 ../reproductor_bsp//libhal_bsp.a(alt_sys_init.o)
 .comment       0x0000000000000023       0x24 ../reproductor_bsp//libhal_bsp.a(altera_avalon_jtag_uart_write.o)
 .comment       0x0000000000000023       0x24 ../reproductor_bsp//libhal_bsp.a(altera_up_avalon_video_character_buffer_with_dma.o)
 .comment       0x0000000000000023       0x24 ../reproductor_bsp//libhal_bsp.a(alt_dcache_flush_all.o)
 .comment       0x0000000000000023       0x24 ../reproductor_bsp//libhal_bsp.a(alt_dev.o)
 .comment       0x0000000000000023       0x24 ../reproductor_bsp//libhal_bsp.a(alt_dev_llist_insert.o)
 .comment       0x0000000000000023       0x24 ../reproductor_bsp//libhal_bsp.a(alt_errno.o)
 .comment       0x0000000000000023       0x24 ../reproductor_bsp//libhal_bsp.a(alt_find_dev.o)
 .comment       0x0000000000000023       0x24 ../reproductor_bsp//libhal_bsp.a(alt_icache_flush_all.o)
 .comment       0x0000000000000023       0x24 ../reproductor_bsp//libhal_bsp.a(alt_irq_handler.o)
 .comment       0x0000000000000023       0x24 ../reproductor_bsp//libhal_bsp.a(altera_nios2_gen2_irq.o)
 .comment       0x0000000000000023       0x24 ../reproductor_bsp//libhal_bsp.a(alt_instruction_exception_entry.o)
 .comment       0x0000000000000023       0x24 /home/isa/intelFPGA_lite/18.1/nios2eds/bin/gnu/H-x86_64-pc-linux-gnu/bin/../lib/gcc/nios2-elf/5.3.0/../../../../../H-x86_64-pc-linux-gnu/nios2-elf/lib/mno-hw-mul/libsmallc.a(lib_a-int_errno.o)
 .comment       0x0000000000000023       0x24 /home/isa/intelFPGA_lite/18.1/nios2eds/bin/gnu/H-x86_64-pc-linux-gnu/bin/../lib/gcc/nios2-elf/5.3.0/../../../../../H-x86_64-pc-linux-gnu/nios2-elf/lib/mno-hw-mul/libsmallc.a(lib_a-memcmp.o)
 .comment       0x0000000000000023       0x24 /home/isa/intelFPGA_lite/18.1/nios2eds/bin/gnu/H-x86_64-pc-linux-gnu/bin/../lib/gcc/nios2-elf/5.3.0/../../../../../H-x86_64-pc-linux-gnu/nios2-elf/lib/mno-hw-mul/libsmallc.a(lib_a-strcmp.o)

.debug
 *(.debug)

.line
 *(.line)

.debug_srcinfo
 *(.debug_srcinfo)

.debug_sfnames
 *(.debug_sfnames)

.debug_aranges  0x0000000000000000      0x480
 *(.debug_aranges)
 .debug_aranges
                0x0000000000000000       0x28 ../reproductor_bsp//obj/HAL/src/crt0.o
 .debug_aranges
                0x0000000000000028       0x28 obj/default/hello_world_small.o
 .debug_aranges
                0x0000000000000050       0x20 /home/isa/intelFPGA_lite/18.1/nios2eds/bin/gnu/H-x86_64-pc-linux-gnu/bin/../lib/gcc/nios2-elf/5.3.0/mno-hw-mul/libgcc.a(lib2-divmod.o)
 .debug_aranges
                0x0000000000000070       0x20 /home/isa/intelFPGA_lite/18.1/nios2eds/bin/gnu/H-x86_64-pc-linux-gnu/bin/../lib/gcc/nios2-elf/5.3.0/mno-hw-mul/libgcc.a(addsf3.o)
 .debug_aranges
                0x0000000000000090       0x20 /home/isa/intelFPGA_lite/18.1/nios2eds/bin/gnu/H-x86_64-pc-linux-gnu/bin/../lib/gcc/nios2-elf/5.3.0/mno-hw-mul/libgcc.a(mulsf3.o)
 .debug_aranges
                0x00000000000000b0       0x20 /home/isa/intelFPGA_lite/18.1/nios2eds/bin/gnu/H-x86_64-pc-linux-gnu/bin/../lib/gcc/nios2-elf/5.3.0/mno-hw-mul/libgcc.a(subsf3.o)
 .debug_aranges
                0x00000000000000d0       0x20 /home/isa/intelFPGA_lite/18.1/nios2eds/bin/gnu/H-x86_64-pc-linux-gnu/bin/../lib/gcc/nios2-elf/5.3.0/mno-hw-mul/libgcc.a(fixsfsi.o)
 .debug_aranges
                0x00000000000000f0       0x20 /home/isa/intelFPGA_lite/18.1/nios2eds/bin/gnu/H-x86_64-pc-linux-gnu/bin/../lib/gcc/nios2-elf/5.3.0/mno-hw-mul/libgcc.a(floatsisf.o)
 .debug_aranges
                0x0000000000000110       0x20 /home/isa/intelFPGA_lite/18.1/nios2eds/bin/gnu/H-x86_64-pc-linux-gnu/bin/../lib/gcc/nios2-elf/5.3.0/mno-hw-mul/libgcc.a(_clzsi2.o)
 .debug_aranges
                0x0000000000000130       0x20 /home/isa/intelFPGA_lite/18.1/nios2eds/bin/gnu/H-x86_64-pc-linux-gnu/bin/../lib/gcc/nios2-elf/5.3.0/mno-hw-mul/libgcc.a(lib2-mul.o)
 .debug_aranges
                0x0000000000000150       0x18 /home/isa/intelFPGA_lite/18.1/nios2eds/bin/gnu/H-x86_64-pc-linux-gnu/bin/../lib/gcc/nios2-elf/5.3.0/mno-hw-mul/libgcc.a(_clz.o)
 .debug_aranges
                0x0000000000000168       0x20 /home/isa/intelFPGA_lite/18.1/nios2eds/bin/gnu/H-x86_64-pc-linux-gnu/bin/../lib/gcc/nios2-elf/5.3.0/../../../../../H-x86_64-pc-linux-gnu/nios2-elf/lib/mno-hw-mul/libsmallc.a(lib_a-strlen.o)
 .debug_aranges
                0x0000000000000188       0x20 ../reproductor_bsp//libhal_bsp.a(alt_irq_register.o)
 .debug_aranges
                0x00000000000001a8       0x18 ../reproductor_bsp//libhal_bsp.a(alt_irq_vars.o)
 .debug_aranges
                0x00000000000001c0       0x20 ../reproductor_bsp//libhal_bsp.a(alt_load.o)
 .debug_aranges
                0x00000000000001e0       0x20 ../reproductor_bsp//libhal_bsp.a(alt_main.o)
 .debug_aranges
                0x0000000000000200       0x20 ../reproductor_bsp//libhal_bsp.a(alt_printf.o)
 .debug_aranges
                0x0000000000000220       0x20 ../reproductor_bsp//libhal_bsp.a(alt_putchar.o)
 .debug_aranges
                0x0000000000000240       0x20 ../reproductor_bsp//libhal_bsp.a(alt_sys_init.o)
 .debug_aranges
                0x0000000000000260       0x20 ../reproductor_bsp//libhal_bsp.a(altera_avalon_jtag_uart_write.o)
 .debug_aranges
                0x0000000000000280       0x20 ../reproductor_bsp//libhal_bsp.a(altera_up_avalon_video_character_buffer_with_dma.o)
 .debug_aranges
                0x00000000000002a0       0x20 ../reproductor_bsp//libhal_bsp.a(alt_dcache_flush_all.o)
 .debug_aranges
                0x00000000000002c0       0x20 ../reproductor_bsp//libhal_bsp.a(alt_dev.o)
 .debug_aranges
                0x00000000000002e0       0x20 ../reproductor_bsp//libhal_bsp.a(alt_dev_llist_insert.o)
 .debug_aranges
                0x0000000000000300       0x18 ../reproductor_bsp//libhal_bsp.a(alt_errno.o)
 .debug_aranges
                0x0000000000000318       0x20 ../reproductor_bsp//libhal_bsp.a(alt_find_dev.o)
 .debug_aranges
                0x0000000000000338       0x20 ../reproductor_bsp//libhal_bsp.a(alt_icache_flush_all.o)
 .debug_aranges
                0x0000000000000358       0x30 ../reproductor_bsp//libhal_bsp.a(alt_irq_entry.o)
 .debug_aranges
                0x0000000000000388       0x20 ../reproductor_bsp//libhal_bsp.a(alt_irq_handler.o)
 .debug_aranges
                0x00000000000003a8       0x20 ../reproductor_bsp//libhal_bsp.a(altera_nios2_gen2_irq.o)
 .debug_aranges
                0x00000000000003c8       0x38 ../reproductor_bsp//libhal_bsp.a(alt_exception_entry.o)
 .debug_aranges
                0x0000000000000400       0x28 ../reproductor_bsp//libhal_bsp.a(alt_instruction_exception_entry.o)
 .debug_aranges
                0x0000000000000428       0x18 /home/isa/intelFPGA_lite/18.1/nios2eds/bin/gnu/H-x86_64-pc-linux-gnu/bin/../lib/gcc/nios2-elf/5.3.0/../../../../../H-x86_64-pc-linux-gnu/nios2-elf/lib/mno-hw-mul/libsmallc.a(lib_a-int_errno.o)
 .debug_aranges
                0x0000000000000440       0x20 /home/isa/intelFPGA_lite/18.1/nios2eds/bin/gnu/H-x86_64-pc-linux-gnu/bin/../lib/gcc/nios2-elf/5.3.0/../../../../../H-x86_64-pc-linux-gnu/nios2-elf/lib/mno-hw-mul/libsmallc.a(lib_a-memcmp.o)
 .debug_aranges
                0x0000000000000460       0x20 /home/isa/intelFPGA_lite/18.1/nios2eds/bin/gnu/H-x86_64-pc-linux-gnu/bin/../lib/gcc/nios2-elf/5.3.0/../../../../../H-x86_64-pc-linux-gnu/nios2-elf/lib/mno-hw-mul/libsmallc.a(lib_a-strcmp.o)

.debug_pubnames
 *(.debug_pubnames)

.debug_info     0x0000000000000000     0x463b
 *(.debug_info .gnu.linkonce.wi.*)
 .debug_info    0x0000000000000000       0x71 ../reproductor_bsp//obj/HAL/src/crt0.o
 .debug_info    0x0000000000000071      0xb1b obj/default/hello_world_small.o
 .debug_info    0x0000000000000b8c      0x2c6 /home/isa/intelFPGA_lite/18.1/nios2eds/bin/gnu/H-x86_64-pc-linux-gnu/bin/../lib/gcc/nios2-elf/5.3.0/mno-hw-mul/libgcc.a(lib2-divmod.o)
 .debug_info    0x0000000000000e52      0x2b7 /home/isa/intelFPGA_lite/18.1/nios2eds/bin/gnu/H-x86_64-pc-linux-gnu/bin/../lib/gcc/nios2-elf/5.3.0/mno-hw-mul/libgcc.a(addsf3.o)
 .debug_info    0x0000000000001109      0x31d /home/isa/intelFPGA_lite/18.1/nios2eds/bin/gnu/H-x86_64-pc-linux-gnu/bin/../lib/gcc/nios2-elf/5.3.0/mno-hw-mul/libgcc.a(mulsf3.o)
 .debug_info    0x0000000000001426      0x2b7 /home/isa/intelFPGA_lite/18.1/nios2eds/bin/gnu/H-x86_64-pc-linux-gnu/bin/../lib/gcc/nios2-elf/5.3.0/mno-hw-mul/libgcc.a(subsf3.o)
 .debug_info    0x00000000000016dd      0x18b /home/isa/intelFPGA_lite/18.1/nios2eds/bin/gnu/H-x86_64-pc-linux-gnu/bin/../lib/gcc/nios2-elf/5.3.0/mno-hw-mul/libgcc.a(fixsfsi.o)
 .debug_info    0x0000000000001868      0x1c7 /home/isa/intelFPGA_lite/18.1/nios2eds/bin/gnu/H-x86_64-pc-linux-gnu/bin/../lib/gcc/nios2-elf/5.3.0/mno-hw-mul/libgcc.a(floatsisf.o)
 .debug_info    0x0000000000001a2f      0x124 /home/isa/intelFPGA_lite/18.1/nios2eds/bin/gnu/H-x86_64-pc-linux-gnu/bin/../lib/gcc/nios2-elf/5.3.0/mno-hw-mul/libgcc.a(_clzsi2.o)
 .debug_info    0x0000000000001b53       0xb4 /home/isa/intelFPGA_lite/18.1/nios2eds/bin/gnu/H-x86_64-pc-linux-gnu/bin/../lib/gcc/nios2-elf/5.3.0/mno-hw-mul/libgcc.a(lib2-mul.o)
 .debug_info    0x0000000000001c07       0xb2 /home/isa/intelFPGA_lite/18.1/nios2eds/bin/gnu/H-x86_64-pc-linux-gnu/bin/../lib/gcc/nios2-elf/5.3.0/mno-hw-mul/libgcc.a(_clz.o)
 .debug_info    0x0000000000001cb9       0xc9 /home/isa/intelFPGA_lite/18.1/nios2eds/bin/gnu/H-x86_64-pc-linux-gnu/bin/../lib/gcc/nios2-elf/5.3.0/../../../../../H-x86_64-pc-linux-gnu/nios2-elf/lib/mno-hw-mul/libsmallc.a(lib_a-strlen.o)
 .debug_info    0x0000000000001d82      0x30d ../reproductor_bsp//libhal_bsp.a(alt_irq_register.o)
 .debug_info    0x000000000000208f       0x88 ../reproductor_bsp//libhal_bsp.a(alt_irq_vars.o)
 .debug_info    0x0000000000002117      0x1c9 ../reproductor_bsp//libhal_bsp.a(alt_load.o)
 .debug_info    0x00000000000022e0      0x18f ../reproductor_bsp//libhal_bsp.a(alt_main.o)
 .debug_info    0x000000000000246f      0x14d ../reproductor_bsp//libhal_bsp.a(alt_printf.o)
 .debug_info    0x00000000000025bc      0x12a ../reproductor_bsp//libhal_bsp.a(alt_putchar.o)
 .debug_info    0x00000000000026e6      0x62b ../reproductor_bsp//libhal_bsp.a(alt_sys_init.o)
 .debug_info    0x0000000000002d11      0x1ad ../reproductor_bsp//libhal_bsp.a(altera_avalon_jtag_uart_write.o)
 .debug_info    0x0000000000002ebe      0x4ab ../reproductor_bsp//libhal_bsp.a(altera_up_avalon_video_character_buffer_with_dma.o)
 .debug_info    0x0000000000003369       0x92 ../reproductor_bsp//libhal_bsp.a(alt_dcache_flush_all.o)
 .debug_info    0x00000000000033fb      0x499 ../reproductor_bsp//libhal_bsp.a(alt_dev.o)
 .debug_info    0x0000000000003894      0x1b3 ../reproductor_bsp//libhal_bsp.a(alt_dev_llist_insert.o)
 .debug_info    0x0000000000003a47       0xa6 ../reproductor_bsp//libhal_bsp.a(alt_errno.o)
 .debug_info    0x0000000000003aed      0x32d ../reproductor_bsp//libhal_bsp.a(alt_find_dev.o)
 .debug_info    0x0000000000003e1a       0x92 ../reproductor_bsp//libhal_bsp.a(alt_icache_flush_all.o)
 .debug_info    0x0000000000003eac       0x7a ../reproductor_bsp//libhal_bsp.a(alt_irq_entry.o)
 .debug_info    0x0000000000003f26      0x1a4 ../reproductor_bsp//libhal_bsp.a(alt_irq_handler.o)
 .debug_info    0x00000000000040ca       0xb8 ../reproductor_bsp//libhal_bsp.a(altera_nios2_gen2_irq.o)
 .debug_info    0x0000000000004182       0x80 ../reproductor_bsp//libhal_bsp.a(alt_exception_entry.o)
 .debug_info    0x0000000000004202      0x1fd ../reproductor_bsp//libhal_bsp.a(alt_instruction_exception_entry.o)
 .debug_info    0x00000000000043ff       0x8a /home/isa/intelFPGA_lite/18.1/nios2eds/bin/gnu/H-x86_64-pc-linux-gnu/bin/../lib/gcc/nios2-elf/5.3.0/../../../../../H-x86_64-pc-linux-gnu/nios2-elf/lib/mno-hw-mul/libsmallc.a(lib_a-int_errno.o)
 .debug_info    0x0000000000004489       0xf4 /home/isa/intelFPGA_lite/18.1/nios2eds/bin/gnu/H-x86_64-pc-linux-gnu/bin/../lib/gcc/nios2-elf/5.3.0/../../../../../H-x86_64-pc-linux-gnu/nios2-elf/lib/mno-hw-mul/libsmallc.a(lib_a-memcmp.o)
 .debug_info    0x000000000000457d       0xbe /home/isa/intelFPGA_lite/18.1/nios2eds/bin/gnu/H-x86_64-pc-linux-gnu/bin/../lib/gcc/nios2-elf/5.3.0/../../../../../H-x86_64-pc-linux-gnu/nios2-elf/lib/mno-hw-mul/libsmallc.a(lib_a-strcmp.o)

.debug_abbrev   0x0000000000000000     0x1da5
 *(.debug_abbrev)
 .debug_abbrev  0x0000000000000000       0x12 ../reproductor_bsp//obj/HAL/src/crt0.o
 .debug_abbrev  0x0000000000000012      0x31c obj/default/hello_world_small.o
 .debug_abbrev  0x000000000000032e      0x10e /home/isa/intelFPGA_lite/18.1/nios2eds/bin/gnu/H-x86_64-pc-linux-gnu/bin/../lib/gcc/nios2-elf/5.3.0/mno-hw-mul/libgcc.a(lib2-divmod.o)
 .debug_abbrev  0x000000000000043c      0x13c /home/isa/intelFPGA_lite/18.1/nios2eds/bin/gnu/H-x86_64-pc-linux-gnu/bin/../lib/gcc/nios2-elf/5.3.0/mno-hw-mul/libgcc.a(addsf3.o)
 .debug_abbrev  0x0000000000000578      0x12d /home/isa/intelFPGA_lite/18.1/nios2eds/bin/gnu/H-x86_64-pc-linux-gnu/bin/../lib/gcc/nios2-elf/5.3.0/mno-hw-mul/libgcc.a(mulsf3.o)
 .debug_abbrev  0x00000000000006a5      0x13a /home/isa/intelFPGA_lite/18.1/nios2eds/bin/gnu/H-x86_64-pc-linux-gnu/bin/../lib/gcc/nios2-elf/5.3.0/mno-hw-mul/libgcc.a(subsf3.o)
 .debug_abbrev  0x00000000000007df      0x135 /home/isa/intelFPGA_lite/18.1/nios2eds/bin/gnu/H-x86_64-pc-linux-gnu/bin/../lib/gcc/nios2-elf/5.3.0/mno-hw-mul/libgcc.a(fixsfsi.o)
 .debug_abbrev  0x0000000000000914      0x147 /home/isa/intelFPGA_lite/18.1/nios2eds/bin/gnu/H-x86_64-pc-linux-gnu/bin/../lib/gcc/nios2-elf/5.3.0/mno-hw-mul/libgcc.a(floatsisf.o)
 .debug_abbrev  0x0000000000000a5b       0xbe /home/isa/intelFPGA_lite/18.1/nios2eds/bin/gnu/H-x86_64-pc-linux-gnu/bin/../lib/gcc/nios2-elf/5.3.0/mno-hw-mul/libgcc.a(_clzsi2.o)
 .debug_abbrev  0x0000000000000b19       0x6f /home/isa/intelFPGA_lite/18.1/nios2eds/bin/gnu/H-x86_64-pc-linux-gnu/bin/../lib/gcc/nios2-elf/5.3.0/mno-hw-mul/libgcc.a(lib2-mul.o)
 .debug_abbrev  0x0000000000000b88       0x5d /home/isa/intelFPGA_lite/18.1/nios2eds/bin/gnu/H-x86_64-pc-linux-gnu/bin/../lib/gcc/nios2-elf/5.3.0/mno-hw-mul/libgcc.a(_clz.o)
 .debug_abbrev  0x0000000000000be5       0x7f /home/isa/intelFPGA_lite/18.1/nios2eds/bin/gnu/H-x86_64-pc-linux-gnu/bin/../lib/gcc/nios2-elf/5.3.0/../../../../../H-x86_64-pc-linux-gnu/nios2-elf/lib/mno-hw-mul/libsmallc.a(lib_a-strlen.o)
 .debug_abbrev  0x0000000000000c64      0x1a5 ../reproductor_bsp//libhal_bsp.a(alt_irq_register.o)
 .debug_abbrev  0x0000000000000e09       0x40 ../reproductor_bsp//libhal_bsp.a(alt_irq_vars.o)
 .debug_abbrev  0x0000000000000e49       0xd8 ../reproductor_bsp//libhal_bsp.a(alt_load.o)
 .debug_abbrev  0x0000000000000f21       0xf5 ../reproductor_bsp//libhal_bsp.a(alt_main.o)
 .debug_abbrev  0x0000000000001016       0xd5 ../reproductor_bsp//libhal_bsp.a(alt_printf.o)
 .debug_abbrev  0x00000000000010eb       0xd2 ../reproductor_bsp//libhal_bsp.a(alt_putchar.o)
 .debug_abbrev  0x00000000000011bd      0x1ed ../reproductor_bsp//libhal_bsp.a(alt_sys_init.o)
 .debug_abbrev  0x00000000000013aa       0xd5 ../reproductor_bsp//libhal_bsp.a(altera_avalon_jtag_uart_write.o)
 .debug_abbrev  0x000000000000147f      0x16b ../reproductor_bsp//libhal_bsp.a(altera_up_avalon_video_character_buffer_with_dma.o)
 .debug_abbrev  0x00000000000015ea       0x42 ../reproductor_bsp//libhal_bsp.a(alt_dcache_flush_all.o)
 .debug_abbrev  0x000000000000162c       0xd9 ../reproductor_bsp//libhal_bsp.a(alt_dev.o)
 .debug_abbrev  0x0000000000001705      0x11c ../reproductor_bsp//libhal_bsp.a(alt_dev_llist_insert.o)
 .debug_abbrev  0x0000000000001821       0x5a ../reproductor_bsp//libhal_bsp.a(alt_errno.o)
 .debug_abbrev  0x000000000000187b      0x125 ../reproductor_bsp//libhal_bsp.a(alt_find_dev.o)
 .debug_abbrev  0x00000000000019a0       0x42 ../reproductor_bsp//libhal_bsp.a(alt_icache_flush_all.o)
 .debug_abbrev  0x00000000000019e2       0x12 ../reproductor_bsp//libhal_bsp.a(alt_irq_entry.o)
 .debug_abbrev  0x00000000000019f4      0x138 ../reproductor_bsp//libhal_bsp.a(alt_irq_handler.o)
 .debug_abbrev  0x0000000000001b2c       0x67 ../reproductor_bsp//libhal_bsp.a(altera_nios2_gen2_irq.o)
 .debug_abbrev  0x0000000000001b93       0x12 ../reproductor_bsp//libhal_bsp.a(alt_exception_entry.o)
 .debug_abbrev  0x0000000000001ba5       0xe7 ../reproductor_bsp//libhal_bsp.a(alt_instruction_exception_entry.o)
 .debug_abbrev  0x0000000000001c8c       0x37 /home/isa/intelFPGA_lite/18.1/nios2eds/bin/gnu/H-x86_64-pc-linux-gnu/bin/../lib/gcc/nios2-elf/5.3.0/../../../../../H-x86_64-pc-linux-gnu/nios2-elf/lib/mno-hw-mul/libsmallc.a(lib_a-int_errno.o)
 .debug_abbrev  0x0000000000001cc3       0x7f /home/isa/intelFPGA_lite/18.1/nios2eds/bin/gnu/H-x86_64-pc-linux-gnu/bin/../lib/gcc/nios2-elf/5.3.0/../../../../../H-x86_64-pc-linux-gnu/nios2-elf/lib/mno-hw-mul/libsmallc.a(lib_a-memcmp.o)
 .debug_abbrev  0x0000000000001d42       0x63 /home/isa/intelFPGA_lite/18.1/nios2eds/bin/gnu/H-x86_64-pc-linux-gnu/bin/../lib/gcc/nios2-elf/5.3.0/../../../../../H-x86_64-pc-linux-gnu/nios2-elf/lib/mno-hw-mul/libsmallc.a(lib_a-strcmp.o)

.debug_line     0x0000000000000000     0x22b3
 *(.debug_line)
 .debug_line    0x0000000000000000       0x66 ../reproductor_bsp//obj/HAL/src/crt0.o
 .debug_line    0x0000000000000066      0x3e6 obj/default/hello_world_small.o
 .debug_line    0x000000000000044c      0x105 /home/isa/intelFPGA_lite/18.1/nios2eds/bin/gnu/H-x86_64-pc-linux-gnu/bin/../lib/gcc/nios2-elf/5.3.0/mno-hw-mul/libgcc.a(lib2-divmod.o)
 .debug_line    0x0000000000000551      0x28a /home/isa/intelFPGA_lite/18.1/nios2eds/bin/gnu/H-x86_64-pc-linux-gnu/bin/../lib/gcc/nios2-elf/5.3.0/mno-hw-mul/libgcc.a(addsf3.o)
 .debug_line    0x00000000000007db      0x15c /home/isa/intelFPGA_lite/18.1/nios2eds/bin/gnu/H-x86_64-pc-linux-gnu/bin/../lib/gcc/nios2-elf/5.3.0/mno-hw-mul/libgcc.a(mulsf3.o)
 .debug_line    0x0000000000000937      0x298 /home/isa/intelFPGA_lite/18.1/nios2eds/bin/gnu/H-x86_64-pc-linux-gnu/bin/../lib/gcc/nios2-elf/5.3.0/mno-hw-mul/libgcc.a(subsf3.o)
 .debug_line    0x0000000000000bcf       0x9a /home/isa/intelFPGA_lite/18.1/nios2eds/bin/gnu/H-x86_64-pc-linux-gnu/bin/../lib/gcc/nios2-elf/5.3.0/mno-hw-mul/libgcc.a(fixsfsi.o)
 .debug_line    0x0000000000000c69       0xb3 /home/isa/intelFPGA_lite/18.1/nios2eds/bin/gnu/H-x86_64-pc-linux-gnu/bin/../lib/gcc/nios2-elf/5.3.0/mno-hw-mul/libgcc.a(floatsisf.o)
 .debug_line    0x0000000000000d1c       0xbd /home/isa/intelFPGA_lite/18.1/nios2eds/bin/gnu/H-x86_64-pc-linux-gnu/bin/../lib/gcc/nios2-elf/5.3.0/mno-hw-mul/libgcc.a(_clzsi2.o)
 .debug_line    0x0000000000000dd9       0x80 /home/isa/intelFPGA_lite/18.1/nios2eds/bin/gnu/H-x86_64-pc-linux-gnu/bin/../lib/gcc/nios2-elf/5.3.0/mno-hw-mul/libgcc.a(lib2-mul.o)
 .debug_line    0x0000000000000e59       0x56 /home/isa/intelFPGA_lite/18.1/nios2eds/bin/gnu/H-x86_64-pc-linux-gnu/bin/../lib/gcc/nios2-elf/5.3.0/mno-hw-mul/libgcc.a(_clz.o)
 .debug_line    0x0000000000000eaf      0x15c /home/isa/intelFPGA_lite/18.1/nios2eds/bin/gnu/H-x86_64-pc-linux-gnu/bin/../lib/gcc/nios2-elf/5.3.0/../../../../../H-x86_64-pc-linux-gnu/nios2-elf/lib/mno-hw-mul/libsmallc.a(lib_a-strlen.o)
 .debug_line    0x000000000000100b       0xed ../reproductor_bsp//libhal_bsp.a(alt_irq_register.o)
 .debug_line    0x00000000000010f8       0x50 ../reproductor_bsp//libhal_bsp.a(alt_irq_vars.o)
 .debug_line    0x0000000000001148       0xa4 ../reproductor_bsp//libhal_bsp.a(alt_load.o)
 .debug_line    0x00000000000011ec       0xea ../reproductor_bsp//libhal_bsp.a(alt_main.o)
 .debug_line    0x00000000000012d6      0x11e ../reproductor_bsp//libhal_bsp.a(alt_printf.o)
 .debug_line    0x00000000000013f4       0x55 ../reproductor_bsp//libhal_bsp.a(alt_putchar.o)
 .debug_line    0x0000000000001449      0x204 ../reproductor_bsp//libhal_bsp.a(alt_sys_init.o)
 .debug_line    0x000000000000164d      0x104 ../reproductor_bsp//libhal_bsp.a(altera_avalon_jtag_uart_write.o)
 .debug_line    0x0000000000001751      0x1b1 ../reproductor_bsp//libhal_bsp.a(altera_up_avalon_video_character_buffer_with_dma.o)
 .debug_line    0x0000000000001902       0x4e ../reproductor_bsp//libhal_bsp.a(alt_dcache_flush_all.o)
 .debug_line    0x0000000000001950      0x102 ../reproductor_bsp//libhal_bsp.a(alt_dev.o)
 .debug_line    0x0000000000001a52       0xd8 ../reproductor_bsp//libhal_bsp.a(alt_dev_llist_insert.o)
 .debug_line    0x0000000000001b2a       0x51 ../reproductor_bsp//libhal_bsp.a(alt_errno.o)
 .debug_line    0x0000000000001b7b      0x113 ../reproductor_bsp//libhal_bsp.a(alt_find_dev.o)
 .debug_line    0x0000000000001c8e       0x4e ../reproductor_bsp//libhal_bsp.a(alt_icache_flush_all.o)
 .debug_line    0x0000000000001cdc       0x6b ../reproductor_bsp//libhal_bsp.a(alt_irq_entry.o)
 .debug_line    0x0000000000001d47       0xc8 ../reproductor_bsp//libhal_bsp.a(alt_irq_handler.o)
 .debug_line    0x0000000000001e0f       0x8c ../reproductor_bsp//libhal_bsp.a(altera_nios2_gen2_irq.o)
 .debug_line    0x0000000000001e9b       0xb3 ../reproductor_bsp//libhal_bsp.a(alt_exception_entry.o)
 .debug_line    0x0000000000001f4e       0xbf ../reproductor_bsp//libhal_bsp.a(alt_instruction_exception_entry.o)
 .debug_line    0x000000000000200d       0x5f /home/isa/intelFPGA_lite/18.1/nios2eds/bin/gnu/H-x86_64-pc-linux-gnu/bin/../lib/gcc/nios2-elf/5.3.0/../../../../../H-x86_64-pc-linux-gnu/nios2-elf/lib/mno-hw-mul/libsmallc.a(lib_a-int_errno.o)
 .debug_line    0x000000000000206c      0x160 /home/isa/intelFPGA_lite/18.1/nios2eds/bin/gnu/H-x86_64-pc-linux-gnu/bin/../lib/gcc/nios2-elf/5.3.0/../../../../../H-x86_64-pc-linux-gnu/nios2-elf/lib/mno-hw-mul/libsmallc.a(lib_a-memcmp.o)
 .debug_line    0x00000000000021cc       0xe7 /home/isa/intelFPGA_lite/18.1/nios2eds/bin/gnu/H-x86_64-pc-linux-gnu/bin/../lib/gcc/nios2-elf/5.3.0/../../../../../H-x86_64-pc-linux-gnu/nios2-elf/lib/mno-hw-mul/libsmallc.a(lib_a-strcmp.o)

.debug_frame    0x0000000000000000      0x6d4
 *(.debug_frame)
 .debug_frame   0x0000000000000000      0x194 obj/default/hello_world_small.o
 .debug_frame   0x0000000000000194       0x50 /home/isa/intelFPGA_lite/18.1/nios2eds/bin/gnu/H-x86_64-pc-linux-gnu/bin/../lib/gcc/nios2-elf/5.3.0/mno-hw-mul/libgcc.a(lib2-divmod.o)
 .debug_frame   0x00000000000001e4       0x3c /home/isa/intelFPGA_lite/18.1/nios2eds/bin/gnu/H-x86_64-pc-linux-gnu/bin/../lib/gcc/nios2-elf/5.3.0/mno-hw-mul/libgcc.a(addsf3.o)
 .debug_frame   0x0000000000000220       0x58 /home/isa/intelFPGA_lite/18.1/nios2eds/bin/gnu/H-x86_64-pc-linux-gnu/bin/../lib/gcc/nios2-elf/5.3.0/mno-hw-mul/libgcc.a(mulsf3.o)
 .debug_frame   0x0000000000000278       0x40 /home/isa/intelFPGA_lite/18.1/nios2eds/bin/gnu/H-x86_64-pc-linux-gnu/bin/../lib/gcc/nios2-elf/5.3.0/mno-hw-mul/libgcc.a(subsf3.o)
 .debug_frame   0x00000000000002b8       0x20 /home/isa/intelFPGA_lite/18.1/nios2eds/bin/gnu/H-x86_64-pc-linux-gnu/bin/../lib/gcc/nios2-elf/5.3.0/mno-hw-mul/libgcc.a(fixsfsi.o)
 .debug_frame   0x00000000000002d8       0x38 /home/isa/intelFPGA_lite/18.1/nios2eds/bin/gnu/H-x86_64-pc-linux-gnu/bin/../lib/gcc/nios2-elf/5.3.0/mno-hw-mul/libgcc.a(floatsisf.o)
 .debug_frame   0x0000000000000310       0x20 /home/isa/intelFPGA_lite/18.1/nios2eds/bin/gnu/H-x86_64-pc-linux-gnu/bin/../lib/gcc/nios2-elf/5.3.0/mno-hw-mul/libgcc.a(_clzsi2.o)
 .debug_frame   0x0000000000000330       0x20 /home/isa/intelFPGA_lite/18.1/nios2eds/bin/gnu/H-x86_64-pc-linux-gnu/bin/../lib/gcc/nios2-elf/5.3.0/mno-hw-mul/libgcc.a(lib2-mul.o)
 .debug_frame   0x0000000000000350       0x20 /home/isa/intelFPGA_lite/18.1/nios2eds/bin/gnu/H-x86_64-pc-linux-gnu/bin/../lib/gcc/nios2-elf/5.3.0/../../../../../H-x86_64-pc-linux-gnu/nios2-elf/lib/mno-hw-mul/libsmallc.a(lib_a-strlen.o)
 .debug_frame   0x0000000000000370       0x20 ../reproductor_bsp//libhal_bsp.a(alt_irq_register.o)
 .debug_frame   0x0000000000000390       0x30 ../reproductor_bsp//libhal_bsp.a(alt_load.o)
 .debug_frame   0x00000000000003c0       0x2c ../reproductor_bsp//libhal_bsp.a(alt_main.o)
 .debug_frame   0x00000000000003ec       0x54 ../reproductor_bsp//libhal_bsp.a(alt_printf.o)
 .debug_frame   0x0000000000000440       0x30 ../reproductor_bsp//libhal_bsp.a(alt_putchar.o)
 .debug_frame   0x0000000000000470       0x48 ../reproductor_bsp//libhal_bsp.a(alt_sys_init.o)
 .debug_frame   0x00000000000004b8       0x20 ../reproductor_bsp//libhal_bsp.a(altera_avalon_jtag_uart_write.o)
 .debug_frame   0x00000000000004d8       0x70 ../reproductor_bsp//libhal_bsp.a(altera_up_avalon_video_character_buffer_with_dma.o)
 .debug_frame   0x0000000000000548       0x20 ../reproductor_bsp//libhal_bsp.a(alt_dcache_flush_all.o)
 .debug_frame   0x0000000000000568       0x20 ../reproductor_bsp//libhal_bsp.a(alt_dev.o)
 .debug_frame   0x0000000000000588       0x2c ../reproductor_bsp//libhal_bsp.a(alt_dev_llist_insert.o)
 .debug_frame   0x00000000000005b4       0x3c ../reproductor_bsp//libhal_bsp.a(alt_find_dev.o)
 .debug_frame   0x00000000000005f0       0x20 ../reproductor_bsp//libhal_bsp.a(alt_icache_flush_all.o)
 .debug_frame   0x0000000000000610       0x34 ../reproductor_bsp//libhal_bsp.a(alt_irq_handler.o)
 .debug_frame   0x0000000000000644       0x20 ../reproductor_bsp//libhal_bsp.a(altera_nios2_gen2_irq.o)
 .debug_frame   0x0000000000000664       0x30 ../reproductor_bsp//libhal_bsp.a(alt_instruction_exception_entry.o)
 .debug_frame   0x0000000000000694       0x20 /home/isa/intelFPGA_lite/18.1/nios2eds/bin/gnu/H-x86_64-pc-linux-gnu/bin/../lib/gcc/nios2-elf/5.3.0/../../../../../H-x86_64-pc-linux-gnu/nios2-elf/lib/mno-hw-mul/libsmallc.a(lib_a-memcmp.o)
 .debug_frame   0x00000000000006b4       0x20 /home/isa/intelFPGA_lite/18.1/nios2eds/bin/gnu/H-x86_64-pc-linux-gnu/bin/../lib/gcc/nios2-elf/5.3.0/../../../../../H-x86_64-pc-linux-gnu/nios2-elf/lib/mno-hw-mul/libsmallc.a(lib_a-strcmp.o)

.debug_str      0x0000000000000000     0x19bc
 *(.debug_str)
 .debug_str     0x0000000000000000      0x475 obj/default/hello_world_small.o
                                        0x4fd (size before relaxing)
 .debug_str     0x0000000000000475      0x188 /home/isa/intelFPGA_lite/18.1/nios2eds/bin/gnu/H-x86_64-pc-linux-gnu/bin/../lib/gcc/nios2-elf/5.3.0/mno-hw-mul/libgcc.a(lib2-divmod.o)
                                        0x1d3 (size before relaxing)
 .debug_str     0x00000000000005fd      0x103 /home/isa/intelFPGA_lite/18.1/nios2eds/bin/gnu/H-x86_64-pc-linux-gnu/bin/../lib/gcc/nios2-elf/5.3.0/mno-hw-mul/libgcc.a(addsf3.o)
                                        0x284 (size before relaxing)
 .debug_str     0x0000000000000700       0xd1 /home/isa/intelFPGA_lite/18.1/nios2eds/bin/gnu/H-x86_64-pc-linux-gnu/bin/../lib/gcc/nios2-elf/5.3.0/mno-hw-mul/libgcc.a(mulsf3.o)
                                        0x2a1 (size before relaxing)
 .debug_str     0x00000000000007d1       0x39 /home/isa/intelFPGA_lite/18.1/nios2eds/bin/gnu/H-x86_64-pc-linux-gnu/bin/../lib/gcc/nios2-elf/5.3.0/mno-hw-mul/libgcc.a(subsf3.o)
                                        0x284 (size before relaxing)
 .debug_str     0x000000000000080a       0x4e /home/isa/intelFPGA_lite/18.1/nios2eds/bin/gnu/H-x86_64-pc-linux-gnu/bin/../lib/gcc/nios2-elf/5.3.0/mno-hw-mul/libgcc.a(fixsfsi.o)
                                        0x21a (size before relaxing)
 .debug_str     0x0000000000000858       0x6c /home/isa/intelFPGA_lite/18.1/nios2eds/bin/gnu/H-x86_64-pc-linux-gnu/bin/../lib/gcc/nios2-elf/5.3.0/mno-hw-mul/libgcc.a(floatsisf.o)
                                        0x24f (size before relaxing)
 .debug_str     0x00000000000008c4       0x66 /home/isa/intelFPGA_lite/18.1/nios2eds/bin/gnu/H-x86_64-pc-linux-gnu/bin/../lib/gcc/nios2-elf/5.3.0/mno-hw-mul/libgcc.a(_clzsi2.o)
                                        0x201 (size before relaxing)
 .debug_str     0x000000000000092a       0x40 /home/isa/intelFPGA_lite/18.1/nios2eds/bin/gnu/H-x86_64-pc-linux-gnu/bin/../lib/gcc/nios2-elf/5.3.0/mno-hw-mul/libgcc.a(lib2-mul.o)
                                        0x194 (size before relaxing)
 .debug_str     0x000000000000096a      0x1e4 /home/isa/intelFPGA_lite/18.1/nios2eds/bin/gnu/H-x86_64-pc-linux-gnu/bin/../lib/gcc/nios2-elf/5.3.0/mno-hw-mul/libgcc.a(_clz.o)
 .debug_str     0x000000000000096a      0x134 /home/isa/intelFPGA_lite/18.1/nios2eds/bin/gnu/H-x86_64-pc-linux-gnu/bin/../lib/gcc/nios2-elf/5.3.0/../../../../../H-x86_64-pc-linux-gnu/nios2-elf/lib/mno-hw-mul/libsmallc.a(lib_a-strlen.o)
                                        0x1e6 (size before relaxing)
 .debug_str     0x0000000000000a9e       0xda ../reproductor_bsp//libhal_bsp.a(alt_irq_register.o)
                                        0x20b (size before relaxing)
 .debug_str     0x0000000000000b78       0x17 ../reproductor_bsp//libhal_bsp.a(alt_irq_vars.o)
                                        0x13d (size before relaxing)
 .debug_str     0x0000000000000b8f      0x113 ../reproductor_bsp//libhal_bsp.a(alt_load.o)
                                        0x23f (size before relaxing)
 .debug_str     0x0000000000000ca2       0x8a ../reproductor_bsp//libhal_bsp.a(alt_main.o)
                                        0x1e1 (size before relaxing)
 .debug_str     0x0000000000000d2c       0x59 ../reproductor_bsp//libhal_bsp.a(alt_printf.o)
                                        0x109 (size before relaxing)
 .debug_str     0x0000000000000d85       0x59 ../reproductor_bsp//libhal_bsp.a(alt_putchar.o)
                                        0x189 (size before relaxing)
 .debug_str     0x0000000000000dde      0x2e1 ../reproductor_bsp//libhal_bsp.a(alt_sys_init.o)
                                        0x4b9 (size before relaxing)
 .debug_str     0x00000000000010bf       0x2c ../reproductor_bsp//libhal_bsp.a(altera_avalon_jtag_uart_write.o)
                                        0x239 (size before relaxing)
 .debug_str     0x00000000000010eb       0xba ../reproductor_bsp//libhal_bsp.a(altera_up_avalon_video_character_buffer_with_dma.o)
                                        0x339 (size before relaxing)
 .debug_str     0x00000000000011a5       0x1f ../reproductor_bsp//libhal_bsp.a(alt_dcache_flush_all.o)
                                        0x158 (size before relaxing)
 .debug_str     0x00000000000011c4      0x12c ../reproductor_bsp//libhal_bsp.a(alt_dev.o)
                                        0x308 (size before relaxing)
 .debug_str     0x00000000000012f0       0x48 ../reproductor_bsp//libhal_bsp.a(alt_dev_llist_insert.o)
                                        0x1cf (size before relaxing)
 .debug_str     0x0000000000001338       0x14 ../reproductor_bsp//libhal_bsp.a(alt_errno.o)
                                        0x148 (size before relaxing)
 .debug_str     0x000000000000134c       0x1e ../reproductor_bsp//libhal_bsp.a(alt_find_dev.o)
                                        0x1fd (size before relaxing)
 .debug_str     0x000000000000136a       0x1f ../reproductor_bsp//libhal_bsp.a(alt_icache_flush_all.o)
                                        0x158 (size before relaxing)
 .debug_str     0x0000000000001389       0x3a ../reproductor_bsp//libhal_bsp.a(alt_irq_handler.o)
                                        0x1bb (size before relaxing)
 .debug_str     0x00000000000013c3       0x20 ../reproductor_bsp//libhal_bsp.a(altera_nios2_gen2_irq.o)
                                        0x188 (size before relaxing)
 .debug_str     0x00000000000013e3      0x48b ../reproductor_bsp//libhal_bsp.a(alt_instruction_exception_entry.o)
                                        0x5a3 (size before relaxing)
 .debug_str     0x000000000000186e       0xd4 /home/isa/intelFPGA_lite/18.1/nios2eds/bin/gnu/H-x86_64-pc-linux-gnu/bin/../lib/gcc/nios2-elf/5.3.0/../../../../../H-x86_64-pc-linux-gnu/nios2-elf/lib/mno-hw-mul/libsmallc.a(lib_a-int_errno.o)
                                        0x1d9 (size before relaxing)
 .debug_str     0x0000000000001942       0x3d /home/isa/intelFPGA_lite/18.1/nios2eds/bin/gnu/H-x86_64-pc-linux-gnu/bin/../lib/gcc/nios2-elf/5.3.0/../../../../../H-x86_64-pc-linux-gnu/nios2-elf/lib/mno-hw-mul/libsmallc.a(lib_a-memcmp.o)
                                        0x1e0 (size before relaxing)
 .debug_str     0x000000000000197f       0x3d /home/isa/intelFPGA_lite/18.1/nios2eds/bin/gnu/H-x86_64-pc-linux-gnu/bin/../lib/gcc/nios2-elf/5.3.0/../../../../../H-x86_64-pc-linux-gnu/nios2-elf/lib/mno-hw-mul/libsmallc.a(lib_a-strcmp.o)
                                        0x1d9 (size before relaxing)

.debug_loc      0x0000000000000000     0x33af
 *(.debug_loc)
 .debug_loc     0x0000000000000000      0x60a obj/default/hello_world_small.o
 .debug_loc     0x000000000000060a      0x4ce /home/isa/intelFPGA_lite/18.1/nios2eds/bin/gnu/H-x86_64-pc-linux-gnu/bin/../lib/gcc/nios2-elf/5.3.0/mno-hw-mul/libgcc.a(lib2-divmod.o)
 .debug_loc     0x0000000000000ad8      0xae0 /home/isa/intelFPGA_lite/18.1/nios2eds/bin/gnu/H-x86_64-pc-linux-gnu/bin/../lib/gcc/nios2-elf/5.3.0/mno-hw-mul/libgcc.a(addsf3.o)
 .debug_loc     0x00000000000015b8      0x733 /home/isa/intelFPGA_lite/18.1/nios2eds/bin/gnu/H-x86_64-pc-linux-gnu/bin/../lib/gcc/nios2-elf/5.3.0/mno-hw-mul/libgcc.a(mulsf3.o)
 .debug_loc     0x0000000000001ceb      0xaf4 /home/isa/intelFPGA_lite/18.1/nios2eds/bin/gnu/H-x86_64-pc-linux-gnu/bin/../lib/gcc/nios2-elf/5.3.0/mno-hw-mul/libgcc.a(subsf3.o)
 .debug_loc     0x00000000000027df       0xc3 /home/isa/intelFPGA_lite/18.1/nios2eds/bin/gnu/H-x86_64-pc-linux-gnu/bin/../lib/gcc/nios2-elf/5.3.0/mno-hw-mul/libgcc.a(fixsfsi.o)
 .debug_loc     0x00000000000028a2      0x187 /home/isa/intelFPGA_lite/18.1/nios2eds/bin/gnu/H-x86_64-pc-linux-gnu/bin/../lib/gcc/nios2-elf/5.3.0/mno-hw-mul/libgcc.a(floatsisf.o)
 .debug_loc     0x0000000000002a29       0x6b /home/isa/intelFPGA_lite/18.1/nios2eds/bin/gnu/H-x86_64-pc-linux-gnu/bin/../lib/gcc/nios2-elf/5.3.0/mno-hw-mul/libgcc.a(_clzsi2.o)
 .debug_loc     0x0000000000002a94       0x93 /home/isa/intelFPGA_lite/18.1/nios2eds/bin/gnu/H-x86_64-pc-linux-gnu/bin/../lib/gcc/nios2-elf/5.3.0/mno-hw-mul/libgcc.a(lib2-mul.o)
 .debug_loc     0x0000000000002b27       0x1e /home/isa/intelFPGA_lite/18.1/nios2eds/bin/gnu/H-x86_64-pc-linux-gnu/bin/../lib/gcc/nios2-elf/5.3.0/../../../../../H-x86_64-pc-linux-gnu/nios2-elf/lib/mno-hw-mul/libsmallc.a(lib_a-strlen.o)
 .debug_loc     0x0000000000002b45       0xfa ../reproductor_bsp//libhal_bsp.a(alt_irq_register.o)
 .debug_loc     0x0000000000002c3f      0x1de ../reproductor_bsp//libhal_bsp.a(alt_printf.o)
 .debug_loc     0x0000000000002e1d       0x2c ../reproductor_bsp//libhal_bsp.a(alt_putchar.o)
 .debug_loc     0x0000000000002e49       0x51 ../reproductor_bsp//libhal_bsp.a(alt_sys_init.o)
 .debug_loc     0x0000000000002e9a       0x8b ../reproductor_bsp//libhal_bsp.a(altera_avalon_jtag_uart_write.o)
 .debug_loc     0x0000000000002f25      0x1e7 ../reproductor_bsp//libhal_bsp.a(altera_up_avalon_video_character_buffer_with_dma.o)
 .debug_loc     0x000000000000310c       0x7e ../reproductor_bsp//libhal_bsp.a(alt_dev_llist_insert.o)
 .debug_loc     0x000000000000318a       0x7e ../reproductor_bsp//libhal_bsp.a(alt_find_dev.o)
 .debug_loc     0x0000000000003208       0x72 ../reproductor_bsp//libhal_bsp.a(alt_irq_handler.o)
 .debug_loc     0x000000000000327a       0x65 ../reproductor_bsp//libhal_bsp.a(alt_instruction_exception_entry.o)
 .debug_loc     0x00000000000032df       0x94 /home/isa/intelFPGA_lite/18.1/nios2eds/bin/gnu/H-x86_64-pc-linux-gnu/bin/../lib/gcc/nios2-elf/5.3.0/../../../../../H-x86_64-pc-linux-gnu/nios2-elf/lib/mno-hw-mul/libsmallc.a(lib_a-memcmp.o)
 .debug_loc     0x0000000000003373       0x3c /home/isa/intelFPGA_lite/18.1/nios2eds/bin/gnu/H-x86_64-pc-linux-gnu/bin/../lib/gcc/nios2-elf/5.3.0/../../../../../H-x86_64-pc-linux-gnu/nios2-elf/lib/mno-hw-mul/libsmallc.a(lib_a-strcmp.o)

.debug_macinfo
 *(.debug_macinfo)

.debug_weaknames
 *(.debug_weaknames)

.debug_funcnames
 *(.debug_funcnames)

.debug_typenames
 *(.debug_typenames)

.debug_varnames
 *(.debug_varnames)

.debug_alt_sim_info
                0x0000000000000000       0x10
 *(.debug_alt_sim_info)
 .debug_alt_sim_info
                0x0000000000000000       0x10 ../reproductor_bsp//obj/HAL/src/crt0.o
                0x0000000000040000                __alt_data_end = 0x40000
                0x0000000000040000                PROVIDE (__alt_stack_pointer, __alt_data_end)
                [!provide]                        PROVIDE (__alt_stack_limit, __alt_stack_base)
                [!provide]                        PROVIDE (__alt_heap_start, end)
                [!provide]                        PROVIDE (__alt_heap_limit, 0x40000)
OUTPUT(reproductor.elf elf32-littlenios2)

.debug_ranges   0x0000000000000000      0x680
 .debug_ranges  0x0000000000000000       0x20 ../reproductor_bsp//obj/HAL/src/crt0.o
 .debug_ranges  0x0000000000000020       0xb0 obj/default/hello_world_small.o
 .debug_ranges  0x00000000000000d0       0x60 /home/isa/intelFPGA_lite/18.1/nios2eds/bin/gnu/H-x86_64-pc-linux-gnu/bin/../lib/gcc/nios2-elf/5.3.0/mno-hw-mul/libgcc.a(lib2-divmod.o)
 .debug_ranges  0x0000000000000130      0x188 /home/isa/intelFPGA_lite/18.1/nios2eds/bin/gnu/H-x86_64-pc-linux-gnu/bin/../lib/gcc/nios2-elf/5.3.0/mno-hw-mul/libgcc.a(addsf3.o)
 .debug_ranges  0x00000000000002b8       0x68 /home/isa/intelFPGA_lite/18.1/nios2eds/bin/gnu/H-x86_64-pc-linux-gnu/bin/../lib/gcc/nios2-elf/5.3.0/mno-hw-mul/libgcc.a(mulsf3.o)
 .debug_ranges  0x0000000000000320      0x178 /home/isa/intelFPGA_lite/18.1/nios2eds/bin/gnu/H-x86_64-pc-linux-gnu/bin/../lib/gcc/nios2-elf/5.3.0/mno-hw-mul/libgcc.a(subsf3.o)
 .debug_ranges  0x0000000000000498       0x30 /home/isa/intelFPGA_lite/18.1/nios2eds/bin/gnu/H-x86_64-pc-linux-gnu/bin/../lib/gcc/nios2-elf/5.3.0/mno-hw-mul/libgcc.a(fixsfsi.o)
 .debug_ranges  0x00000000000004c8       0x38 /home/isa/intelFPGA_lite/18.1/nios2eds/bin/gnu/H-x86_64-pc-linux-gnu/bin/../lib/gcc/nios2-elf/5.3.0/mno-hw-mul/libgcc.a(floatsisf.o)
 .debug_ranges  0x0000000000000500       0x18 /home/isa/intelFPGA_lite/18.1/nios2eds/bin/gnu/H-x86_64-pc-linux-gnu/bin/../lib/gcc/nios2-elf/5.3.0/mno-hw-mul/libgcc.a(_clzsi2.o)
 .debug_ranges  0x0000000000000518       0x10 /home/isa/intelFPGA_lite/18.1/nios2eds/bin/gnu/H-x86_64-pc-linux-gnu/bin/../lib/gcc/nios2-elf/5.3.0/../../../../../H-x86_64-pc-linux-gnu/nios2-elf/lib/mno-hw-mul/libsmallc.a(lib_a-strlen.o)
 .debug_ranges  0x0000000000000528       0x48 ../reproductor_bsp//libhal_bsp.a(alt_load.o)
 .debug_ranges  0x0000000000000570       0x18 ../reproductor_bsp//libhal_bsp.a(alt_printf.o)
 .debug_ranges  0x0000000000000588       0x38 ../reproductor_bsp//libhal_bsp.a(alt_sys_init.o)
 .debug_ranges  0x00000000000005c0       0x20 ../reproductor_bsp//libhal_bsp.a(alt_dev_llist_insert.o)
 .debug_ranges  0x00000000000005e0       0x28 ../reproductor_bsp//libhal_bsp.a(alt_irq_entry.o)
 .debug_ranges  0x0000000000000608       0x10 ../reproductor_bsp//libhal_bsp.a(alt_irq_handler.o)
 .debug_ranges  0x0000000000000618       0x30 ../reproductor_bsp//libhal_bsp.a(alt_exception_entry.o)
 .debug_ranges  0x0000000000000648       0x18 ../reproductor_bsp//libhal_bsp.a(alt_instruction_exception_entry.o)
 .debug_ranges  0x0000000000000660       0x10 /home/isa/intelFPGA_lite/18.1/nios2eds/bin/gnu/H-x86_64-pc-linux-gnu/bin/../lib/gcc/nios2-elf/5.3.0/../../../../../H-x86_64-pc-linux-gnu/nios2-elf/lib/mno-hw-mul/libsmallc.a(lib_a-memcmp.o)
 .debug_ranges  0x0000000000000670       0x10 /home/isa/intelFPGA_lite/18.1/nios2eds/bin/gnu/H-x86_64-pc-linux-gnu/bin/../lib/gcc/nios2-elf/5.3.0/../../../../../H-x86_64-pc-linux-gnu/nios2-elf/lib/mno-hw-mul/libsmallc.a(lib_a-strcmp.o)
